Archive member included to satisfy reference by file (symbol)

D:/Application/stm32cubeclt/STM32CubeCLT_1.18.0/GNU-tools-for-STM32/bin/../lib/gcc/arm-none-eabi/13.3.1/../../../../arm-none-eabi/lib/thumb/v7-m/nofp\libg.a(libc_a-exit.o)
                              D:/Application/stm32cubeclt/STM32CubeCLT_1.18.0/GNU-tools-for-STM32/bin/../lib/gcc/arm-none-eabi/13.3.1/../../../../arm-none-eabi/lib/thumb/v7-m/nofp/crt0.o (exit)
D:/Application/stm32cubeclt/STM32CubeCLT_1.18.0/GNU-tools-for-STM32/bin/../lib/gcc/arm-none-eabi/13.3.1/../../../../arm-none-eabi/lib/thumb/v7-m/nofp\libg.a(libc_a-findfp.o)
                              D:/Application/stm32cubeclt/STM32CubeCLT_1.18.0/GNU-tools-for-STM32/bin/../lib/gcc/arm-none-eabi/13.3.1/../../../../arm-none-eabi/lib/thumb/v7-m/nofp\libg.a(libc_a-exit.o) (__stdio_exit_handler)
D:/Application/stm32cubeclt/STM32CubeCLT_1.18.0/GNU-tools-for-STM32/bin/../lib/gcc/arm-none-eabi/13.3.1/../../../../arm-none-eabi/lib/thumb/v7-m/nofp\libg.a(libc_a-fwalk.o)
                              D:/Application/stm32cubeclt/STM32CubeCLT_1.18.0/GNU-tools-for-STM32/bin/../lib/gcc/arm-none-eabi/13.3.1/../../../../arm-none-eabi/lib/thumb/v7-m/nofp\libg.a(libc_a-findfp.o) (_fwalk_sglue)
D:/Application/stm32cubeclt/STM32CubeCLT_1.18.0/GNU-tools-for-STM32/bin/../lib/gcc/arm-none-eabi/13.3.1/../../../../arm-none-eabi/lib/thumb/v7-m/nofp\libg.a(libc_a-stdio.o)
                              D:/Application/stm32cubeclt/STM32CubeCLT_1.18.0/GNU-tools-for-STM32/bin/../lib/gcc/arm-none-eabi/13.3.1/../../../../arm-none-eabi/lib/thumb/v7-m/nofp\libg.a(libc_a-findfp.o) (__sread)
D:/Application/stm32cubeclt/STM32CubeCLT_1.18.0/GNU-tools-for-STM32/bin/../lib/gcc/arm-none-eabi/13.3.1/../../../../arm-none-eabi/lib/thumb/v7-m/nofp\libg.a(libc_a-memset.o)
                              D:/Application/stm32cubeclt/STM32CubeCLT_1.18.0/GNU-tools-for-STM32/bin/../lib/gcc/arm-none-eabi/13.3.1/../../../../arm-none-eabi/lib/thumb/v7-m/nofp/crt0.o (memset)
D:/Application/stm32cubeclt/STM32CubeCLT_1.18.0/GNU-tools-for-STM32/bin/../lib/gcc/arm-none-eabi/13.3.1/../../../../arm-none-eabi/lib/thumb/v7-m/nofp\libg.a(libc_a-closer.o)
                              D:/Application/stm32cubeclt/STM32CubeCLT_1.18.0/GNU-tools-for-STM32/bin/../lib/gcc/arm-none-eabi/13.3.1/../../../../arm-none-eabi/lib/thumb/v7-m/nofp\libg.a(libc_a-stdio.o) (_close_r)
D:/Application/stm32cubeclt/STM32CubeCLT_1.18.0/GNU-tools-for-STM32/bin/../lib/gcc/arm-none-eabi/13.3.1/../../../../arm-none-eabi/lib/thumb/v7-m/nofp\libg.a(libc_a-reent.o)
                              D:/Application/stm32cubeclt/STM32CubeCLT_1.18.0/GNU-tools-for-STM32/bin/../lib/gcc/arm-none-eabi/13.3.1/../../../../arm-none-eabi/lib/thumb/v7-m/nofp\libg.a(libc_a-closer.o) (errno)
D:/Application/stm32cubeclt/STM32CubeCLT_1.18.0/GNU-tools-for-STM32/bin/../lib/gcc/arm-none-eabi/13.3.1/../../../../arm-none-eabi/lib/thumb/v7-m/nofp\libg.a(libc_a-impure.o)
                              D:/Application/stm32cubeclt/STM32CubeCLT_1.18.0/GNU-tools-for-STM32/bin/../lib/gcc/arm-none-eabi/13.3.1/../../../../arm-none-eabi/lib/thumb/v7-m/nofp\libg.a(libc_a-reent.o) (_impure_ptr)
D:/Application/stm32cubeclt/STM32CubeCLT_1.18.0/GNU-tools-for-STM32/bin/../lib/gcc/arm-none-eabi/13.3.1/../../../../arm-none-eabi/lib/thumb/v7-m/nofp\libg.a(libc_a-lseekr.o)
                              D:/Application/stm32cubeclt/STM32CubeCLT_1.18.0/GNU-tools-for-STM32/bin/../lib/gcc/arm-none-eabi/13.3.1/../../../../arm-none-eabi/lib/thumb/v7-m/nofp\libg.a(libc_a-stdio.o) (_lseek_r)
D:/Application/stm32cubeclt/STM32CubeCLT_1.18.0/GNU-tools-for-STM32/bin/../lib/gcc/arm-none-eabi/13.3.1/../../../../arm-none-eabi/lib/thumb/v7-m/nofp\libg.a(libc_a-readr.o)
                              D:/Application/stm32cubeclt/STM32CubeCLT_1.18.0/GNU-tools-for-STM32/bin/../lib/gcc/arm-none-eabi/13.3.1/../../../../arm-none-eabi/lib/thumb/v7-m/nofp\libg.a(libc_a-stdio.o) (_read_r)
D:/Application/stm32cubeclt/STM32CubeCLT_1.18.0/GNU-tools-for-STM32/bin/../lib/gcc/arm-none-eabi/13.3.1/../../../../arm-none-eabi/lib/thumb/v7-m/nofp\libg.a(libc_a-writer.o)
                              D:/Application/stm32cubeclt/STM32CubeCLT_1.18.0/GNU-tools-for-STM32/bin/../lib/gcc/arm-none-eabi/13.3.1/../../../../arm-none-eabi/lib/thumb/v7-m/nofp\libg.a(libc_a-stdio.o) (_write_r)
D:/Application/stm32cubeclt/STM32CubeCLT_1.18.0/GNU-tools-for-STM32/bin/../lib/gcc/arm-none-eabi/13.3.1/../../../../arm-none-eabi/lib/thumb/v7-m/nofp\libg.a(libc_a-errno.o)
                              CMakeFiles/DSB1.elf.dir/Core/Src/syscalls.c.obj (__errno)
D:/Application/stm32cubeclt/STM32CubeCLT_1.18.0/GNU-tools-for-STM32/bin/../lib/gcc/arm-none-eabi/13.3.1/../../../../arm-none-eabi/lib/thumb/v7-m/nofp\libg.a(libc_a-init.o)
                              D:/Application/stm32cubeclt/STM32CubeCLT_1.18.0/GNU-tools-for-STM32/bin/../lib/gcc/arm-none-eabi/13.3.1/../../../../arm-none-eabi/lib/thumb/v7-m/nofp/crt0.o (__libc_init_array)
[...]
Memory Configuration

Name             Origin             Length             Attributes
RAM              0x20000000         0x0000c000         xrw
FLASH            0x08000000         0x00040000         xr
*default*        0x00000000         0xffffffff

Linker script and memory map

LOAD D:/Application/stm32cubeclt/STM32CubeCLT_1.18.0/GNU-tools-for-STM32/bin/../lib/gcc/arm-none-eabi/13.3.1/thumb/v7-m/nofp/crti.o
LOAD D:/Application/stm32cubeclt/STM32CubeCLT_1.18.0/GNU-tools-for-STM32/bin/../lib/gcc/arm-none-eabi/13.3.1/thumb/v7-m/nofp/crtbegin.o
LOAD D:/Application/stm32cubeclt/STM32CubeCLT_1.18.0/GNU-tools-for-STM32/bin/../lib/gcc/arm-none-eabi/13.3.1/../../../../arm-none-eabi/lib/thumb/v7-m/nofp/crt0.o
LOAD CMakeFiles/DSB1.elf.dir/Core/Src/dma.c.obj
LOAD CMakeFiles/DSB1.elf.dir/Core/Src/gpio.c.obj
LOAD CMakeFiles/DSB1.elf.dir/Core/Src/main.c.obj
LOAD CMakeFiles/DSB1.elf.dir/Core/Src/motor/ax_encoder.c.obj
LOAD CMakeFiles/DSB1.elf.dir/Core/Src/motor/ax_motor.c.obj
LOAD CMakeFiles/DSB1.elf.dir/Core/Src/motor/motor_pid.c.obj
LOAD CMakeFiles/DSB1.elf.dir/Core/Src/motor_frame/uart2_motor_frame.c.obj
LOAD CMakeFiles/DSB1.elf.dir/Core/Src/speed_ramp/speed_ramp.c.obj
LOAD CMakeFiles/DSB1.elf.dir/Core/Src/stm32f1xx_hal_msp.c.obj
LOAD CMakeFiles/DSB1.elf.dir/Core/Src/stm32f1xx_it.c.obj
LOAD CMakeFiles/DSB1.elf.dir/Core/Src/syscalls.c.obj
LOAD CMakeFiles/DSB1.elf.dir/Core/Src/sysmem.c.obj
LOAD CMakeFiles/DSB1.elf.dir/Core/Src/system_stm32f1xx.c.obj
LOAD CMakeFiles/DSB1.elf.dir/Core/Src/tim.c.obj
LOAD CMakeFiles/DSB1.elf.dir/Core/Src/uart2_dma_tx/uart2_dma_tx.c.obj
LOAD CMakeFiles/DSB1.elf.dir/Core/Src/usart.c.obj
LOAD CMakeFiles/DSB1.elf.dir/Core/Startup/startup_stm32f103rctx.s.obj
LOAD CMakeFiles/DSB1.elf.dir/Drivers/STM32F1xx_HAL_Driver/Src/stm32f1xx_hal.c.obj
LOAD CMakeFiles/DSB1.elf.dir/Drivers/STM32F1xx_HAL_Driver/Src/stm32f1xx_hal_cortex.c.obj
LOAD CMakeFiles/DSB1.elf.dir/Drivers/STM32F1xx_HAL_Driver/Src/stm32f1xx_hal_dma.c.obj
LOAD CMakeFiles/DSB1.elf.dir/Drivers/STM32F1xx_HAL_Driver/Src/stm32f1xx_hal_exti.c.obj
LOAD CMakeFiles/DSB1.elf.dir/Drivers/STM32F1xx_HAL_Driver/Src/stm32f1xx_hal_flash.c.obj
LOAD CMakeFiles/DSB1.elf.dir/Drivers/STM32F1xx_HAL_Driver/Src/stm32f1xx_hal_flash_ex.c.obj
LOAD CMakeFiles/DSB1.elf.dir/Drivers/STM32F1xx_HAL_Driver/Src/stm32f1xx_hal_gpio.c.obj
LOAD CMakeFiles/DSB1.elf.dir/Drivers/STM32F1xx_HAL_Driver/Src/stm32f1xx_hal_gpio_ex.c.obj
LOAD CMakeFiles/DSB1.elf.dir/Drivers/STM32F1xx_HAL_Driver/Src/stm32f1xx_hal_pwr.c.obj
LOAD CMakeFiles/DSB1.elf.dir/Drivers/STM32F1xx_HAL_Driver/Src/stm32f1xx_hal_rcc.c.obj
LOAD CMakeFiles/DSB1.elf.dir/Drivers/STM32F1xx_HAL_Driver/Src/stm32f1xx_hal_rcc_ex.c.obj
LOAD CMakeFiles/DSB1.elf.dir/Drivers/STM32F1xx_HAL_Driver/Src/stm32f1xx_hal_tim.c.obj
LOAD CMakeFiles/DSB1.elf.dir/Drivers/STM32F1xx_HAL_Driver/Src/stm32f1xx_hal_tim_ex.c.obj
LOAD CMakeFiles/DSB1.elf.dir/Drivers/STM32F1xx_HAL_Driver/Src/stm32f1xx_hal_uart.c.obj
START GROUP
LOAD D:/Application/stm32cubeclt/STM32CubeCLT_1.18.0/GNU-tools-for-STM32/bin/../lib/gcc/arm-none-eabi/13.3.1/thumb/v7-m/nofp\libgcc.a
LOAD D:/Application/stm32cubeclt/STM32CubeCLT_1.18.0/GNU-tools-for-STM32/bin/../lib/gcc/arm-none-eabi/13.3.1/../../../../arm-none-eabi/lib/thumb/v7-m/nofp\libg.a
LOAD D:/Application/stm32cubeclt/STM32CubeCLT_1.18.0/GNU-tools-for-STM32/bin/../lib/gcc/arm-none-eabi/13.3.1/../../../../arm-none-eabi/lib/thumb/v7-m/nofp\libc.a
END GROUP
LOAD D:/Application/stm32cubeclt/STM32CubeCLT_1.18.0/GNU-tools-for-STM32/bin/../lib/gcc/arm-none-eabi/13.3.1/thumb/v7-m/nofp/crtend.o
LOAD D:/Application/stm32cubeclt/STM32CubeCLT_1.18.0/GNU-tools-for-STM32/bin/../lib/gcc/arm-none-eabi/13.3.1/thumb/v7-m/nofp/crtn.o
                0x2000c000                        _estack = (ORIGIN (RAM) + LENGTH (RAM))
                0x00000200                        _Min_Heap_Size = 0x200
                0x00000400                        _Min_Stack_Size = 0x400

.isr_vector     0x08000000      0x1e4
                0x08000000                        . = ALIGN (0x4)
 *(.isr_vector)
 .isr_vector    0x08000000      0x1e4 CMakeFiles/DSB1.elf.dir/Core/Startup/startup_stm32f103rctx.s.obj
                0x08000000                g_pfnVectors
                0x080001e4                        . = ALIGN (0x4)

.text           0x080001e4     0x3330
                0x080001e4                        . = ALIGN (0x4)
 *(.text)
 .text          0x080001e4       0x40 D:/Application/stm32cubeclt/STM32CubeCLT_1.18.0/GNU-tools-for-STM32/bin/../lib/gcc/arm-none-eabi/13.3.1/thumb/v7-m/nofp/crtbegin.o
 *(.text*)
 .text.MX_DMA_Init
                0x08000224       0x34 CMakeFiles/DSB1.elf.dir/Core/Src/dma.c.obj
                0x08000224                MX_DMA_Init
 .text.MX_GPIO_Init
                0x08000258       0xc8 CMakeFiles/DSB1.elf.dir/Core/Src/gpio.c.obj
                0x08000258                MX_GPIO_Init
 .text.Error_Handler
                0x08000320        0x4 CMakeFiles/DSB1.elf.dir/Core/Src/main.c.obj
                0x08000320                Error_Handler
 .text.SystemClock_Config
                0x08000324       0x64 CMakeFiles/DSB1.elf.dir/Core/Src/main.c.obj
                0x08000324                SystemClock_Config
 .text.main     0x08000388       0x88 CMakeFiles/DSB1.elf.dir/Core/Src/main.c.obj
                0x08000388                main
 .text.Encoder_Read
                0x08000410        0xc CMakeFiles/DSB1.elf.dir/Core/Src/motor/ax_encoder.c.obj
 .text.Encoder_Init
                0x0800041c       0x34 CMakeFiles/DSB1.elf.dir/Core/Src/motor/ax_encoder.c.obj
                0x0800041c                Encoder_Init
 .text.GetEncoder_A
                0x08000450       0x1c CMakeFiles/DSB1.elf.dir/Core/Src/motor/ax_encoder.c.obj
                0x08000450                GetEncoder_A
 .text.GetEncoder_B
                0x0800046c       0x1c CMakeFiles/DSB1.elf.dir/Core/Src/motor/ax_encoder.c.obj
                0x0800046c                GetEncoder_B
 .text.GetEncoder_C
                0x08000488       0x1c CMakeFiles/DSB1.elf.dir/Core/Src/motor/ax_encoder.c.obj
                0x08000488                GetEncoder_C
 .text.GetEncoder_D
                0x080004a4       0x1c CMakeFiles/DSB1.elf.dir/Core/Src/motor/ax_encoder.c.obj
                0x080004a4                GetEncoder_D
 .text.GetEncoder_Position
                0x080004c0       0x24 CMakeFiles/DSB1.elf.dir/Core/Src/motor/ax_encoder.c.obj
                0x080004c0                GetEncoder_Position
 .text.Encoder_ResetAll
                0x080004e4       0x18 CMakeFiles/DSB1.elf.dir/Core/Src/motor/ax_encoder.c.obj
                0x080004e4                Encoder_ResetAll
 .text.Set_Single_Motor
                0x080004fc       0xbc CMakeFiles/DSB1.elf.dir/Core/Src/motor/ax_motor.c.obj
 .text.Motor_Init
                0x080005b8       0x2c CMakeFiles/DSB1.elf.dir/Core/Src/motor/ax_motor.c.obj
                0x080005b8                Motor_Init
 .text.Motor_OutPut
                0x080005e4       0x2a CMakeFiles/DSB1.elf.dir/Core/Src/motor/ax_motor.c.obj
                0x080005e4                Motor_OutPut
 *fill*         0x0800060e        0x2 
 .text.PID_Control
                0x08000610       0x88 CMakeFiles/DSB1.elf.dir/Core/Src/motor/motor_pid.c.obj
 .text.PID_Init
                0x08000698       0x48 CMakeFiles/DSB1.elf.dir/Core/Src/motor/motor_pid.c.obj
                0x08000698                PID_Init
 .text.Update_Motors
                0x080006e0       0x58 CMakeFiles/DSB1.elf.dir/Core/Src/motor/motor_pid.c.obj
                0x080006e0                Update_Motors
 .text.Motor_Speed_PID_Control
                0x08000738       0x44 CMakeFiles/DSB1.elf.dir/Core/Src/motor/motor_pid.c.obj
                0x08000738                Motor_Speed_PID_Control
 .text.parseFrame
                0x0800077c       0x44 CMakeFiles/DSB1.elf.dir/Core/Src/motor_frame/uart2_motor_frame.c.obj
 .text.MotorFrame_UART2_Init
                0x080007c0       0x18 CMakeFiles/DSB1.elf.dir/Core/Src/motor_frame/uart2_motor_frame.c.obj
                0x080007c0                MotorFrame_UART2_Init
 .text.MotorFrame_UART2_RxCallback
                0x080007d8      0x108 CMakeFiles/DSB1.elf.dir/Core/Src/motor_frame/uart2_motor_frame.c.obj
                0x080007d8                MotorFrame_UART2_RxCallback
 .text.SpeedRamp_Update
                0x080008e0       0x7c CMakeFiles/DSB1.elf.dir/Core/Src/speed_ramp/speed_ramp.c.obj
                0x080008e0                SpeedRamp_Update
 .text.HAL_MspInit
                0x0800095c       0x44 CMakeFiles/DSB1.elf.dir/Core/Src/stm32f1xx_hal_msp.c.obj
                0x0800095c                HAL_MspInit
 .text.NMI_Handler
                0x080009a0        0x2 CMakeFiles/DSB1.elf.dir/Core/Src/stm32f1xx_it.c.obj
                0x080009a0                NMI_Handler
 .text.HardFault_Handler
                0x080009a2        0x2 CMakeFiles/DSB1.elf.dir/Core/Src/stm32f1xx_it.c.obj
                0x080009a2                HardFault_Handler
 .text.MemManage_Handler
                0x080009a4        0x2 CMakeFiles/DSB1.elf.dir/Core/Src/stm32f1xx_it.c.obj
                0x080009a4                MemManage_Handler
 .text.BusFault_Handler
                0x080009a6        0x2 CMakeFiles/DSB1.elf.dir/Core/Src/stm32f1xx_it.c.obj
                0x080009a6                BusFault_Handler
 .text.UsageFault_Handler
                0x080009a8        0x2 CMakeFiles/DSB1.elf.dir/Core/Src/stm32f1xx_it.c.obj
                0x080009a8                UsageFault_Handler
 .text.SVC_Handler
                0x080009aa        0x2 CMakeFiles/DSB1.elf.dir/Core/Src/stm32f1xx_it.c.obj
                0x080009aa                SVC_Handler
 .text.DebugMon_Handler
                0x080009ac        0x2 CMakeFiles/DSB1.elf.dir/Core/Src/stm32f1xx_it.c.obj
                0x080009ac                DebugMon_Handler
 .text.PendSV_Handler
                0x080009ae        0x2 CMakeFiles/DSB1.elf.dir/Core/Src/stm32f1xx_it.c.obj
                0x080009ae                PendSV_Handler
 .text.SysTick_Handler
                0x080009b0        0x8 CMakeFiles/DSB1.elf.dir/Core/Src/stm32f1xx_it.c.obj
                0x080009b0                SysTick_Handler
 .text.DMA1_Channel7_IRQHandler
                0x080009b8       0x10 CMakeFiles/DSB1.elf.dir/Core/Src/stm32f1xx_it.c.obj
                0x080009b8                DMA1_Channel7_IRQHandler
 .text.USART2_IRQHandler
                0x080009c8       0x10 CMakeFiles/DSB1.elf.dir/Core/Src/stm32f1xx_it.c.obj
                0x080009c8                USART2_IRQHandler
 .text.TIM8_UP_IRQHandler
                0x080009d8       0x14 CMakeFiles/DSB1.elf.dir/Core/Src/stm32f1xx_it.c.obj
                0x080009d8                TIM8_UP_IRQHandler
 .text.TIM6_IRQHandler
                0x080009ec       0x28 CMakeFiles/DSB1.elf.dir/Core/Src/stm32f1xx_it.c.obj
                0x080009ec                TIM6_IRQHandler
 .text.TIM7_IRQHandler
                0x08000a14       0x14 CMakeFiles/DSB1.elf.dir/Core/Src/stm32f1xx_it.c.obj
                0x08000a14                TIM7_IRQHandler
 .text.HAL_UART_RxCpltCallback
                0x08000a28       0x18 CMakeFiles/DSB1.elf.dir/Core/Src/stm32f1xx_it.c.obj
                0x08000a28                HAL_UART_RxCpltCallback
 .text.SystemInit
                0x08000a40        0x2 CMakeFiles/DSB1.elf.dir/Core/Src/system_stm32f1xx.c.obj
                0x08000a40                SystemInit
 *fill*         0x08000a42        0x2 
 .text.MX_TIM2_Init
                0x08000a44       0x64 CMakeFiles/DSB1.elf.dir/Core/Src/tim.c.obj
                0x08000a44                MX_TIM2_Init
 .text.MX_TIM3_Init
                0x08000aa8       0x64 CMakeFiles/DSB1.elf.dir/Core/Src/tim.c.obj
                0x08000aa8                MX_TIM3_Init
 .text.MX_TIM4_Init
                0x08000b0c       0x64 CMakeFiles/DSB1.elf.dir/Core/Src/tim.c.obj
                0x08000b0c                MX_TIM4_Init
 .text.MX_TIM5_Init
                0x08000b70       0x64 CMakeFiles/DSB1.elf.dir/Core/Src/tim.c.obj
                0x08000b70                MX_TIM5_Init
 .text.MX_TIM6_Init
                0x08000bd4       0x50 CMakeFiles/DSB1.elf.dir/Core/Src/tim.c.obj
                0x08000bd4                MX_TIM6_Init
 .text.MX_TIM7_Init
                0x08000c24       0x50 CMakeFiles/DSB1.elf.dir/Core/Src/tim.c.obj
                0x08000c24                MX_TIM7_Init
 .text.MX_TIM8_Init
                0x08000c74       0x74 CMakeFiles/DSB1.elf.dir/Core/Src/tim.c.obj
                0x08000c74                MX_TIM8_Init
 .text.HAL_TIM_PWM_MspInit
                0x08000ce8       0x2c CMakeFiles/DSB1.elf.dir/Core/Src/tim.c.obj
                0x08000ce8                HAL_TIM_PWM_MspInit
 .text.HAL_TIM_Encoder_MspInit
                0x08000d14      0x154 CMakeFiles/DSB1.elf.dir/Core/Src/tim.c.obj
                0x08000d14                HAL_TIM_Encoder_MspInit
 .text.HAL_TIM_Base_MspInit
                0x08000e68       0xa0 CMakeFiles/DSB1.elf.dir/Core/Src/tim.c.obj
                0x08000e68                HAL_TIM_Base_MspInit
 .text.HAL_TIM_MspPostInit
                0x08000f08       0x50 CMakeFiles/DSB1.elf.dir/Core/Src/tim.c.obj
                0x08000f08                HAL_TIM_MspPostInit
 .text.MX_TIM1_Init
                0x08000f58       0xf0 CMakeFiles/DSB1.elf.dir/Core/Src/tim.c.obj
                0x08000f58                MX_TIM1_Init
 .text.PreparePacket
                0x08001048       0x58 CMakeFiles/DSB1.elf.dir/Core/Src/uart2_dma_tx/uart2_dma_tx.c.obj
 .text.Uart2DmaSendPacket
                0x080010a0       0x30 CMakeFiles/DSB1.elf.dir/Core/Src/uart2_dma_tx/uart2_dma_tx.c.obj
                0x080010a0                Uart2DmaSendPacket
 .text.HAL_UART_TxCpltCallback
                0x080010d0       0x1c CMakeFiles/DSB1.elf.dir/Core/Src/uart2_dma_tx/uart2_dma_tx.c.obj
                0x080010d0                HAL_UART_TxCpltCallback
 .text.HAL_UART_ErrorCallback
                0x080010ec       0x1c CMakeFiles/DSB1.elf.dir/Core/Src/uart2_dma_tx/uart2_dma_tx.c.obj
                0x080010ec                HAL_UART_ErrorCallback
 .text.MX_USART2_UART_Init
                0x08001108       0x34 CMakeFiles/DSB1.elf.dir/Core/Src/usart.c.obj
                0x08001108                MX_USART2_UART_Init
 .text.HAL_UART_MspInit
                0x0800113c       0xbc CMakeFiles/DSB1.elf.dir/Core/Src/usart.c.obj
                0x0800113c                HAL_UART_MspInit
 .text.Reset_Handler
                0x080011f8       0x48 CMakeFiles/DSB1.elf.dir/Core/Startup/startup_stm32f103rctx.s.obj
                0x080011f8                Reset_Handler
 .text.Default_Handler
                0x08001240        0x2 CMakeFiles/DSB1.elf.dir/Core/Startup/startup_stm32f103rctx.s.obj
                0x08001240                RTC_Alarm_IRQHandler
                0x08001240                EXTI2_IRQHandler
                0x08001240                TIM8_TRG_COM_IRQHandler
                0x08001240                TIM8_CC_IRQHandler
                0x08001240                TIM1_CC_IRQHandler
                0x08001240                PVD_IRQHandler
                0x08001240                SDIO_IRQHandler
                0x08001240                EXTI3_IRQHandler
                0x08001240                EXTI0_IRQHandler
                0x08001240                I2C2_EV_IRQHandler
                0x08001240                ADC1_2_IRQHandler
                0x08001240                SPI1_IRQHandler
                0x08001240                TAMPER_IRQHandler
                0x08001240                DMA2_Channel2_IRQHandler
                0x08001240                DMA1_Channel4_IRQHandler
                0x08001240                USART3_IRQHandler
                0x08001240                RTC_IRQHandler
                0x08001240                CAN1_RX1_IRQHandler
                0x08001240                UART5_IRQHandler
                0x08001240                ADC3_IRQHandler
                0x08001240                TIM4_IRQHandler
                0x08001240                DMA2_Channel1_IRQHandler
                0x08001240                I2C1_EV_IRQHandler
                0x08001240                DMA1_Channel6_IRQHandler
                0x08001240                UART4_IRQHandler
                0x08001240                TIM3_IRQHandler
                0x08001240                RCC_IRQHandler
                0x08001240                TIM1_TRG_COM_IRQHandler
                0x08001240                DMA1_Channel1_IRQHandler
                0x08001240                Default_Handler
                0x08001240                EXTI15_10_IRQHandler
                0x08001240                TIM5_IRQHandler
                0x08001240                EXTI9_5_IRQHandler
                0x08001240                SPI2_IRQHandler
                0x08001240                DMA1_Channel5_IRQHandler
                0x08001240                EXTI4_IRQHandler
                0x08001240                USB_LP_CAN1_RX0_IRQHandler
                0x08001240                USB_HP_CAN1_TX_IRQHandler
                0x08001240                DMA1_Channel3_IRQHandler
                0x08001240                FSMC_IRQHandler
                0x08001240                TIM1_UP_IRQHandler
                0x08001240                WWDG_IRQHandler
                0x08001240                TIM2_IRQHandler
                0x08001240                TIM1_BRK_IRQHandler
                0x08001240                EXTI1_IRQHandler
                0x08001240                DMA2_Channel4_5_IRQHandler
                0x08001240                I2C2_ER_IRQHandler
                0x08001240                DMA1_Channel2_IRQHandler
                0x08001240                TIM8_BRK_IRQHandler
                0x08001240                CAN1_SCE_IRQHandler
                0x08001240                FLASH_IRQHandler
                0x08001240                USART1_IRQHandler
                0x08001240                SPI3_IRQHandler
                0x08001240                I2C1_ER_IRQHandler
                0x08001240                USBWakeUp_IRQHandler
                0x08001240                DMA2_Channel3_IRQHandler
 *fill*         0x08001242        0x2 
 .text.HAL_InitTick
                0x08001244       0x4c CMakeFiles/DSB1.elf.dir/Drivers/STM32F1xx_HAL_Driver/Src/stm32f1xx_hal.c.obj
                0x08001244                HAL_InitTick
 .text.HAL_Init
                0x08001290       0x24 CMakeFiles/DSB1.elf.dir/Drivers/STM32F1xx_HAL_Driver/Src/stm32f1xx_hal.c.obj
                0x08001290                HAL_Init
 .text.HAL_IncTick
                0x080012b4       0x18 CMakeFiles/DSB1.elf.dir/Drivers/STM32F1xx_HAL_Driver/Src/stm32f1xx_hal.c.obj
                0x080012b4                HAL_IncTick
 .text.HAL_GetTick
                0x080012cc        0xc CMakeFiles/DSB1.elf.dir/Drivers/STM32F1xx_HAL_Driver/Src/stm32f1xx_hal.c.obj
                0x080012cc                HAL_GetTick
 .text.HAL_Delay
                0x080012d8       0x28 CMakeFiles/DSB1.elf.dir/Drivers/STM32F1xx_HAL_Driver/Src/stm32f1xx_hal.c.obj
                0x080012d8                HAL_Delay
 .text.__NVIC_SetPriority
                0x08001300       0x28 CMakeFiles/DSB1.elf.dir/Drivers/STM32F1xx_HAL_Driver/Src/stm32f1xx_hal_cortex.c.obj
 .text.NVIC_EncodePriority
                0x08001328       0x3e CMakeFiles/DSB1.elf.dir/Drivers/STM32F1xx_HAL_Driver/Src/stm32f1xx_hal_cortex.c.obj
 *fill*         0x08001366        0x2 
 .text.HAL_NVIC_SetPriorityGrouping
                0x08001368       0x24 CMakeFiles/DSB1.elf.dir/Drivers/STM32F1xx_HAL_Driver/Src/stm32f1xx_hal_cortex.c.obj
                0x08001368                HAL_NVIC_SetPriorityGrouping
 .text.HAL_NVIC_SetPriority
                0x0800138c       0x20 CMakeFiles/DSB1.elf.dir/Drivers/STM32F1xx_HAL_Driver/Src/stm32f1xx_hal_cortex.c.obj
                0x0800138c                HAL_NVIC_SetPriority
 .text.HAL_NVIC_EnableIRQ
                0x080013ac       0x1c CMakeFiles/DSB1.elf.dir/Drivers/STM32F1xx_HAL_Driver/Src/stm32f1xx_hal_cortex.c.obj
                0x080013ac                HAL_NVIC_EnableIRQ
 .text.HAL_SYSTICK_Config
                0x080013c8       0x28 CMakeFiles/DSB1.elf.dir/Drivers/STM32F1xx_HAL_Driver/Src/stm32f1xx_hal_cortex.c.obj
                0x080013c8                HAL_SYSTICK_Config
 .text.DMA_SetConfig
                0x080013f0       0x2c CMakeFiles/DSB1.elf.dir/Drivers/STM32F1xx_HAL_Driver/Src/stm32f1xx_hal_dma.c.obj
 .text.HAL_DMA_Init
                0x0800141c       0x94 CMakeFiles/DSB1.elf.dir/Drivers/STM32F1xx_HAL_Driver/Src/stm32f1xx_hal_dma.c.obj
                0x0800141c                HAL_DMA_Init
 .text.HAL_DMA_Start_IT
                0x080014b0       0x76 CMakeFiles/DSB1.elf.dir/Drivers/STM32F1xx_HAL_Driver/Src/stm32f1xx_hal_dma.c.obj
                0x080014b0                HAL_DMA_Start_IT
 .text.HAL_DMA_Abort
                0x08001526       0x46 CMakeFiles/DSB1.elf.dir/Drivers/STM32F1xx_HAL_Driver/Src/stm32f1xx_hal_dma.c.obj
                0x08001526                HAL_DMA_Abort
 .text.HAL_DMA_Abort_IT
                0x0800156c      0x16c CMakeFiles/DSB1.elf.dir/Drivers/STM32F1xx_HAL_Driver/Src/stm32f1xx_hal_dma.c.obj
                0x0800156c                HAL_DMA_Abort_IT
 .text.HAL_DMA_IRQHandler
                0x080016d8      0x2ec CMakeFiles/DSB1.elf.dir/Drivers/STM32F1xx_HAL_Driver/Src/stm32f1xx_hal_dma.c.obj
                0x080016d8                HAL_DMA_IRQHandler
 .text.HAL_GPIO_Init
                0x080019c4      0x238 CMakeFiles/DSB1.elf.dir/Drivers/STM32F1xx_HAL_Driver/Src/stm32f1xx_hal_gpio.c.obj
                0x080019c4                HAL_GPIO_Init
 .text.HAL_GPIO_WritePin
                0x08001bfc        0xc CMakeFiles/DSB1.elf.dir/Drivers/STM32F1xx_HAL_Driver/Src/stm32f1xx_hal_gpio.c.obj
                0x08001bfc                HAL_GPIO_WritePin
 .text.RCC_Delay
                0x08001c08       0x2c CMakeFiles/DSB1.elf.dir/Drivers/STM32F1xx_HAL_Driver/Src/stm32f1xx_hal_rcc.c.obj
 .text.HAL_RCC_OscConfig
                0x08001c34      0x410 CMakeFiles/DSB1.elf.dir/Drivers/STM32F1xx_HAL_Driver/Src/stm32f1xx_hal_rcc.c.obj
                0x08001c34                HAL_RCC_OscConfig
 .text.HAL_RCC_GetSysClockFreq
                0x08002044       0x54 CMakeFiles/DSB1.elf.dir/Drivers/STM32F1xx_HAL_Driver/Src/stm32f1xx_hal_rcc.c.obj
                0x08002044                HAL_RCC_GetSysClockFreq
 .text.HAL_RCC_ClockConfig
                0x08002098      0x16c CMakeFiles/DSB1.elf.dir/Drivers/STM32F1xx_HAL_Driver/Src/stm32f1xx_hal_rcc.c.obj
                0x08002098                HAL_RCC_ClockConfig
 .text.HAL_RCC_GetHCLKFreq
                0x08002204        0xc CMakeFiles/DSB1.elf.dir/Drivers/STM32F1xx_HAL_Driver/Src/stm32f1xx_hal_rcc.c.obj
                0x08002204                HAL_RCC_GetHCLKFreq
 .text.HAL_RCC_GetPCLK1Freq
                0x08002210       0x20 CMakeFiles/DSB1.elf.dir/Drivers/STM32F1xx_HAL_Driver/Src/stm32f1xx_hal_rcc.c.obj
                0x08002210                HAL_RCC_GetPCLK1Freq
 .text.HAL_RCC_GetPCLK2Freq
                0x08002230       0x20 CMakeFiles/DSB1.elf.dir/Drivers/STM32F1xx_HAL_Driver/Src/stm32f1xx_hal_rcc.c.obj
                0x08002230                HAL_RCC_GetPCLK2Freq
 .text.TIM_OC1_SetConfig
                0x08002250       0x70 CMakeFiles/DSB1.elf.dir/Drivers/STM32F1xx_HAL_Driver/Src/stm32f1xx_hal_tim.c.obj
 .text.TIM_OC3_SetConfig
                0x080022c0       0x70 CMakeFiles/DSB1.elf.dir/Drivers/STM32F1xx_HAL_Driver/Src/stm32f1xx_hal_tim.c.obj
 .text.TIM_OC4_SetConfig
                0x08002330       0x50 CMakeFiles/DSB1.elf.dir/Drivers/STM32F1xx_HAL_Driver/Src/stm32f1xx_hal_tim.c.obj
 .text.TIM_TI1_ConfigInputStage
                0x08002380       0x24 CMakeFiles/DSB1.elf.dir/Drivers/STM32F1xx_HAL_Driver/Src/stm32f1xx_hal_tim.c.obj
 .text.TIM_TI2_ConfigInputStage
                0x080023a4       0x26 CMakeFiles/DSB1.elf.dir/Drivers/STM32F1xx_HAL_Driver/Src/stm32f1xx_hal_tim.c.obj
 .text.TIM_ITRx_SetConfig
                0x080023ca       0x10 CMakeFiles/DSB1.elf.dir/Drivers/STM32F1xx_HAL_Driver/Src/stm32f1xx_hal_tim.c.obj
 *fill*         0x080023da        0x2 
 .text.HAL_TIM_Base_Start_IT
                0x080023dc       0x78 CMakeFiles/DSB1.elf.dir/Drivers/STM32F1xx_HAL_Driver/Src/stm32f1xx_hal_tim.c.obj
                0x080023dc                HAL_TIM_Base_Start_IT
 .text.HAL_TIM_PeriodElapsedCallback
                0x08002454        0x2 CMakeFiles/DSB1.elf.dir/Drivers/STM32F1xx_HAL_Driver/Src/stm32f1xx_hal_tim.c.obj
                0x08002454                HAL_TIM_PeriodElapsedCallback
 .text.HAL_TIM_OC_DelayElapsedCallback
                0x08002456        0x2 CMakeFiles/DSB1.elf.dir/Drivers/STM32F1xx_HAL_Driver/Src/stm32f1xx_hal_tim.c.obj
                0x08002456                HAL_TIM_OC_DelayElapsedCallback
 .text.HAL_TIM_IC_CaptureCallback
                0x08002458        0x2 CMakeFiles/DSB1.elf.dir/Drivers/STM32F1xx_HAL_Driver/Src/stm32f1xx_hal_tim.c.obj
                0x08002458                HAL_TIM_IC_CaptureCallback
 .text.HAL_TIM_PWM_PulseFinishedCallback
                0x0800245a        0x2 CMakeFiles/DSB1.elf.dir/Drivers/STM32F1xx_HAL_Driver/Src/stm32f1xx_hal_tim.c.obj
                0x0800245a                HAL_TIM_PWM_PulseFinishedCallback
 .text.HAL_TIM_TriggerCallback
                0x0800245c        0x2 CMakeFiles/DSB1.elf.dir/Drivers/STM32F1xx_HAL_Driver/Src/stm32f1xx_hal_tim.c.obj
                0x0800245c                HAL_TIM_TriggerCallback
 .text.HAL_TIM_IRQHandler
                0x0800245e      0x15e CMakeFiles/DSB1.elf.dir/Drivers/STM32F1xx_HAL_Driver/Src/stm32f1xx_hal_tim.c.obj
                0x0800245e                HAL_TIM_IRQHandler
 .text.TIM_Base_SetConfig
                0x080025bc       0xa8 CMakeFiles/DSB1.elf.dir/Drivers/STM32F1xx_HAL_Driver/Src/stm32f1xx_hal_tim.c.obj
                0x080025bc                TIM_Base_SetConfig
 .text.HAL_TIM_Base_Init
                0x08002664       0x58 CMakeFiles/DSB1.elf.dir/Drivers/STM32F1xx_HAL_Driver/Src/stm32f1xx_hal_tim.c.obj
                0x08002664                HAL_TIM_Base_Init
 .text.HAL_TIM_PWM_Init
                0x080026bc       0x58 CMakeFiles/DSB1.elf.dir/Drivers/STM32F1xx_HAL_Driver/Src/stm32f1xx_hal_tim.c.obj
                0x080026bc                HAL_TIM_PWM_Init
 .text.HAL_TIM_Encoder_Init
                0x08002714       0xb6 CMakeFiles/DSB1.elf.dir/Drivers/STM32F1xx_HAL_Driver/Src/stm32f1xx_hal_tim.c.obj
                0x08002714                HAL_TIM_Encoder_Init
 *fill*         0x080027ca        0x2 
 .text.TIM_OC2_SetConfig
                0x080027cc       0x70 CMakeFiles/DSB1.elf.dir/Drivers/STM32F1xx_HAL_Driver/Src/stm32f1xx_hal_tim.c.obj
                0x080027cc                TIM_OC2_SetConfig
 .text.HAL_TIM_PWM_ConfigChannel
                0x0800283c       0xdc CMakeFiles/DSB1.elf.dir/Drivers/STM32F1xx_HAL_Driver/Src/stm32f1xx_hal_tim.c.obj
                0x0800283c                HAL_TIM_PWM_ConfigChannel
 .text.TIM_ETR_SetConfig
                0x08002918       0x18 CMakeFiles/DSB1.elf.dir/Drivers/STM32F1xx_HAL_Driver/Src/stm32f1xx_hal_tim.c.obj
                0x08002918                TIM_ETR_SetConfig
 .text.HAL_TIM_ConfigClockSource
                0x08002930       0xfe CMakeFiles/DSB1.elf.dir/Drivers/STM32F1xx_HAL_Driver/Src/stm32f1xx_hal_tim.c.obj
                0x08002930                HAL_TIM_ConfigClockSource
 .text.TIM_CCxChannelCmd
                0x08002a2e       0x1e CMakeFiles/DSB1.elf.dir/Drivers/STM32F1xx_HAL_Driver/Src/stm32f1xx_hal_tim.c.obj
                0x08002a2e                TIM_CCxChannelCmd
 .text.HAL_TIM_PWM_Start
                0x08002a4c       0xf4 CMakeFiles/DSB1.elf.dir/Drivers/STM32F1xx_HAL_Driver/Src/stm32f1xx_hal_tim.c.obj
                0x08002a4c                HAL_TIM_PWM_Start
 .text.HAL_TIM_Encoder_Start
                0x08002b40       0xcc CMakeFiles/DSB1.elf.dir/Drivers/STM32F1xx_HAL_Driver/Src/stm32f1xx_hal_tim.c.obj
                0x08002b40                HAL_TIM_Encoder_Start
 .text.HAL_TIMEx_MasterConfigSynchronization
                0x08002c0c       0x7c CMakeFiles/DSB1.elf.dir/Drivers/STM32F1xx_HAL_Driver/Src/stm32f1xx_hal_tim_ex.c.obj
                0x08002c0c                HAL_TIMEx_MasterConfigSynchronization
 .text.HAL_TIMEx_ConfigBreakDeadTime
                0x08002c88       0x52 CMakeFiles/DSB1.elf.dir/Drivers/STM32F1xx_HAL_Driver/Src/stm32f1xx_hal_tim_ex.c.obj
                0x08002c88                HAL_TIMEx_ConfigBreakDeadTime
 .text.HAL_TIMEx_CommutCallback
                0x08002cda        0x2 CMakeFiles/DSB1.elf.dir/Drivers/STM32F1xx_HAL_Driver/Src/stm32f1xx_hal_tim_ex.c.obj
                0x08002cda                HAL_TIMEx_CommutCallback
 .text.HAL_TIMEx_BreakCallback
                0x08002cdc        0x2 CMakeFiles/DSB1.elf.dir/Drivers/STM32F1xx_HAL_Driver/Src/stm32f1xx_hal_tim_ex.c.obj
                0x08002cdc                HAL_TIMEx_BreakCallback
 .text.UART_EndTxTransfer
                0x08002cde       0x20 CMakeFiles/DSB1.elf.dir/Drivers/STM32F1xx_HAL_Driver/Src/stm32f1xx_hal_uart.c.obj
 .text.UART_EndRxTransfer
                0x08002cfe       0x5c CMakeFiles/DSB1.elf.dir/Drivers/STM32F1xx_HAL_Driver/Src/stm32f1xx_hal_uart.c.obj
 .text.UART_Transmit_IT
                0x08002d5a       0x60 CMakeFiles/DSB1.elf.dir/Drivers/STM32F1xx_HAL_Driver/Src/stm32f1xx_hal_uart.c.obj
 *fill*         0x08002dba        0x2 
 .text.UART_SetConfig
                0x08002dbc       0x94 CMakeFiles/DSB1.elf.dir/Drivers/STM32F1xx_HAL_Driver/Src/stm32f1xx_hal_uart.c.obj
 .text.HAL_UART_Init
                0x08002e50       0x60 CMakeFiles/DSB1.elf.dir/Drivers/STM32F1xx_HAL_Driver/Src/stm32f1xx_hal_uart.c.obj
                0x08002e50                HAL_UART_Init
 .text.HAL_UART_Transmit_DMA
                0x08002eb0       0x84 CMakeFiles/DSB1.elf.dir/Drivers/STM32F1xx_HAL_Driver/Src/stm32f1xx_hal_uart.c.obj
                0x08002eb0                HAL_UART_Transmit_DMA
 .text.UART_DMATransmitCplt
                0x08002f34       0x4c CMakeFiles/DSB1.elf.dir/Drivers/STM32F1xx_HAL_Driver/Src/stm32f1xx_hal_uart.c.obj
 .text.UART_EndTransmit_IT
                0x08002f80       0x1a CMakeFiles/DSB1.elf.dir/Drivers/STM32F1xx_HAL_Driver/Src/stm32f1xx_hal_uart.c.obj
 .text.HAL_UART_TxHalfCpltCallback
                0x08002f9a        0x2 CMakeFiles/DSB1.elf.dir/Drivers/STM32F1xx_HAL_Driver/Src/stm32f1xx_hal_uart.c.obj
                0x08002f9a                HAL_UART_TxHalfCpltCallback
 .text.UART_DMATxHalfCplt
                0x08002f9c        0xa CMakeFiles/DSB1.elf.dir/Drivers/STM32F1xx_HAL_Driver/Src/stm32f1xx_hal_uart.c.obj
 .text.UART_DMAError
                0x08002fa6       0x58 CMakeFiles/DSB1.elf.dir/Drivers/STM32F1xx_HAL_Driver/Src/stm32f1xx_hal_uart.c.obj
 .text.UART_DMAAbortOnError
                0x08002ffe       0x10 CMakeFiles/DSB1.elf.dir/Drivers/STM32F1xx_HAL_Driver/Src/stm32f1xx_hal_uart.c.obj
 .text.HAL_UARTEx_RxEventCallback
                0x0800300e        0x2 CMakeFiles/DSB1.elf.dir/Drivers/STM32F1xx_HAL_Driver/Src/stm32f1xx_hal_uart.c.obj
                0x0800300e                HAL_UARTEx_RxEventCallback
 .text.UART_Receive_IT
                0x08003010       0xe6 CMakeFiles/DSB1.elf.dir/Drivers/STM32F1xx_HAL_Driver/Src/stm32f1xx_hal_uart.c.obj
 *fill*         0x080030f6        0x2 
 .text.HAL_UART_IRQHandler
                0x080030f8      0x284 CMakeFiles/DSB1.elf.dir/Drivers/STM32F1xx_HAL_Driver/Src/stm32f1xx_hal_uart.c.obj
                0x080030f8                HAL_UART_IRQHandler
 .text.UART_Start_Receive_IT
                0x0800337c       0x36 CMakeFiles/DSB1.elf.dir/Drivers/STM32F1xx_HAL_Driver/Src/stm32f1xx_hal_uart.c.obj
                0x0800337c                UART_Start_Receive_IT
 .text.HAL_UART_Receive_IT
                0x080033b2       0x26 CMakeFiles/DSB1.elf.dir/Drivers/STM32F1xx_HAL_Driver/Src/stm32f1xx_hal_uart.c.obj
                0x080033b2                HAL_UART_Receive_IT
 .text.memset   0x080033d8       0x10 D:/Application/stm32cubeclt/STM32CubeCLT_1.18.0/GNU-tools-for-STM32/bin/../lib/gcc/arm-none-eabi/13.3.1/../../../../arm-none-eabi/lib/thumb/v7-m/nofp\libg.a(libc_a-memset.o)
                0x080033d8                memset
 .text.__libc_init_array
                0x080033e8       0x48 D:/Application/stm32cubeclt/STM32CubeCLT_1.18.0/GNU-tools-for-STM32/bin/../lib/gcc/arm-none-eabi/13.3.1/../../../../arm-none-eabi/lib/thumb/v7-m/nofp\libg.a(libc_a-init.o)
                0x080033e8                __libc_init_array
 .text.__retarget_lock_acquire_recursive
                0x08003430        0x2 D:/Application/stm32cubeclt/STM32CubeCLT_1.18.0/GNU-tools-for-STM32/bin/../lib/gcc/arm-none-eabi/13.3.1/../../../../arm-none-eabi/lib/thumb/v7-m/nofp\libg.a(libc_a-lock.o)
                0x08003430                __retarget_lock_acquire_recursive
 .text.__retarget_lock_release_recursive
                0x08003432        0x2 D:/Application/stm32cubeclt/STM32CubeCLT_1.18.0/GNU-tools-for-STM32/bin/../lib/gcc/arm-none-eabi/13.3.1/../../../../arm-none-eabi/lib/thumb/v7-m/nofp\libg.a(libc_a-lock.o)
                0x08003432                __retarget_lock_release_recursive
 .text.startup.register_fini
                0x08003434       0x14 D:/Application/stm32cubeclt/STM32CubeCLT_1.18.0/GNU-tools-for-STM32/bin/../lib/gcc/arm-none-eabi/13.3.1/../../../../arm-none-eabi/lib/thumb/v7-m/nofp\libg.a(libc_a-__call_atexit.o)
 .text.atexit   0x08003448        0xc D:/Application/stm32cubeclt/STM32CubeCLT_1.18.0/GNU-tools-for-STM32/bin/../lib/gcc/arm-none-eabi/13.3.1/../../../../arm-none-eabi/lib/thumb/v7-m/nofp\libg.a(libc_a-atexit.o)
                0x08003448                atexit
 .text.__libc_fini_array
                0x08003454       0x28 D:/Application/stm32cubeclt/STM32CubeCLT_1.18.0/GNU-tools-for-STM32/bin/../lib/gcc/arm-none-eabi/13.3.1/../../../../arm-none-eabi/lib/thumb/v7-m/nofp\libg.a(libc_a-fini.o)
                0x08003454                __libc_fini_array
 .text.__register_exitproc
                0x0800347c       0x80 D:/Application/stm32cubeclt/STM32CubeCLT_1.18.0/GNU-tools-for-STM32/bin/../lib/gcc/arm-none-eabi/13.3.1/../../../../arm-none-eabi/lib/thumb/v7-m/nofp\libg.a(libc_a-__atexit.o)
                0x0800347c                __register_exitproc
 *(.glue_7)
 .glue_7        0x080034fc        0x0 linker stubs
 *(.glue_7t)
 .glue_7t       0x080034fc        0x0 linker stubs
 *(.eh_frame)
 .eh_frame      0x080034fc        0x0 D:/Application/stm32cubeclt/STM32CubeCLT_1.18.0/GNU-tools-for-STM32/bin/../lib/gcc/arm-none-eabi/13.3.1/thumb/v7-m/nofp/crtbegin.o
 *(.init)
 .init          0x080034fc        0x4 D:/Application/stm32cubeclt/STM32CubeCLT_1.18.0/GNU-tools-for-STM32/bin/../lib/gcc/arm-none-eabi/13.3.1/thumb/v7-m/nofp/crti.o
                0x080034fc                _init
 .init          0x08003500        0x8 D:/Application/stm32cubeclt/STM32CubeCLT_1.18.0/GNU-tools-for-STM32/bin/../lib/gcc/arm-none-eabi/13.3.1/thumb/v7-m/nofp/crtn.o
 *(.fini)
 .fini          0x08003508        0x4 D:/Application/stm32cubeclt/STM32CubeCLT_1.18.0/GNU-tools-for-STM32/bin/../lib/gcc/arm-none-eabi/13.3.1/thumb/v7-m/nofp/crti.o
                0x08003508                _fini
 .fini          0x0800350c        0x8 D:/Application/stm32cubeclt/STM32CubeCLT_1.18.0/GNU-tools-for-STM32/bin/../lib/gcc/arm-none-eabi/13.3.1/thumb/v7-m/nofp/crtn.o
                0x08003514                        . = ALIGN (0x4)
                0x08003514                        _etext = .

.vfp11_veneer   0x08003514        0x0
 .vfp11_veneer  0x08003514        0x0 linker stubs

.v4_bx          0x08003514        0x0
 .v4_bx         0x08003514        0x0 linker stubs

.iplt           0x08003514        0x0
 .iplt          0x08003514        0x0 D:/Application/stm32cubeclt/STM32CubeCLT_1.18.0/GNU-tools-for-STM32/bin/../lib/gcc/arm-none-eabi/13.3.1/thumb/v7-m/nofp/crtbegin.o

.rodata         0x08003514       0x2c
                0x08003514                        . = ALIGN (0x4)
 *(.rodata)
 *(.rodata*)
 .rodata.APBPrescTable
                0x08003514        0x8 CMakeFiles/DSB1.elf.dir/Core/Src/system_stm32f1xx.c.obj
                0x08003514                APBPrescTable
 .rodata.AHBPrescTable
                0x0800351c       0x10 CMakeFiles/DSB1.elf.dir/Core/Src/system_stm32f1xx.c.obj
                0x0800351c                AHBPrescTable
 .rodata.aPredivFactorTable.0
                0x0800352c        0x2 CMakeFiles/DSB1.elf.dir/Drivers/STM32F1xx_HAL_Driver/Src/stm32f1xx_hal_rcc.c.obj
 *fill*         0x0800352e        0x2 
 .rodata.aPLLMULFactorTable.1
                0x08003530       0x10 CMakeFiles/DSB1.elf.dir/Drivers/STM32F1xx_HAL_Driver/Src/stm32f1xx_hal_rcc.c.obj
                0x08003540                        . = ALIGN (0x4)

.rel.dyn        0x08003540        0x0
 .rel.iplt      0x08003540        0x0 D:/Application/stm32cubeclt/STM32CubeCLT_1.18.0/GNU-tools-for-STM32/bin/../lib/gcc/arm-none-eabi/13.3.1/thumb/v7-m/nofp/crtbegin.o

.ARM.extab      0x08003540        0x0
                0x08003540                        . = ALIGN (0x4)
 *(.ARM.extab* .gnu.linkonce.armextab.*)
                0x08003540                        . = ALIGN (0x4)

.ARM            0x08003540        0x0
                0x08003540                        . = ALIGN (0x4)
                0x08003540                        __exidx_start = .
 *(.ARM.exidx*)
                0x08003540                        __exidx_end = .
                0x08003540                        . = ALIGN (0x4)

.preinit_array  0x08003540        0x0
                0x08003540                        . = ALIGN (0x4)
                0x08003540                        PROVIDE (__preinit_array_start = .)
 *(.preinit_array*)
                0x08003540                        PROVIDE (__preinit_array_end = .)
                0x08003540                        . = ALIGN (0x4)

.init_array     0x08003540        0x8
                0x08003540                        . = ALIGN (0x4)
                0x08003540                        PROVIDE (__init_array_start = .)
 *(SORT_BY_NAME(.init_array.*))
 .init_array.00000
                0x08003540        0x4 D:/Application/stm32cubeclt/STM32CubeCLT_1.18.0/GNU-tools-for-STM32/bin/../lib/gcc/arm-none-eabi/13.3.1/../../../../arm-none-eabi/lib/thumb/v7-m/nofp\libg.a(libc_a-__call_atexit.o)
 *(.init_array*)
 .init_array    0x08003544        0x4 D:/Application/stm32cubeclt/STM32CubeCLT_1.18.0/GNU-tools-for-STM32/bin/../lib/gcc/arm-none-eabi/13.3.1/thumb/v7-m/nofp/crtbegin.o
                0x08003548                        PROVIDE (__init_array_end = .)
                0x08003548                        . = ALIGN (0x4)

.fini_array     0x08003548        0x4
                0x08003548                        . = ALIGN (0x4)
                0x08003548                        PROVIDE (__fini_array_start = .)
 *(SORT_BY_NAME(.fini_array.*))
 *(.fini_array*)
 .fini_array    0x08003548        0x4 D:/Application/stm32cubeclt/STM32CubeCLT_1.18.0/GNU-tools-for-STM32/bin/../lib/gcc/arm-none-eabi/13.3.1/thumb/v7-m/nofp/crtbegin.o
                0x0800354c                        PROVIDE (__fini_array_end = .)
                0x0800354c                        . = ALIGN (0x4)
                0x0800354c                        _sidata = LOADADDR (.data)

.data           0x20000000       0x20 load address 0x0800354c
                0x20000000                        . = ALIGN (0x4)
                0x20000000                        _sdata = .
 *(.data)
 *(.data*)
 .data.s_position
                0x20000000       0x10 CMakeFiles/DSB1.elf.dir/Core/Src/motor/ax_encoder.c.obj
 .data.SystemCoreClock
                0x20000010        0x4 CMakeFiles/DSB1.elf.dir/Core/Src/system_stm32f1xx.c.obj
                0x20000010                SystemCoreClock
 .data.uwTickFreq
                0x20000014        0x1 CMakeFiles/DSB1.elf.dir/Drivers/STM32F1xx_HAL_Driver/Src/stm32f1xx_hal.c.obj
                0x20000014                uwTickFreq
 *fill*         0x20000015        0x3 
 .data.uwTickPrio
                0x20000018        0x4 CMakeFiles/DSB1.elf.dir/Drivers/STM32F1xx_HAL_Driver/Src/stm32f1xx_hal.c.obj
                0x20000018                uwTickPrio
 .data.__atexit_recursive_mutex
                0x2000001c        0x4 D:/Application/stm32cubeclt/STM32CubeCLT_1.18.0/GNU-tools-for-STM32/bin/../lib/gcc/arm-none-eabi/13.3.1/../../../../arm-none-eabi/lib/thumb/v7-m/nofp\libg.a(libc_a-__call_atexit.o)
                0x2000001c                __atexit_recursive_mutex
 *(.RamFunc)
 *(.RamFunc*)
                0x20000020                        . = ALIGN (0x4)
                0x20000020                        _edata = .

.igot.plt       0x20000020        0x0 load address 0x0800356c
 .igot.plt      0x20000020        0x0 D:/Application/stm32cubeclt/STM32CubeCLT_1.18.0/GNU-tools-for-STM32/bin/../lib/gcc/arm-none-eabi/13.3.1/thumb/v7-m/nofp/crtbegin.o
                0x20000020                        . = ALIGN (0x4)

.bss            0x20000020      0x534 load address 0x0800356c
                0x20000020                        _sbss = .
                0x20000020                        __bss_start__ = _sbss
 *(.bss)
 .bss           0x20000020       0x1c D:/Application/stm32cubeclt/STM32CubeCLT_1.18.0/GNU-tools-for-STM32/bin/../lib/gcc/arm-none-eabi/13.3.1/thumb/v7-m/nofp/crtbegin.o
 *(.bss*)
 .bss.pwm_outputs
                0x2000003c       0x10 CMakeFiles/DSB1.elf.dir/Core/Src/motor/motor_pid.c.obj
                0x2000003c                pwm_outputs
 .bss.real_speeds
                0x2000004c       0x10 CMakeFiles/DSB1.elf.dir/Core/Src/motor/motor_pid.c.obj
                0x2000004c                real_speeds
 .bss.target_speeds
                0x2000005c       0x10 CMakeFiles/DSB1.elf.dir/Core/Src/motor/motor_pid.c.obj
                0x2000005c                target_speeds
 .bss.motor_states
                0x2000006c       0x20 CMakeFiles/DSB1.elf.dir/Core/Src/motor/motor_pid.c.obj
 .bss.seqPos    0x2000008c        0x1 CMakeFiles/DSB1.elf.dir/Core/Src/motor_frame/uart2_motor_frame.c.obj
 *fill*         0x2000008d        0x3 
 .bss.seqBuf    0x20000090        0x3 CMakeFiles/DSB1.elf.dir/Core/Src/motor_frame/uart2_motor_frame.c.obj
 .bss.trapezoidEnabled
                0x20000093        0x1 CMakeFiles/DSB1.elf.dir/Core/Src/motor_frame/uart2_motor_frame.c.obj
                0x20000093                trapezoidEnabled
 .bss.uart_angle_velocity
                0x20000094        0x4 CMakeFiles/DSB1.elf.dir/Core/Src/motor_frame/uart2_motor_frame.c.obj
                0x20000094                uart_angle_velocity
 .bss.uart_set_speed
                0x20000098        0x4 CMakeFiles/DSB1.elf.dir/Core/Src/motor_frame/uart2_motor_frame.c.obj
                0x20000098                uart_set_speed
 .bss.rxState   0x2000009c        0x1 CMakeFiles/DSB1.elf.dir/Core/Src/motor_frame/uart2_motor_frame.c.obj
 .bss.rxIndex   0x2000009d        0x1 CMakeFiles/DSB1.elf.dir/Core/Src/motor_frame/uart2_motor_frame.c.obj
 *fill*         0x2000009e        0x2 
 .bss.rxBuf     0x200000a0        0xb CMakeFiles/DSB1.elf.dir/Core/Src/motor_frame/uart2_motor_frame.c.obj
 .bss.rxByte    0x200000ab        0x1 CMakeFiles/DSB1.elf.dir/Core/Src/motor_frame/uart2_motor_frame.c.obj
 .bss.target_mrpm
                0x200000ac       0x10 CMakeFiles/DSB1.elf.dir/Core/Src/speed_ramp/speed_ramp.c.obj
 .bss.htim8     0x200000bc       0x48 CMakeFiles/DSB1.elf.dir/Core/Src/tim.c.obj
                0x200000bc                htim8
 .bss.htim7     0x20000104       0x48 CMakeFiles/DSB1.elf.dir/Core/Src/tim.c.obj
                0x20000104                htim7
 .bss.htim6     0x2000014c       0x48 CMakeFiles/DSB1.elf.dir/Core/Src/tim.c.obj
                0x2000014c                htim6
 .bss.htim5     0x20000194       0x48 CMakeFiles/DSB1.elf.dir/Core/Src/tim.c.obj
                0x20000194                htim5
 .bss.htim4     0x200001dc       0x48 CMakeFiles/DSB1.elf.dir/Core/Src/tim.c.obj
                0x200001dc                htim4
 .bss.htim3     0x20000224       0x48 CMakeFiles/DSB1.elf.dir/Core/Src/tim.c.obj
                0x20000224                htim3
 .bss.htim2     0x2000026c       0x48 CMakeFiles/DSB1.elf.dir/Core/Src/tim.c.obj
                0x2000026c                htim2
 .bss.htim1     0x200002b4       0x48 CMakeFiles/DSB1.elf.dir/Core/Src/tim.c.obj
                0x200002b4                htim1
 .bss.txBusy    0x200002fc        0x1 CMakeFiles/DSB1.elf.dir/Core/Src/uart2_dma_tx/uart2_dma_tx.c.obj
 *fill*         0x200002fd        0x3 
 .bss.txBuf     0x20000300       0x2a CMakeFiles/DSB1.elf.dir/Core/Src/uart2_dma_tx/uart2_dma_tx.c.obj
 *fill*         0x2000032a        0x2 
 .bss.hdma_usart2_tx
                0x2000032c       0x44 CMakeFiles/DSB1.elf.dir/Core/Src/usart.c.obj
                0x2000032c                hdma_usart2_tx
 .bss.huart2    0x20000370       0x48 CMakeFiles/DSB1.elf.dir/Core/Src/usart.c.obj
                0x20000370                huart2
 .bss.uwTick    0x200003b8        0x4 CMakeFiles/DSB1.elf.dir/Drivers/STM32F1xx_HAL_Driver/Src/stm32f1xx_hal.c.obj
                0x200003b8                uwTick
 .bss.__lock___atexit_recursive_mutex
                0x200003bc        0x1 D:/Application/stm32cubeclt/STM32CubeCLT_1.18.0/GNU-tools-for-STM32/bin/../lib/gcc/arm-none-eabi/13.3.1/../../../../arm-none-eabi/lib/thumb/v7-m/nofp\libg.a(libc_a-lock.o)
                0x200003bc                __lock___atexit_recursive_mutex
 *fill*         0x200003bd        0x3 
 .bss.__atexit  0x200003c0        0x4 D:/Application/stm32cubeclt/STM32CubeCLT_1.18.0/GNU-tools-for-STM32/bin/../lib/gcc/arm-none-eabi/13.3.1/../../../../arm-none-eabi/lib/thumb/v7-m/nofp\libg.a(libc_a-__call_atexit.o)
                0x200003c0                __atexit
 .bss.__atexit0
                0x200003c4      0x190 D:/Application/stm32cubeclt/STM32CubeCLT_1.18.0/GNU-tools-for-STM32/bin/../lib/gcc/arm-none-eabi/13.3.1/../../../../arm-none-eabi/lib/thumb/v7-m/nofp\libg.a(libc_a-__atexit.o)
                0x200003c4                __atexit0
 *(COMMON)
                0x20000554                        . = ALIGN (0x4)
                0x20000554                        _ebss = .
                0x20000554                        __bss_end__ = _ebss

._user_heap_stack
                0x20000554      0x604 load address 0x0800356c
                0x20000558                        . = ALIGN (0x8)
 *fill*         0x20000554        0x4 
                [!provide]                        PROVIDE (end = .)
                0x20000558                        PROVIDE (_end = .)
                0x20000758                        . = (. + _Min_Heap_Size)
 *fill*         0x20000558      0x200 
                0x20000b58                        . = (. + _Min_Stack_Size)
 *fill*         0x20000758      0x400 
                0x20000b58                        . = ALIGN (0x8)

/DISCARD/
 libc.a(*)
 libm.a(*)
 libgcc.a(*)

.ARM.attributes
                0x00000000       0x29
 *(.ARM.attributes)
 .ARM.attributes
                0x00000000       0x1d D:/Application/stm32cubeclt/STM32CubeCLT_1.18.0/GNU-tools-for-STM32/bin/../lib/gcc/arm-none-eabi/13.3.1/thumb/v7-m/nofp/crti.o
 .ARM.attributes
                0x0000001d       0x2d D:/Application/stm32cubeclt/STM32CubeCLT_1.18.0/GNU-tools-for-STM32/bin/../lib/gcc/arm-none-eabi/13.3.1/thumb/v7-m/nofp/crtbegin.o
 .ARM.attributes
                0x0000004a       0x2d CMakeFiles/DSB1.elf.dir/Core/Src/dma.c.obj
 .ARM.attributes
                0x00000077       0x2d CMakeFiles/DSB1.elf.dir/Core/Src/gpio.c.obj
 .ARM.attributes
                0x000000a4       0x2d CMakeFiles/DSB1.elf.dir/Core/Src/main.c.obj
 .ARM.attributes
                0x000000d1       0x2d CMakeFiles/DSB1.elf.dir/Core/Src/motor/ax_encoder.c.obj
 .ARM.attributes
                0x000000fe       0x2d CMakeFiles/DSB1.elf.dir/Core/Src/motor/ax_motor.c.obj
 .ARM.attributes
                0x0000012b       0x2d CMakeFiles/DSB1.elf.dir/Core/Src/motor/motor_pid.c.obj
 .ARM.attributes
                0x00000158       0x2d CMakeFiles/DSB1.elf.dir/Core/Src/motor_frame/uart2_motor_frame.c.obj
 .ARM.attributes
                0x00000185       0x2d CMakeFiles/DSB1.elf.dir/Core/Src/speed_ramp/speed_ramp.c.obj
 .ARM.attributes
                0x000001b2       0x2d CMakeFiles/DSB1.elf.dir/Core/Src/stm32f1xx_hal_msp.c.obj
 .ARM.attributes
                0x000001df       0x2d CMakeFiles/DSB1.elf.dir/Core/Src/stm32f1xx_it.c.obj
 .ARM.attributes
                0x0000020c       0x2d CMakeFiles/DSB1.elf.dir/Core/Src/system_stm32f1xx.c.obj
 .ARM.attributes
                0x00000239       0x2d CMakeFiles/DSB1.elf.dir/Core/Src/tim.c.obj
 .ARM.attributes
                0x00000266       0x2d CMakeFiles/DSB1.elf.dir/Core/Src/uart2_dma_tx/uart2_dma_tx.c.obj
 .ARM.attributes
                0x00000293       0x2d CMakeFiles/DSB1.elf.dir/Core/Src/usart.c.obj
 .ARM.attributes
                0x000002c0       0x21 CMakeFiles/DSB1.elf.dir/Core/Startup/startup_stm32f103rctx.s.obj
 .ARM.attributes
                0x000002e1       0x2d CMakeFiles/DSB1.elf.dir/Drivers/STM32F1xx_HAL_Driver/Src/stm32f1xx_hal.c.obj
 .ARM.attributes
                0x0000030e       0x2d CMakeFiles/DSB1.elf.dir/Drivers/STM32F1xx_HAL_Driver/Src/stm32f1xx_hal_cortex.c.obj
 .ARM.attributes
                0x0000033b       0x2d CMakeFiles/DSB1.elf.dir/Drivers/STM32F1xx_HAL_Driver/Src/stm32f1xx_hal_dma.c.obj
 .ARM.attributes
                0x00000368       0x2d CMakeFiles/DSB1.elf.dir/Drivers/STM32F1xx_HAL_Driver/Src/stm32f1xx_hal_gpio.c.obj
 .ARM.attributes
                0x00000395       0x2d CMakeFiles/DSB1.elf.dir/Drivers/STM32F1xx_HAL_Driver/Src/stm32f1xx_hal_rcc.c.obj
 .ARM.attributes
                0x000003c2       0x2d CMakeFiles/DSB1.elf.dir/Drivers/STM32F1xx_HAL_Driver/Src/stm32f1xx_hal_tim.c.obj
 .ARM.attributes
                0x000003ef       0x2d CMakeFiles/DSB1.elf.dir/Drivers/STM32F1xx_HAL_Driver/Src/stm32f1xx_hal_tim_ex.c.obj
 .ARM.attributes
                0x0000041c       0x2d CMakeFiles/DSB1.elf.dir/Drivers/STM32F1xx_HAL_Driver/Src/stm32f1xx_hal_uart.c.obj
 .ARM.attributes
                0x00000449       0x2d D:/Application/stm32cubeclt/STM32CubeCLT_1.18.0/GNU-tools-for-STM32/bin/../lib/gcc/arm-none-eabi/13.3.1/../../../../arm-none-eabi/lib/thumb/v7-m/nofp\libg.a(libc_a-memset.o)
 .ARM.attributes
                0x00000476       0x2d D:/Application/stm32cubeclt/STM32CubeCLT_1.18.0/GNU-tools-for-STM32/bin/../lib/gcc/arm-none-eabi/13.3.1/../../../../arm-none-eabi/lib/thumb/v7-m/nofp\libg.a(libc_a-init.o)
 .ARM.attributes
                0x000004a3       0x2d D:/Application/stm32cubeclt/STM32CubeCLT_1.18.0/GNU-tools-for-STM32/bin/../lib/gcc/arm-none-eabi/13.3.1/../../../../arm-none-eabi/lib/thumb/v7-m/nofp\libg.a(libc_a-lock.o)
 .ARM.attributes
                0x000004d0       0x2d D:/Application/stm32cubeclt/STM32CubeCLT_1.18.0/GNU-tools-for-STM32/bin/../lib/gcc/arm-none-eabi/13.3.1/../../../../arm-none-eabi/lib/thumb/v7-m/nofp\libg.a(libc_a-__call_atexit.o)
 .ARM.attributes
                0x000004fd       0x2d D:/Application/stm32cubeclt/STM32CubeCLT_1.18.0/GNU-tools-for-STM32/bin/../lib/gcc/arm-none-eabi/13.3.1/../../../../arm-none-eabi/lib/thumb/v7-m/nofp\libg.a(libc_a-atexit.o)
 .ARM.attributes
                0x0000052a       0x2d D:/Application/stm32cubeclt/STM32CubeCLT_1.18.0/GNU-tools-for-STM32/bin/../lib/gcc/arm-none-eabi/13.3.1/../../../../arm-none-eabi/lib/thumb/v7-m/nofp\libg.a(libc_a-fini.o)
 .ARM.attributes
                0x00000557       0x2d D:/Application/stm32cubeclt/STM32CubeCLT_1.18.0/GNU-tools-for-STM32/bin/../lib/gcc/arm-none-eabi/13.3.1/../../../../arm-none-eabi/lib/thumb/v7-m/nofp\libg.a(libc_a-__atexit.o)
 .ARM.attributes
                0x00000584       0x1d D:/Application/stm32cubeclt/STM32CubeCLT_1.18.0/GNU-tools-for-STM32/bin/../lib/gcc/arm-none-eabi/13.3.1/thumb/v7-m/nofp/crtn.o
OUTPUT(DSB1.elf elf32-littlearm)
LOAD linker stubs
LOAD D:/Application/stm32cubeclt/STM32CubeCLT_1.18.0/GNU-tools-for-STM32/bin/../lib/gcc/arm-none-eabi/13.3.1/../../../../arm-none-eabi/lib/thumb/v7-m/nofp\libc.a
LOAD D:/Application/stm32cubeclt/STM32CubeCLT_1.18.0/GNU-tools-for-STM32/bin/../lib/gcc/arm-none-eabi/13.3.1/../../../../arm-none-eabi/lib/thumb/v7-m/nofp\libm.a
LOAD D:/Application/stm32cubeclt/STM32CubeCLT_1.18.0/GNU-tools-for-STM32/bin/../lib/gcc/arm-none-eabi/13.3.1/thumb/v7-m/nofp\libgcc.a

.debug_info     0x00000000    0x13fc5
 .debug_info    0x00000000      0x361 CMakeFiles/DSB1.elf.dir/Core/Src/dma.c.obj
 .debug_info    0x00000361      0x35e CMakeFiles/DSB1.elf.dir/Core/Src/gpio.c.obj
 .debug_info    0x000006bf      0xb08 CMakeFiles/DSB1.elf.dir/Core/Src/main.c.obj
 .debug_info    0x000011c7      0x89d CMakeFiles/DSB1.elf.dir/Core/Src/motor/ax_encoder.c.obj
 .debug_info    0x00001a64      0x95d CMakeFiles/DSB1.elf.dir/Core/Src/motor/ax_motor.c.obj
 .debug_info    0x000023c1      0x9f1 CMakeFiles/DSB1.elf.dir/Core/Src/motor/motor_pid.c.obj
 .debug_info    0x00002db2      0x818 CMakeFiles/DSB1.elf.dir/Core/Src/motor_frame/uart2_motor_frame.c.obj
 .debug_info    0x000035ca      0x1b6 CMakeFiles/DSB1.elf.dir/Core/Src/speed_ramp/speed_ramp.c.obj
 .debug_info    0x00003780      0x1f4 CMakeFiles/DSB1.elf.dir/Core/Src/stm32f1xx_hal_msp.c.obj
 .debug_info    0x00003974      0xa90 CMakeFiles/DSB1.elf.dir/Core/Src/stm32f1xx_it.c.obj
 .debug_info    0x00004404      0x22d CMakeFiles/DSB1.elf.dir/Core/Src/system_stm32f1xx.c.obj
 .debug_info    0x00004631     0x180c CMakeFiles/DSB1.elf.dir/Core/Src/tim.c.obj
 .debug_info    0x00005e3d      0x80b CMakeFiles/DSB1.elf.dir/Core/Src/uart2_dma_tx/uart2_dma_tx.c.obj
 .debug_info    0x00006648      0xab5 CMakeFiles/DSB1.elf.dir/Core/Src/usart.c.obj
 .debug_info    0x000070fd       0x30 CMakeFiles/DSB1.elf.dir/Core/Startup/startup_stm32f103rctx.s.obj
 .debug_info    0x0000712d      0x808 CMakeFiles/DSB1.elf.dir/Drivers/STM32F1xx_HAL_Driver/Src/stm32f1xx_hal.c.obj
 .debug_info    0x00007935      0xd3f CMakeFiles/DSB1.elf.dir/Drivers/STM32F1xx_HAL_Driver/Src/stm32f1xx_hal_cortex.c.obj
 .debug_info    0x00008674      0x7f2 CMakeFiles/DSB1.elf.dir/Drivers/STM32F1xx_HAL_Driver/Src/stm32f1xx_hal_dma.c.obj
 .debug_info    0x00008e66      0x604 CMakeFiles/DSB1.elf.dir/Drivers/STM32F1xx_HAL_Driver/Src/stm32f1xx_hal_gpio.c.obj
 .debug_info    0x0000946a      0x9c7 CMakeFiles/DSB1.elf.dir/Drivers/STM32F1xx_HAL_Driver/Src/stm32f1xx_hal_rcc.c.obj
 .debug_info    0x00009e31     0x3c0f CMakeFiles/DSB1.elf.dir/Drivers/STM32F1xx_HAL_Driver/Src/stm32f1xx_hal_tim.c.obj
 .debug_info    0x0000da40     0x1aac CMakeFiles/DSB1.elf.dir/Drivers/STM32F1xx_HAL_Driver/Src/stm32f1xx_hal_tim_ex.c.obj
 .debug_info    0x0000f4ec     0x3f85 CMakeFiles/DSB1.elf.dir/Drivers/STM32F1xx_HAL_Driver/Src/stm32f1xx_hal_uart.c.obj
 .debug_info    0x00013471       0xe0 D:/Application/stm32cubeclt/STM32CubeCLT_1.18.0/GNU-tools-for-STM32/bin/../lib/gcc/arm-none-eabi/13.3.1/../../../../arm-none-eabi/lib/thumb/v7-m/nofp\libg.a(libc_a-memset.o)
 .debug_info    0x00013551      0x10b D:/Application/stm32cubeclt/STM32CubeCLT_1.18.0/GNU-tools-for-STM32/bin/../lib/gcc/arm-none-eabi/13.3.1/../../../../arm-none-eabi/lib/thumb/v7-m/nofp\libg.a(libc_a-init.o)
 .debug_info    0x0001365c      0x218 D:/Application/stm32cubeclt/STM32CubeCLT_1.18.0/GNU-tools-for-STM32/bin/../lib/gcc/arm-none-eabi/13.3.1/../../../../arm-none-eabi/lib/thumb/v7-m/nofp\libg.a(libc_a-lock.o)
 .debug_info    0x00013874      0x2dd D:/Application/stm32cubeclt/STM32CubeCLT_1.18.0/GNU-tools-for-STM32/bin/../lib/gcc/arm-none-eabi/13.3.1/../../../../arm-none-eabi/lib/thumb/v7-m/nofp\libg.a(libc_a-__call_atexit.o)
 .debug_info    0x00013b51      0x11e D:/Application/stm32cubeclt/STM32CubeCLT_1.18.0/GNU-tools-for-STM32/bin/../lib/gcc/arm-none-eabi/13.3.1/../../../../arm-none-eabi/lib/thumb/v7-m/nofp\libg.a(libc_a-atexit.o)
 .debug_info    0x00013c6f       0xf7 D:/Application/stm32cubeclt/STM32CubeCLT_1.18.0/GNU-tools-for-STM32/bin/../lib/gcc/arm-none-eabi/13.3.1/../../../../arm-none-eabi/lib/thumb/v7-m/nofp\libg.a(libc_a-fini.o)
 .debug_info    0x00013d66      0x25f D:/Application/stm32cubeclt/STM32CubeCLT_1.18.0/GNU-tools-for-STM32/bin/../lib/gcc/arm-none-eabi/13.3.1/../../../../arm-none-eabi/lib/thumb/v7-m/nofp\libg.a(libc_a-__atexit.o)

.debug_abbrev   0x00000000     0x35f5
 .debug_abbrev  0x00000000      0x119 CMakeFiles/DSB1.elf.dir/Core/Src/dma.c.obj
 .debug_abbrev  0x00000119      0x151 CMakeFiles/DSB1.elf.dir/Core/Src/gpio.c.obj
 .debug_abbrev  0x0000026a      0x269 CMakeFiles/DSB1.elf.dir/Core/Src/main.c.obj
 .debug_abbrev  0x000004d3      0x236 CMakeFiles/DSB1.elf.dir/Core/Src/motor/ax_encoder.c.obj
 .debug_abbrev  0x00000709      0x1f0 CMakeFiles/DSB1.elf.dir/Core/Src/motor/ax_motor.c.obj
 .debug_abbrev  0x000008f9      0x296 CMakeFiles/DSB1.elf.dir/Core/Src/motor/motor_pid.c.obj
 .debug_abbrev  0x00000b8f      0x262 CMakeFiles/DSB1.elf.dir/Core/Src/motor_frame/uart2_motor_frame.c.obj
 .debug_abbrev  0x00000df1       0xc0 CMakeFiles/DSB1.elf.dir/Core/Src/speed_ramp/speed_ramp.c.obj
 .debug_abbrev  0x00000eb1       0xed CMakeFiles/DSB1.elf.dir/Core/Src/stm32f1xx_hal_msp.c.obj
 .debug_abbrev  0x00000f9e      0x1f1 CMakeFiles/DSB1.elf.dir/Core/Src/stm32f1xx_it.c.obj
 .debug_abbrev  0x0000118f      0x143 CMakeFiles/DSB1.elf.dir/Core/Src/system_stm32f1xx.c.obj
 .debug_abbrev  0x000012d2      0x2bb CMakeFiles/DSB1.elf.dir/Core/Src/tim.c.obj
 .debug_abbrev  0x0000158d      0x200 CMakeFiles/DSB1.elf.dir/Core/Src/uart2_dma_tx/uart2_dma_tx.c.obj
 .debug_abbrev  0x0000178d      0x237 CMakeFiles/DSB1.elf.dir/Core/Src/usart.c.obj
 .debug_abbrev  0x000019c4       0x24 CMakeFiles/DSB1.elf.dir/Core/Startup/startup_stm32f103rctx.s.obj
 .debug_abbrev  0x000019e8      0x22d CMakeFiles/DSB1.elf.dir/Drivers/STM32F1xx_HAL_Driver/Src/stm32f1xx_hal.c.obj
 .debug_abbrev  0x00001c15      0x36d CMakeFiles/DSB1.elf.dir/Drivers/STM32F1xx_HAL_Driver/Src/stm32f1xx_hal_cortex.c.obj
 .debug_abbrev  0x00001f82      0x244 CMakeFiles/DSB1.elf.dir/Drivers/STM32F1xx_HAL_Driver/Src/stm32f1xx_hal_dma.c.obj
 .debug_abbrev  0x000021c6      0x1f7 CMakeFiles/DSB1.elf.dir/Drivers/STM32F1xx_HAL_Driver/Src/stm32f1xx_hal_gpio.c.obj
 .debug_abbrev  0x000023bd      0x2a0 CMakeFiles/DSB1.elf.dir/Drivers/STM32F1xx_HAL_Driver/Src/stm32f1xx_hal_rcc.c.obj
 .debug_abbrev  0x0000265d      0x270 CMakeFiles/DSB1.elf.dir/Drivers/STM32F1xx_HAL_Driver/Src/stm32f1xx_hal_tim.c.obj
 .debug_abbrev  0x000028cd      0x26e CMakeFiles/DSB1.elf.dir/Drivers/STM32F1xx_HAL_Driver/Src/stm32f1xx_hal_tim_ex.c.obj
 .debug_abbrev  0x00002b3b      0x31c CMakeFiles/DSB1.elf.dir/Drivers/STM32F1xx_HAL_Driver/Src/stm32f1xx_hal_uart.c.obj
 .debug_abbrev  0x00002e57       0x9e D:/Application/stm32cubeclt/STM32CubeCLT_1.18.0/GNU-tools-for-STM32/bin/../lib/gcc/arm-none-eabi/13.3.1/../../../../arm-none-eabi/lib/thumb/v7-m/nofp\libg.a(libc_a-memset.o)
 .debug_abbrev  0x00002ef5       0xc9 D:/Application/stm32cubeclt/STM32CubeCLT_1.18.0/GNU-tools-for-STM32/bin/../lib/gcc/arm-none-eabi/13.3.1/../../../../arm-none-eabi/lib/thumb/v7-m/nofp\libg.a(libc_a-init.o)
 .debug_abbrev  0x00002fbe      0x115 D:/Application/stm32cubeclt/STM32CubeCLT_1.18.0/GNU-tools-for-STM32/bin/../lib/gcc/arm-none-eabi/13.3.1/../../../../arm-none-eabi/lib/thumb/v7-m/nofp\libg.a(libc_a-lock.o)
 .debug_abbrev  0x000030d3      0x20c D:/Application/stm32cubeclt/STM32CubeCLT_1.18.0/GNU-tools-for-STM32/bin/../lib/gcc/arm-none-eabi/13.3.1/../../../../arm-none-eabi/lib/thumb/v7-m/nofp\libg.a(libc_a-__call_atexit.o)
 .debug_abbrev  0x000032df       0xc1 D:/Application/stm32cubeclt/STM32CubeCLT_1.18.0/GNU-tools-for-STM32/bin/../lib/gcc/arm-none-eabi/13.3.1/../../../../arm-none-eabi/lib/thumb/v7-m/nofp\libg.a(libc_a-atexit.o)
 .debug_abbrev  0x000033a0       0xcc D:/Application/stm32cubeclt/STM32CubeCLT_1.18.0/GNU-tools-for-STM32/bin/../lib/gcc/arm-none-eabi/13.3.1/../../../../arm-none-eabi/lib/thumb/v7-m/nofp\libg.a(libc_a-fini.o)
 .debug_abbrev  0x0000346c      0x189 D:/Application/stm32cubeclt/STM32CubeCLT_1.18.0/GNU-tools-for-STM32/bin/../lib/gcc/arm-none-eabi/13.3.1/../../../../arm-none-eabi/lib/thumb/v7-m/nofp\libg.a(libc_a-__atexit.o)

.debug_aranges  0x00000000      0xef0
 .debug_aranges
                0x00000000       0x20 CMakeFiles/DSB1.elf.dir/Core/Src/dma.c.obj
 .debug_aranges
                0x00000020       0x20 CMakeFiles/DSB1.elf.dir/Core/Src/gpio.c.obj
 .debug_aranges
                0x00000040       0x30 CMakeFiles/DSB1.elf.dir/Core/Src/main.c.obj
 .debug_aranges
                0x00000070       0x58 CMakeFiles/DSB1.elf.dir/Core/Src/motor/ax_encoder.c.obj
 .debug_aranges
                0x000000c8       0x30 CMakeFiles/DSB1.elf.dir/Core/Src/motor/ax_motor.c.obj
 .debug_aranges
                0x000000f8       0x38 CMakeFiles/DSB1.elf.dir/Core/Src/motor/motor_pid.c.obj
 .debug_aranges
                0x00000130       0x30 CMakeFiles/DSB1.elf.dir/Core/Src/motor_frame/uart2_motor_frame.c.obj
 .debug_aranges
                0x00000160       0x20 CMakeFiles/DSB1.elf.dir/Core/Src/speed_ramp/speed_ramp.c.obj
 .debug_aranges
                0x00000180       0x20 CMakeFiles/DSB1.elf.dir/Core/Src/stm32f1xx_hal_msp.c.obj
 .debug_aranges
                0x000001a0       0x90 CMakeFiles/DSB1.elf.dir/Core/Src/stm32f1xx_it.c.obj
 .debug_aranges
                0x00000230       0x28 CMakeFiles/DSB1.elf.dir/Core/Src/system_stm32f1xx.c.obj
 .debug_aranges
                0x00000258       0x90 CMakeFiles/DSB1.elf.dir/Core/Src/tim.c.obj
 .debug_aranges
                0x000002e8       0x38 CMakeFiles/DSB1.elf.dir/Core/Src/uart2_dma_tx/uart2_dma_tx.c.obj
 .debug_aranges
                0x00000320       0x30 CMakeFiles/DSB1.elf.dir/Core/Src/usart.c.obj
 .debug_aranges
                0x00000350       0x28 CMakeFiles/DSB1.elf.dir/Core/Startup/startup_stm32f103rctx.s.obj
 .debug_aranges
                0x00000378       0xe0 CMakeFiles/DSB1.elf.dir/Drivers/STM32F1xx_HAL_Driver/Src/stm32f1xx_hal.c.obj
 .debug_aranges
                0x00000458       0xc0 CMakeFiles/DSB1.elf.dir/Drivers/STM32F1xx_HAL_Driver/Src/stm32f1xx_hal_cortex.c.obj
 .debug_aranges
                0x00000518       0x80 CMakeFiles/DSB1.elf.dir/Drivers/STM32F1xx_HAL_Driver/Src/stm32f1xx_hal_dma.c.obj
 .debug_aranges
                0x00000598       0x58 CMakeFiles/DSB1.elf.dir/Drivers/STM32F1xx_HAL_Driver/Src/stm32f1xx_hal_gpio.c.obj
 .debug_aranges
                0x000005f0       0x90 CMakeFiles/DSB1.elf.dir/Drivers/STM32F1xx_HAL_Driver/Src/stm32f1xx_hal_rcc.c.obj
 .debug_aranges
                0x00000680      0x3d0 CMakeFiles/DSB1.elf.dir/Drivers/STM32F1xx_HAL_Driver/Src/stm32f1xx_hal_tim.c.obj
 .debug_aranges
                0x00000a50      0x168 CMakeFiles/DSB1.elf.dir/Drivers/STM32F1xx_HAL_Driver/Src/stm32f1xx_hal_tim_ex.c.obj
 .debug_aranges
                0x00000bb8      0x208 CMakeFiles/DSB1.elf.dir/Drivers/STM32F1xx_HAL_Driver/Src/stm32f1xx_hal_uart.c.obj
 .debug_aranges
                0x00000dc0       0x20 D:/Application/stm32cubeclt/STM32CubeCLT_1.18.0/GNU-tools-for-STM32/bin/../lib/gcc/arm-none-eabi/13.3.1/../../../../arm-none-eabi/lib/thumb/v7-m/nofp\libg.a(libc_a-memset.o)
 .debug_aranges
                0x00000de0       0x20 D:/Application/stm32cubeclt/STM32CubeCLT_1.18.0/GNU-tools-for-STM32/bin/../lib/gcc/arm-none-eabi/13.3.1/../../../../arm-none-eabi/lib/thumb/v7-m/nofp\libg.a(libc_a-init.o)
 .debug_aranges
                0x00000e00       0x68 D:/Application/stm32cubeclt/STM32CubeCLT_1.18.0/GNU-tools-for-STM32/bin/../lib/gcc/arm-none-eabi/13.3.1/../../../../arm-none-eabi/lib/thumb/v7-m/nofp\libg.a(libc_a-lock.o)
 .debug_aranges
                0x00000e68       0x28 D:/Application/stm32cubeclt/STM32CubeCLT_1.18.0/GNU-tools-for-STM32/bin/../lib/gcc/arm-none-eabi/13.3.1/../../../../arm-none-eabi/lib/thumb/v7-m/nofp\libg.a(libc_a-__call_atexit.o)
 .debug_aranges
                0x00000e90       0x20 D:/Application/stm32cubeclt/STM32CubeCLT_1.18.0/GNU-tools-for-STM32/bin/../lib/gcc/arm-none-eabi/13.3.1/../../../../arm-none-eabi/lib/thumb/v7-m/nofp\libg.a(libc_a-atexit.o)
 .debug_aranges
                0x00000eb0       0x20 D:/Application/stm32cubeclt/STM32CubeCLT_1.18.0/GNU-tools-for-STM32/bin/../lib/gcc/arm-none-eabi/13.3.1/../../../../arm-none-eabi/lib/thumb/v7-m/nofp\libg.a(libc_a-fini.o)
 .debug_aranges
                0x00000ed0       0x20 D:/Application/stm32cubeclt/STM32CubeCLT_1.18.0/GNU-tools-for-STM32/bin/../lib/gcc/arm-none-eabi/13.3.1/../../../../arm-none-eabi/lib/thumb/v7-m/nofp\libg.a(libc_a-__atexit.o)

.debug_rnglists
                0x00000000      0xb57
 .debug_rnglists
                0x00000000       0x13 CMakeFiles/DSB1.elf.dir/Core/Src/dma.c.obj
 .debug_rnglists
                0x00000013       0x14 CMakeFiles/DSB1.elf.dir/Core/Src/gpio.c.obj
 .debug_rnglists
                0x00000027       0x20 CMakeFiles/DSB1.elf.dir/Core/Src/main.c.obj
 .debug_rnglists
                0x00000047       0x3d CMakeFiles/DSB1.elf.dir/Core/Src/motor/ax_encoder.c.obj
 .debug_rnglists
                0x00000084       0x20 CMakeFiles/DSB1.elf.dir/Core/Src/motor/ax_motor.c.obj
 .debug_rnglists
                0x000000a4       0x26 CMakeFiles/DSB1.elf.dir/Core/Src/motor/motor_pid.c.obj
 .debug_rnglists
                0x000000ca       0x20 CMakeFiles/DSB1.elf.dir/Core/Src/motor_frame/uart2_motor_frame.c.obj
 .debug_rnglists
                0x000000ea       0x37 CMakeFiles/DSB1.elf.dir/Core/Src/speed_ramp/speed_ramp.c.obj
 .debug_rnglists
                0x00000121       0x13 CMakeFiles/DSB1.elf.dir/Core/Src/stm32f1xx_hal_msp.c.obj
 .debug_rnglists
                0x00000134       0x67 CMakeFiles/DSB1.elf.dir/Core/Src/stm32f1xx_it.c.obj
 .debug_rnglists
                0x0000019b       0x1a CMakeFiles/DSB1.elf.dir/Core/Src/system_stm32f1xx.c.obj
 .debug_rnglists
                0x000001b5       0x6b CMakeFiles/DSB1.elf.dir/Core/Src/tim.c.obj
 .debug_rnglists
                0x00000220       0x25 CMakeFiles/DSB1.elf.dir/Core/Src/uart2_dma_tx/uart2_dma_tx.c.obj
 .debug_rnglists
                0x00000245       0x20 CMakeFiles/DSB1.elf.dir/Core/Src/usart.c.obj
 .debug_rnglists
                0x00000265       0x19 CMakeFiles/DSB1.elf.dir/Core/Startup/startup_stm32f103rctx.s.obj
 .debug_rnglists
                0x0000027e       0xa3 CMakeFiles/DSB1.elf.dir/Drivers/STM32F1xx_HAL_Driver/Src/stm32f1xx_hal.c.obj
 .debug_rnglists
                0x00000321       0x8b CMakeFiles/DSB1.elf.dir/Drivers/STM32F1xx_HAL_Driver/Src/stm32f1xx_hal_cortex.c.obj
 .debug_rnglists
                0x000003ac       0x60 CMakeFiles/DSB1.elf.dir/Drivers/STM32F1xx_HAL_Driver/Src/stm32f1xx_hal_dma.c.obj
 .debug_rnglists
                0x0000040c       0x3f CMakeFiles/DSB1.elf.dir/Drivers/STM32F1xx_HAL_Driver/Src/stm32f1xx_hal_gpio.c.obj
 .debug_rnglists
                0x0000044b       0x7d CMakeFiles/DSB1.elf.dir/Drivers/STM32F1xx_HAL_Driver/Src/stm32f1xx_hal_rcc.c.obj
 .debug_rnglists
                0x000004c8      0x301 CMakeFiles/DSB1.elf.dir/Drivers/STM32F1xx_HAL_Driver/Src/stm32f1xx_hal_tim.c.obj
 .debug_rnglists
                0x000007c9      0x11a CMakeFiles/DSB1.elf.dir/Drivers/STM32F1xx_HAL_Driver/Src/stm32f1xx_hal_tim_ex.c.obj
 .debug_rnglists
                0x000008e3      0x1a1 CMakeFiles/DSB1.elf.dir/Drivers/STM32F1xx_HAL_Driver/Src/stm32f1xx_hal_uart.c.obj
 .debug_rnglists
                0x00000a84       0x13 D:/Application/stm32cubeclt/STM32CubeCLT_1.18.0/GNU-tools-for-STM32/bin/../lib/gcc/arm-none-eabi/13.3.1/../../../../arm-none-eabi/lib/thumb/v7-m/nofp\libg.a(libc_a-memset.o)
 .debug_rnglists
                0x00000a97       0x13 D:/Application/stm32cubeclt/STM32CubeCLT_1.18.0/GNU-tools-for-STM32/bin/../lib/gcc/arm-none-eabi/13.3.1/../../../../arm-none-eabi/lib/thumb/v7-m/nofp\libg.a(libc_a-init.o)
 .debug_rnglists
                0x00000aaa       0x49 D:/Application/stm32cubeclt/STM32CubeCLT_1.18.0/GNU-tools-for-STM32/bin/../lib/gcc/arm-none-eabi/13.3.1/../../../../arm-none-eabi/lib/thumb/v7-m/nofp\libg.a(libc_a-lock.o)
 .debug_rnglists
                0x00000af3       0x2a D:/Application/stm32cubeclt/STM32CubeCLT_1.18.0/GNU-tools-for-STM32/bin/../lib/gcc/arm-none-eabi/13.3.1/../../../../arm-none-eabi/lib/thumb/v7-m/nofp\libg.a(libc_a-__call_atexit.o)
 .debug_rnglists
                0x00000b1d       0x13 D:/Application/stm32cubeclt/STM32CubeCLT_1.18.0/GNU-tools-for-STM32/bin/../lib/gcc/arm-none-eabi/13.3.1/../../../../arm-none-eabi/lib/thumb/v7-m/nofp\libg.a(libc_a-atexit.o)
 .debug_rnglists
                0x00000b30       0x13 D:/Application/stm32cubeclt/STM32CubeCLT_1.18.0/GNU-tools-for-STM32/bin/../lib/gcc/arm-none-eabi/13.3.1/../../../../arm-none-eabi/lib/thumb/v7-m/nofp\libg.a(libc_a-fini.o)
 .debug_rnglists
                0x00000b43       0x14 D:/Application/stm32cubeclt/STM32CubeCLT_1.18.0/GNU-tools-for-STM32/bin/../lib/gcc/arm-none-eabi/13.3.1/../../../../arm-none-eabi/lib/thumb/v7-m/nofp\libg.a(libc_a-__atexit.o)

.debug_line     0x00000000    0x10e95
 .debug_line    0x00000000      0x235 CMakeFiles/DSB1.elf.dir/Core/Src/dma.c.obj
 .debug_line    0x00000235      0x2a9 CMakeFiles/DSB1.elf.dir/Core/Src/gpio.c.obj
 .debug_line    0x000004de      0x4ae CMakeFiles/DSB1.elf.dir/Core/Src/main.c.obj
 .debug_line    0x0000098c      0x3d4 CMakeFiles/DSB1.elf.dir/Core/Src/motor/ax_encoder.c.obj
 .debug_line    0x00000d60      0x39a CMakeFiles/DSB1.elf.dir/Core/Src/motor/ax_motor.c.obj
 .debug_line    0x000010fa      0x46f CMakeFiles/DSB1.elf.dir/Core/Src/motor/motor_pid.c.obj
 .debug_line    0x00001569      0x46e CMakeFiles/DSB1.elf.dir/Core/Src/motor_frame/uart2_motor_frame.c.obj
 .debug_line    0x000019d7      0x2ca CMakeFiles/DSB1.elf.dir/Core/Src/speed_ramp/speed_ramp.c.obj
 .debug_line    0x00001ca1      0x203 CMakeFiles/DSB1.elf.dir/Core/Src/stm32f1xx_hal_msp.c.obj
 .debug_line    0x00001ea4      0x50c CMakeFiles/DSB1.elf.dir/Core/Src/stm32f1xx_it.c.obj
 .debug_line    0x000023b0      0x2cb CMakeFiles/DSB1.elf.dir/Core/Src/system_stm32f1xx.c.obj
 .debug_line    0x0000267b      0xb2f CMakeFiles/DSB1.elf.dir/Core/Src/tim.c.obj
 .debug_line    0x000031aa      0x424 CMakeFiles/DSB1.elf.dir/Core/Src/uart2_dma_tx/uart2_dma_tx.c.obj
 .debug_line    0x000035ce      0x411 CMakeFiles/DSB1.elf.dir/Core/Src/usart.c.obj
 .debug_line    0x000039df       0x79 CMakeFiles/DSB1.elf.dir/Core/Startup/startup_stm32f103rctx.s.obj
 .debug_line    0x00003a58      0x5d4 CMakeFiles/DSB1.elf.dir/Drivers/STM32F1xx_HAL_Driver/Src/stm32f1xx_hal.c.obj
 .debug_line    0x0000402c      0x73d CMakeFiles/DSB1.elf.dir/Drivers/STM32F1xx_HAL_Driver/Src/stm32f1xx_hal_cortex.c.obj
 .debug_line    0x00004769     0x1080 CMakeFiles/DSB1.elf.dir/Drivers/STM32F1xx_HAL_Driver/Src/stm32f1xx_hal_dma.c.obj
 .debug_line    0x000057e9      0x68e CMakeFiles/DSB1.elf.dir/Drivers/STM32F1xx_HAL_Driver/Src/stm32f1xx_hal_gpio.c.obj
 .debug_line    0x00005e77      0xd40 CMakeFiles/DSB1.elf.dir/Drivers/STM32F1xx_HAL_Driver/Src/stm32f1xx_hal_rcc.c.obj
 .debug_line    0x00006bb7     0x47b3 CMakeFiles/DSB1.elf.dir/Drivers/STM32F1xx_HAL_Driver/Src/stm32f1xx_hal_tim.c.obj
 .debug_line    0x0000b36a     0x1aea CMakeFiles/DSB1.elf.dir/Drivers/STM32F1xx_HAL_Driver/Src/stm32f1xx_hal_tim_ex.c.obj
 .debug_line    0x0000ce54     0x3545 CMakeFiles/DSB1.elf.dir/Drivers/STM32F1xx_HAL_Driver/Src/stm32f1xx_hal_uart.c.obj
 .debug_line    0x00010399      0x17e D:/Application/stm32cubeclt/STM32CubeCLT_1.18.0/GNU-tools-for-STM32/bin/../lib/gcc/arm-none-eabi/13.3.1/../../../../arm-none-eabi/lib/thumb/v7-m/nofp\libg.a(libc_a-memset.o)
 .debug_line    0x00010517      0x165 D:/Application/stm32cubeclt/STM32CubeCLT_1.18.0/GNU-tools-for-STM32/bin/../lib/gcc/arm-none-eabi/13.3.1/../../../../arm-none-eabi/lib/thumb/v7-m/nofp\libg.a(libc_a-init.o)
 .debug_line    0x0001067c      0x19b D:/Application/stm32cubeclt/STM32CubeCLT_1.18.0/GNU-tools-for-STM32/bin/../lib/gcc/arm-none-eabi/13.3.1/../../../../arm-none-eabi/lib/thumb/v7-m/nofp\libg.a(libc_a-lock.o)
 .debug_line    0x00010817      0x2a3 D:/Application/stm32cubeclt/STM32CubeCLT_1.18.0/GNU-tools-for-STM32/bin/../lib/gcc/arm-none-eabi/13.3.1/../../../../arm-none-eabi/lib/thumb/v7-m/nofp\libg.a(libc_a-__call_atexit.o)
 .debug_line    0x00010aba      0x102 D:/Application/stm32cubeclt/STM32CubeCLT_1.18.0/GNU-tools-for-STM32/bin/../lib/gcc/arm-none-eabi/13.3.1/../../../../arm-none-eabi/lib/thumb/v7-m/nofp\libg.a(libc_a-atexit.o)
 .debug_line    0x00010bbc      0x134 D:/Application/stm32cubeclt/STM32CubeCLT_1.18.0/GNU-tools-for-STM32/bin/../lib/gcc/arm-none-eabi/13.3.1/../../../../arm-none-eabi/lib/thumb/v7-m/nofp\libg.a(libc_a-fini.o)
 .debug_line    0x00010cf0      0x1a5 D:/Application/stm32cubeclt/STM32CubeCLT_1.18.0/GNU-tools-for-STM32/bin/../lib/gcc/arm-none-eabi/13.3.1/../../../../arm-none-eabi/lib/thumb/v7-m/nofp\libg.a(libc_a-__atexit.o)

.debug_str      0x00000000     0x4574
 .debug_str     0x00000000     0x4574 CMakeFiles/DSB1.elf.dir/Core/Src/dma.c.obj
                                0x5dc (size before relaxing)
 .debug_str     0x00004574      0x299 CMakeFiles/DSB1.elf.dir/Core/Src/gpio.c.obj
 .debug_str     0x00004574      0x99e CMakeFiles/DSB1.elf.dir/Core/Src/main.c.obj
 .debug_str     0x00004574      0x7d1 CMakeFiles/DSB1.elf.dir/Core/Src/motor/ax_encoder.c.obj
 .debug_str     0x00004574      0x7f9 CMakeFiles/DSB1.elf.dir/Core/Src/motor/ax_motor.c.obj
 .debug_str     0x00004574      0x851 CMakeFiles/DSB1.elf.dir/Core/Src/motor/motor_pid.c.obj
 .debug_str     0x00004574      0x728 CMakeFiles/DSB1.elf.dir/Core/Src/motor_frame/uart2_motor_frame.c.obj
 .debug_str     0x00004574      0x23a CMakeFiles/DSB1.elf.dir/Core/Src/speed_ramp/speed_ramp.c.obj
 .debug_str     0x00004574      0x22d CMakeFiles/DSB1.elf.dir/Core/Src/stm32f1xx_hal_msp.c.obj
 .debug_str     0x00004574      0xa5d CMakeFiles/DSB1.elf.dir/Core/Src/stm32f1xx_it.c.obj
 .debug_str     0x00004574      0x262 CMakeFiles/DSB1.elf.dir/Core/Src/system_stm32f1xx.c.obj
 .debug_str     0x00004574      0xfed CMakeFiles/DSB1.elf.dir/Core/Src/tim.c.obj
 .debug_str     0x00004574      0x72f CMakeFiles/DSB1.elf.dir/Core/Src/uart2_dma_tx/uart2_dma_tx.c.obj
 .debug_str     0x00004574      0xb0a CMakeFiles/DSB1.elf.dir/Core/Src/usart.c.obj
 .debug_str     0x00004574       0x73 CMakeFiles/DSB1.elf.dir/Core/Startup/startup_stm32f103rctx.s.obj
 .debug_str     0x00004574      0x920 CMakeFiles/DSB1.elf.dir/Drivers/STM32F1xx_HAL_Driver/Src/stm32f1xx_hal.c.obj
 .debug_str     0x00004574      0x9c5 CMakeFiles/DSB1.elf.dir/Drivers/STM32F1xx_HAL_Driver/Src/stm32f1xx_hal_cortex.c.obj
 .debug_str     0x00004574      0x60b CMakeFiles/DSB1.elf.dir/Drivers/STM32F1xx_HAL_Driver/Src/stm32f1xx_hal_dma.c.obj
 .debug_str     0x00004574      0x40e CMakeFiles/DSB1.elf.dir/Drivers/STM32F1xx_HAL_Driver/Src/stm32f1xx_hal_gpio.c.obj
 .debug_str     0x00004574      0x639 CMakeFiles/DSB1.elf.dir/Drivers/STM32F1xx_HAL_Driver/Src/stm32f1xx_hal_rcc.c.obj
 .debug_str     0x00004574     0x1693 CMakeFiles/DSB1.elf.dir/Drivers/STM32F1xx_HAL_Driver/Src/stm32f1xx_hal_tim.c.obj
 .debug_str     0x00004574      0xe9f CMakeFiles/DSB1.elf.dir/Drivers/STM32F1xx_HAL_Driver/Src/stm32f1xx_hal_tim_ex.c.obj
 .debug_str     0x00004574      0xd02 CMakeFiles/DSB1.elf.dir/Drivers/STM32F1xx_HAL_Driver/Src/stm32f1xx_hal_uart.c.obj
 .debug_str     0x00004574      0x204 D:/Application/stm32cubeclt/STM32CubeCLT_1.18.0/GNU-tools-for-STM32/bin/../lib/gcc/arm-none-eabi/13.3.1/../../../../arm-none-eabi/lib/thumb/v7-m/nofp\libg.a(libc_a-memset.o)
 .debug_str     0x00004574      0x265 D:/Application/stm32cubeclt/STM32CubeCLT_1.18.0/GNU-tools-for-STM32/bin/../lib/gcc/arm-none-eabi/13.3.1/../../../../arm-none-eabi/lib/thumb/v7-m/nofp\libg.a(libc_a-init.o)
 .debug_str     0x00004574      0x39b D:/Application/stm32cubeclt/STM32CubeCLT_1.18.0/GNU-tools-for-STM32/bin/../lib/gcc/arm-none-eabi/13.3.1/../../../../arm-none-eabi/lib/thumb/v7-m/nofp\libg.a(libc_a-lock.o)
 .debug_str     0x00004574      0x341 D:/Application/stm32cubeclt/STM32CubeCLT_1.18.0/GNU-tools-for-STM32/bin/../lib/gcc/arm-none-eabi/13.3.1/../../../../arm-none-eabi/lib/thumb/v7-m/nofp\libg.a(libc_a-__call_atexit.o)
 .debug_str     0x00004574      0x241 D:/Application/stm32cubeclt/STM32CubeCLT_1.18.0/GNU-tools-for-STM32/bin/../lib/gcc/arm-none-eabi/13.3.1/../../../../arm-none-eabi/lib/thumb/v7-m/nofp\libg.a(libc_a-atexit.o)
 .debug_str     0x00004574      0x23b D:/Application/stm32cubeclt/STM32CubeCLT_1.18.0/GNU-tools-for-STM32/bin/../lib/gcc/arm-none-eabi/13.3.1/../../../../arm-none-eabi/lib/thumb/v7-m/nofp\libg.a(libc_a-fini.o)
 .debug_str     0x00004574      0x318 D:/Application/stm32cubeclt/STM32CubeCLT_1.18.0/GNU-tools-for-STM32/bin/../lib/gcc/arm-none-eabi/13.3.1/../../../../arm-none-eabi/lib/thumb/v7-m/nofp\libg.a(libc_a-__atexit.o)

.comment        0x00000000       0x43
 .comment       0x00000000       0x43 CMakeFiles/DSB1.elf.dir/Core/Src/dma.c.obj
                                 0x44 (size before relaxing)
 .comment       0x00000043       0x44 CMakeFiles/DSB1.elf.dir/Core/Src/gpio.c.obj
 .comment       0x00000043       0x44 CMakeFiles/DSB1.elf.dir/Core/Src/main.c.obj
 .comment       0x00000043       0x44 CMakeFiles/DSB1.elf.dir/Core/Src/motor/ax_encoder.c.obj
 .comment       0x00000043       0x44 CMakeFiles/DSB1.elf.dir/Core/Src/motor/ax_motor.c.obj
 .comment       0x00000043       0x44 CMakeFiles/DSB1.elf.dir/Core/Src/motor/motor_pid.c.obj
 .comment       0x00000043       0x44 CMakeFiles/DSB1.elf.dir/Core/Src/motor_frame/uart2_motor_frame.c.obj
 .comment       0x00000043       0x44 CMakeFiles/DSB1.elf.dir/Core/Src/speed_ramp/speed_ramp.c.obj
 .comment       0x00000043       0x44 CMakeFiles/DSB1.elf.dir/Core/Src/stm32f1xx_hal_msp.c.obj
 .comment       0x00000043       0x44 CMakeFiles/DSB1.elf.dir/Core/Src/stm32f1xx_it.c.obj
 .comment       0x00000043       0x44 CMakeFiles/DSB1.elf.dir/Core/Src/system_stm32f1xx.c.obj
 .comment       0x00000043       0x44 CMakeFiles/DSB1.elf.dir/Core/Src/tim.c.obj
 .comment       0x00000043       0x44 CMakeFiles/DSB1.elf.dir/Core/Src/uart2_dma_tx/uart2_dma_tx.c.obj
 .comment       0x00000043       0x44 CMakeFiles/DSB1.elf.dir/Core/Src/usart.c.obj
 .comment       0x00000043       0x44 CMakeFiles/DSB1.elf.dir/Drivers/STM32F1xx_HAL_Driver/Src/stm32f1xx_hal.c.obj
 .comment       0x00000043       0x44 CMakeFiles/DSB1.elf.dir/Drivers/STM32F1xx_HAL_Driver/Src/stm32f1xx_hal_cortex.c.obj
 .comment       0x00000043       0x44 CMakeFiles/DSB1.elf.dir/Drivers/STM32F1xx_HAL_Driver/Src/stm32f1xx_hal_dma.c.obj
 .comment       0x00000043       0x44 CMakeFiles/DSB1.elf.dir/Drivers/STM32F1xx_HAL_Driver/Src/stm32f1xx_hal_gpio.c.obj
 .comment       0x00000043       0x44 CMakeFiles/DSB1.elf.dir/Drivers/STM32F1xx_HAL_Driver/Src/stm32f1xx_hal_rcc.c.obj
 .comment       0x00000043       0x44 CMakeFiles/DSB1.elf.dir/Drivers/STM32F1xx_HAL_Driver/Src/stm32f1xx_hal_tim.c.obj
 .comment       0x00000043       0x44 CMakeFiles/DSB1.elf.dir/Drivers/STM32F1xx_HAL_Driver/Src/stm32f1xx_hal_tim_ex.c.obj
 .comment       0x00000043       0x44 CMakeFiles/DSB1.elf.dir/Drivers/STM32F1xx_HAL_Driver/Src/stm32f1xx_hal_uart.c.obj
 .comment       0x00000043       0x44 D:/Application/stm32cubeclt/STM32CubeCLT_1.18.0/GNU-tools-for-STM32/bin/../lib/gcc/arm-none-eabi/13.3.1/../../../../arm-none-eabi/lib/thumb/v7-m/nofp\libg.a(libc_a-memset.o)
 .comment       0x00000043       0x44 D:/Application/stm32cubeclt/STM32CubeCLT_1.18.0/GNU-tools-for-STM32/bin/../lib/gcc/arm-none-eabi/13.3.1/../../../../arm-none-eabi/lib/thumb/v7-m/nofp\libg.a(libc_a-init.o)
 .comment       0x00000043       0x44 D:/Application/stm32cubeclt/STM32CubeCLT_1.18.0/GNU-tools-for-STM32/bin/../lib/gcc/arm-none-eabi/13.3.1/../../../../arm-none-eabi/lib/thumb/v7-m/nofp\libg.a(libc_a-lock.o)
 .comment       0x00000043       0x44 D:/Application/stm32cubeclt/STM32CubeCLT_1.18.0/GNU-tools-for-STM32/bin/../lib/gcc/arm-none-eabi/13.3.1/../../../../arm-none-eabi/lib/thumb/v7-m/nofp\libg.a(libc_a-__call_atexit.o)
 .comment       0x00000043       0x44 D:/Application/stm32cubeclt/STM32CubeCLT_1.18.0/GNU-tools-for-STM32/bin/../lib/gcc/arm-none-eabi/13.3.1/../../../../arm-none-eabi/lib/thumb/v7-m/nofp\libg.a(libc_a-atexit.o)
 .comment       0x00000043       0x44 D:/Application/stm32cubeclt/STM32CubeCLT_1.18.0/GNU-tools-for-STM32/bin/../lib/gcc/arm-none-eabi/13.3.1/../../../../arm-none-eabi/lib/thumb/v7-m/nofp\libg.a(libc_a-fini.o)
 .comment       0x00000043       0x44 D:/Application/stm32cubeclt/STM32CubeCLT_1.18.0/GNU-tools-for-STM32/bin/../lib/gcc/arm-none-eabi/13.3.1/../../../../arm-none-eabi/lib/thumb/v7-m/nofp\libg.a(libc_a-__atexit.o)

.debug_frame    0x00000000     0x24dc
 .debug_frame   0x00000000       0x2c CMakeFiles/DSB1.elf.dir/Core/Src/dma.c.obj
 .debug_frame   0x0000002c       0x38 CMakeFiles/DSB1.elf.dir/Core/Src/gpio.c.obj
 .debug_frame   0x00000064       0x58 CMakeFiles/DSB1.elf.dir/Core/Src/main.c.obj
 .debug_frame   0x000000bc       0xb8 CMakeFiles/DSB1.elf.dir/Core/Src/motor/ax_encoder.c.obj
 .debug_frame   0x00000174       0x64 CMakeFiles/DSB1.elf.dir/Core/Src/motor/ax_motor.c.obj
 .debug_frame   0x000001d8       0x74 CMakeFiles/DSB1.elf.dir/Core/Src/motor/motor_pid.c.obj
 .debug_frame   0x0000024c       0x54 CMakeFiles/DSB1.elf.dir/Core/Src/motor_frame/uart2_motor_frame.c.obj
 .debug_frame   0x000002a0       0x2c CMakeFiles/DSB1.elf.dir/Core/Src/speed_ramp/speed_ramp.c.obj
 .debug_frame   0x000002cc       0x28 CMakeFiles/DSB1.elf.dir/Core/Src/stm32f1xx_hal_msp.c.obj
 .debug_frame   0x000002f4      0x138 CMakeFiles/DSB1.elf.dir/Core/Src/stm32f1xx_it.c.obj
 .debug_frame   0x0000042c       0x30 CMakeFiles/DSB1.elf.dir/Core/Src/system_stm32f1xx.c.obj
 .debug_frame   0x0000045c      0x1cc CMakeFiles/DSB1.elf.dir/Core/Src/tim.c.obj
 .debug_frame   0x00000628       0x64 CMakeFiles/DSB1.elf.dir/Core/Src/uart2_dma_tx/uart2_dma_tx.c.obj
 .debug_frame   0x0000068c       0x64 CMakeFiles/DSB1.elf.dir/Core/Src/usart.c.obj
 .debug_frame   0x000006f0      0x1cc CMakeFiles/DSB1.elf.dir/Drivers/STM32F1xx_HAL_Driver/Src/stm32f1xx_hal.c.obj
 .debug_frame   0x000008bc      0x19c CMakeFiles/DSB1.elf.dir/Drivers/STM32F1xx_HAL_Driver/Src/stm32f1xx_hal_cortex.c.obj
 .debug_frame   0x00000a58      0x140 CMakeFiles/DSB1.elf.dir/Drivers/STM32F1xx_HAL_Driver/Src/stm32f1xx_hal_dma.c.obj
 .debug_frame   0x00000b98       0xe4 CMakeFiles/DSB1.elf.dir/Drivers/STM32F1xx_HAL_Driver/Src/stm32f1xx_hal_gpio.c.obj
 .debug_frame   0x00000c7c      0x184 CMakeFiles/DSB1.elf.dir/Drivers/STM32F1xx_HAL_Driver/Src/stm32f1xx_hal_rcc.c.obj
 .debug_frame   0x00000e00      0xb08 CMakeFiles/DSB1.elf.dir/Drivers/STM32F1xx_HAL_Driver/Src/stm32f1xx_hal_tim.c.obj
 .debug_frame   0x00001908      0x418 CMakeFiles/DSB1.elf.dir/Drivers/STM32F1xx_HAL_Driver/Src/stm32f1xx_hal_tim_ex.c.obj
 .debug_frame   0x00001d20      0x5dc CMakeFiles/DSB1.elf.dir/Drivers/STM32F1xx_HAL_Driver/Src/stm32f1xx_hal_uart.c.obj
 .debug_frame   0x000022fc       0x20 D:/Application/stm32cubeclt/STM32CubeCLT_1.18.0/GNU-tools-for-STM32/bin/../lib/gcc/arm-none-eabi/13.3.1/../../../../arm-none-eabi/lib/thumb/v7-m/nofp\libg.a(libc_a-memset.o)
 .debug_frame   0x0000231c       0x2c D:/Application/stm32cubeclt/STM32CubeCLT_1.18.0/GNU-tools-for-STM32/bin/../lib/gcc/arm-none-eabi/13.3.1/../../../../arm-none-eabi/lib/thumb/v7-m/nofp\libg.a(libc_a-init.o)
 .debug_frame   0x00002348       0xb0 D:/Application/stm32cubeclt/STM32CubeCLT_1.18.0/GNU-tools-for-STM32/bin/../lib/gcc/arm-none-eabi/13.3.1/../../../../arm-none-eabi/lib/thumb/v7-m/nofp\libg.a(libc_a-lock.o)
 .debug_frame   0x000023f8       0x58 D:/Application/stm32cubeclt/STM32CubeCLT_1.18.0/GNU-tools-for-STM32/bin/../lib/gcc/arm-none-eabi/13.3.1/../../../../arm-none-eabi/lib/thumb/v7-m/nofp\libg.a(libc_a-__call_atexit.o)
 .debug_frame   0x00002450       0x20 D:/Application/stm32cubeclt/STM32CubeCLT_1.18.0/GNU-tools-for-STM32/bin/../lib/gcc/arm-none-eabi/13.3.1/../../../../arm-none-eabi/lib/thumb/v7-m/nofp\libg.a(libc_a-atexit.o)
 .debug_frame   0x00002470       0x38 D:/Application/stm32cubeclt/STM32CubeCLT_1.18.0/GNU-tools-for-STM32/bin/../lib/gcc/arm-none-eabi/13.3.1/../../../../arm-none-eabi/lib/thumb/v7-m/nofp\libg.a(libc_a-fini.o)
 .debug_frame   0x000024a8       0x34 D:/Application/stm32cubeclt/STM32CubeCLT_1.18.0/GNU-tools-for-STM32/bin/../lib/gcc/arm-none-eabi/13.3.1/../../../../arm-none-eabi/lib/thumb/v7-m/nofp\libg.a(libc_a-__atexit.o)

.debug_loclists
                0x00000000     0x969c
 .debug_loclists
                0x00000000       0xa9 CMakeFiles/DSB1.elf.dir/Core/Src/motor/ax_encoder.c.obj
 .debug_loclists
                0x000000a9      0x1e6 CMakeFiles/DSB1.elf.dir/Core/Src/motor/ax_motor.c.obj
 .debug_loclists
                0x0000028f      0x1a3 CMakeFiles/DSB1.elf.dir/Core/Src/motor/motor_pid.c.obj
 .debug_loclists
                0x00000432       0x52 CMakeFiles/DSB1.elf.dir/Core/Src/motor_frame/uart2_motor_frame.c.obj
 .debug_loclists
                0x00000484       0x92 CMakeFiles/DSB1.elf.dir/Core/Src/speed_ramp/speed_ramp.c.obj
 .debug_loclists
                0x00000516       0x17 CMakeFiles/DSB1.elf.dir/Core/Src/stm32f1xx_hal_msp.c.obj
 .debug_loclists
                0x0000052d       0x40 CMakeFiles/DSB1.elf.dir/Core/Src/stm32f1xx_it.c.obj
 .debug_loclists
                0x0000056d       0xb7 CMakeFiles/DSB1.elf.dir/Core/Src/system_stm32f1xx.c.obj
 .debug_loclists
                0x00000624      0x228 CMakeFiles/DSB1.elf.dir/Core/Src/tim.c.obj
 .debug_loclists
                0x0000084c       0xbc CMakeFiles/DSB1.elf.dir/Core/Src/uart2_dma_tx/uart2_dma_tx.c.obj
 .debug_loclists
                0x00000908       0x5c CMakeFiles/DSB1.elf.dir/Core/Src/usart.c.obj
 .debug_loclists
                0x00000964       0xe1 CMakeFiles/DSB1.elf.dir/Drivers/STM32F1xx_HAL_Driver/Src/stm32f1xx_hal.c.obj
 .debug_loclists
                0x00000a45      0x530 CMakeFiles/DSB1.elf.dir/Drivers/STM32F1xx_HAL_Driver/Src/stm32f1xx_hal_cortex.c.obj
 .debug_loclists
                0x00000f75      0x577 CMakeFiles/DSB1.elf.dir/Drivers/STM32F1xx_HAL_Driver/Src/stm32f1xx_hal_dma.c.obj
 .debug_loclists
                0x000014ec      0x31c CMakeFiles/DSB1.elf.dir/Drivers/STM32F1xx_HAL_Driver/Src/stm32f1xx_hal_gpio.c.obj
 .debug_loclists
                0x00001808      0x42e CMakeFiles/DSB1.elf.dir/Drivers/STM32F1xx_HAL_Driver/Src/stm32f1xx_hal_rcc.c.obj
 .debug_loclists
                0x00001c36     0x37ac CMakeFiles/DSB1.elf.dir/Drivers/STM32F1xx_HAL_Driver/Src/stm32f1xx_hal_tim.c.obj
 .debug_loclists
                0x000053e2     0x13c9 CMakeFiles/DSB1.elf.dir/Drivers/STM32F1xx_HAL_Driver/Src/stm32f1xx_hal_tim_ex.c.obj
 .debug_loclists
                0x000067ab     0x2c86 CMakeFiles/DSB1.elf.dir/Drivers/STM32F1xx_HAL_Driver/Src/stm32f1xx_hal_uart.c.obj
 .debug_loclists
                0x00009431       0x3b D:/Application/stm32cubeclt/STM32CubeCLT_1.18.0/GNU-tools-for-STM32/bin/../lib/gcc/arm-none-eabi/13.3.1/../../../../arm-none-eabi/lib/thumb/v7-m/nofp\libg.a(libc_a-memset.o)
 .debug_loclists
                0x0000946c       0x34 D:/Application/stm32cubeclt/STM32CubeCLT_1.18.0/GNU-tools-for-STM32/bin/../lib/gcc/arm-none-eabi/13.3.1/../../../../arm-none-eabi/lib/thumb/v7-m/nofp\libg.a(libc_a-init.o)
 .debug_loclists
                0x000094a0       0x29 D:/Application/stm32cubeclt/STM32CubeCLT_1.18.0/GNU-tools-for-STM32/bin/../lib/gcc/arm-none-eabi/13.3.1/../../../../arm-none-eabi/lib/thumb/v7-m/nofp\libg.a(libc_a-lock.o)
 .debug_loclists
                0x000094c9       0xda D:/Application/stm32cubeclt/STM32CubeCLT_1.18.0/GNU-tools-for-STM32/bin/../lib/gcc/arm-none-eabi/13.3.1/../../../../arm-none-eabi/lib/thumb/v7-m/nofp\libg.a(libc_a-__call_atexit.o)
 .debug_loclists
                0x000095a3       0x30 D:/Application/stm32cubeclt/STM32CubeCLT_1.18.0/GNU-tools-for-STM32/bin/../lib/gcc/arm-none-eabi/13.3.1/../../../../arm-none-eabi/lib/thumb/v7-m/nofp\libg.a(libc_a-atexit.o)
 .debug_loclists
                0x000095d3       0x3b D:/Application/stm32cubeclt/STM32CubeCLT_1.18.0/GNU-tools-for-STM32/bin/../lib/gcc/arm-none-eabi/13.3.1/../../../../arm-none-eabi/lib/thumb/v7-m/nofp\libg.a(libc_a-fini.o)
 .debug_loclists
                0x0000960e       0x8e D:/Application/stm32cubeclt/STM32CubeCLT_1.18.0/GNU-tools-for-STM32/bin/../lib/gcc/arm-none-eabi/13.3.1/../../../../arm-none-eabi/lib/thumb/v7-m/nofp\libg.a(libc_a-__atexit.o)

.debug_line_str
                0x00000000       0x57
 .debug_line_str
                0x00000000       0x57 CMakeFiles/DSB1.elf.dir/Core/Startup/startup_stm32f103rctx.s.obj
