Archive member included to satisfy reference by file (symbol)

e:/gcc-arm-none-eabi-10.3-2021.10/bin/../lib/gcc/arm-none-eabi/10.3.1/../../../../arm-none-eabi/lib/thumb/v7-m/nofp\libg.a(lib_a-errno.o)
                              CMakeFiles/DSB1.elf.dir/Core/Src/syscalls.c.obj (__errno)
e:/gcc-arm-none-eabi-10.3-2021.10/bin/../lib/gcc/arm-none-eabi/10.3.1/../../../../arm-none-eabi/lib/thumb/v7-m/nofp\libg.a(lib_a-exit.o)
                              e:/gcc-arm-none-eabi-10.3-2021.10/bin/../lib/gcc/arm-none-eabi/10.3.1/../../../../arm-none-eabi/lib/thumb/v7-m/nofp/crt0.o (exit)
e:/gcc-arm-none-eabi-10.3-2021.10/bin/../lib/gcc/arm-none-eabi/10.3.1/../../../../arm-none-eabi/lib/thumb/v7-m/nofp\libg.a(lib_a-impure.o)
                              e:/gcc-arm-none-eabi-10.3-2021.10/bin/../lib/gcc/arm-none-eabi/10.3.1/../../../../arm-none-eabi/lib/thumb/v7-m/nofp\libg.a(lib_a-exit.o) (_global_impure_ptr)
e:/gcc-arm-none-eabi-10.3-2021.10/bin/../lib/gcc/arm-none-eabi/10.3.1/../../../../arm-none-eabi/lib/thumb/v7-m/nofp\libg.a(lib_a-init.o)
                              e:/gcc-arm-none-eabi-10.3-2021.10/bin/../lib/gcc/arm-none-eabi/10.3.1/../../../../arm-none-eabi/lib/thumb/v7-m/nofp/crt0.o (__libc_init_array)
e:/gcc-arm-none-eabi-10.3-2021.10/bin/../lib/gcc/arm-none-eabi/10.3.1/../../../../arm-none-eabi/lib/thumb/v7-m/nofp\libg.a(lib_a-memset.o)
                              e:/gcc-arm-none-eabi-10.3-2021.10/bin/../lib/gcc/arm-none-eabi/10.3.1/../../../../arm-none-eabi/lib/thumb/v7-m/nofp/crt0.o (memset)
e:/gcc-arm-none-eabi-10.3-2021.10/bin/../lib/gcc/arm-none-eabi/10.3.1/../../../../arm-none-eabi/lib/thumb/v7-m/nofp\libg.a(lib_a-__call_atexit.o)
                              e:/gcc-arm-none-eabi-10.3-2021.10/bin/../lib/gcc/arm-none-eabi/10.3.1/../../../../arm-none-eabi/lib/thumb/v7-m/nofp\libg.a(lib_a-exit.o) (__call_exitprocs)
e:/gcc-arm-none-eabi-10.3-2021.10/bin/../lib/gcc/arm-none-eabi/10.3.1/../../../../arm-none-eabi/lib/thumb/v7-m/nofp\libg.a(lib_a-atexit.o)
                              e:/gcc-arm-none-eabi-10.3-2021.10/bin/../lib/gcc/arm-none-eabi/10.3.1/../../../../arm-none-eabi/lib/thumb/v7-m/nofp\libg.a(lib_a-__call_atexit.o) (atexit)
e:/gcc-arm-none-eabi-10.3-2021.10/bin/../lib/gcc/arm-none-eabi/10.3.1/../../../../arm-none-eabi/lib/thumb/v7-m/nofp\libg.a(lib_a-fini.o)
                              e:/gcc-arm-none-eabi-10.3-2021.10/bin/../lib/gcc/arm-none-eabi/10.3.1/../../../../arm-none-eabi/lib/thumb/v7-m/nofp\libg.a(lib_a-__call_atexit.o) (__libc_fini_array)
e:/gcc-arm-none-eabi-10.3-2021.10/bin/../lib/gcc/arm-none-eabi/10.3.1/../../../../arm-none-eabi/lib/thumb/v7-m/nofp\libg.a(lib_a-lock.o)
                              e:/gcc-arm-none-eabi-10.3-2021.10/bin/../lib/gcc/arm-none-eabi/10.3.1/../../../../arm-none-eabi/lib/thumb/v7-m/nofp\libg.a(lib_a-__call_atexit.o) (__retarget_lock_acquire_recursive)
e:/gcc-arm-none-eabi-10.3-2021.10/bin/../lib/gcc/arm-none-eabi/10.3.1/../../../../arm-none-eabi/lib/thumb/v7-m/nofp\libg.a(lib_a-__atexit.o)
                              e:/gcc-arm-none-eabi-10.3-2021.10/bin/../lib/gcc/arm-none-eabi/10.3.1/../../../../arm-none-eabi/lib/thumb/v7-m/nofp\libg.a(lib_a-atexit.o) (__register_exitproc)

Discarded input sections

 .text          0x00000000        0x0 e:/gcc-arm-none-eabi-10.3-2021.10/bin/../lib/gcc/arm-none-eabi/10.3.1/thumb/v7-m/nofp/crti.o
 .data          0x00000000        0x0 e:/gcc-arm-none-eabi-10.3-2021.10/bin/../lib/gcc/arm-none-eabi/10.3.1/thumb/v7-m/nofp/crti.o
 .bss           0x00000000        0x0 e:/gcc-arm-none-eabi-10.3-2021.10/bin/../lib/gcc/arm-none-eabi/10.3.1/thumb/v7-m/nofp/crti.o
 .data          0x00000000        0x4 e:/gcc-arm-none-eabi-10.3-2021.10/bin/../lib/gcc/arm-none-eabi/10.3.1/thumb/v7-m/nofp/crtbegin.o
 .rodata        0x00000000       0x24 e:/gcc-arm-none-eabi-10.3-2021.10/bin/../lib/gcc/arm-none-eabi/10.3.1/thumb/v7-m/nofp/crtbegin.o
 .text          0x00000000       0x7c e:/gcc-arm-none-eabi-10.3-2021.10/bin/../lib/gcc/arm-none-eabi/10.3.1/../../../../arm-none-eabi/lib/thumb/v7-m/nofp/crt0.o
 .data          0x00000000        0x0 e:/gcc-arm-none-eabi-10.3-2021.10/bin/../lib/gcc/arm-none-eabi/10.3.1/../../../../arm-none-eabi/lib/thumb/v7-m/nofp/crt0.o
 .bss           0x00000000        0x0 e:/gcc-arm-none-eabi-10.3-2021.10/bin/../lib/gcc/arm-none-eabi/10.3.1/../../../../arm-none-eabi/lib/thumb/v7-m/nofp/crt0.o
 .ARM.extab     0x00000000        0x0 e:/gcc-arm-none-eabi-10.3-2021.10/bin/../lib/gcc/arm-none-eabi/10.3.1/../../../../arm-none-eabi/lib/thumb/v7-m/nofp/crt0.o
 .ARM.exidx     0x00000000       0x10 e:/gcc-arm-none-eabi-10.3-2021.10/bin/../lib/gcc/arm-none-eabi/10.3.1/../../../../arm-none-eabi/lib/thumb/v7-m/nofp/crt0.o
 .ARM.attributes
                0x00000000       0x1b e:/gcc-arm-none-eabi-10.3-2021.10/bin/../lib/gcc/arm-none-eabi/10.3.1/../../../../arm-none-eabi/lib/thumb/v7-m/nofp/crt0.o
 .text          0x00000000        0x0 CMakeFiles/DSB1.elf.dir/Core/Src/dma.c.obj
[...]
Memory Configuration

Name             Origin             Length             Attributes
RAM              0x20000000         0x0000c000         xrw
FLASH            0x08000000         0x00040000         xr
*default*        0x00000000         0xffffffff

Linker script and memory map

LOAD e:/gcc-arm-none-eabi-10.3-2021.10/bin/../lib/gcc/arm-none-eabi/10.3.1/thumb/v7-m/nofp/crti.o
LOAD e:/gcc-arm-none-eabi-10.3-2021.10/bin/../lib/gcc/arm-none-eabi/10.3.1/thumb/v7-m/nofp/crtbegin.o
LOAD e:/gcc-arm-none-eabi-10.3-2021.10/bin/../lib/gcc/arm-none-eabi/10.3.1/../../../../arm-none-eabi/lib/thumb/v7-m/nofp/crt0.o
LOAD CMakeFiles/DSB1.elf.dir/Core/Src/dma.c.obj
LOAD CMakeFiles/DSB1.elf.dir/Core/Src/gpio.c.obj
LOAD CMakeFiles/DSB1.elf.dir/Core/Src/main.c.obj
LOAD CMakeFiles/DSB1.elf.dir/Core/Src/motor/ax_encoder.c.obj
LOAD CMakeFiles/DSB1.elf.dir/Core/Src/motor/ax_motor.c.obj
LOAD CMakeFiles/DSB1.elf.dir/Core/Src/motor/motor_pid.c.obj
LOAD CMakeFiles/DSB1.elf.dir/Core/Src/motor_frame/uart2_motor_frame.c.obj
LOAD CMakeFiles/DSB1.elf.dir/Core/Src/speed_ramp/speed_ramp.c.obj
LOAD CMakeFiles/DSB1.elf.dir/Core/Src/stm32f1xx_hal_msp.c.obj
LOAD CMakeFiles/DSB1.elf.dir/Core/Src/stm32f1xx_it.c.obj
LOAD CMakeFiles/DSB1.elf.dir/Core/Src/syscalls.c.obj
LOAD CMakeFiles/DSB1.elf.dir/Core/Src/sysmem.c.obj
LOAD CMakeFiles/DSB1.elf.dir/Core/Src/system_stm32f1xx.c.obj
LOAD CMakeFiles/DSB1.elf.dir/Core/Src/tim.c.obj
LOAD CMakeFiles/DSB1.elf.dir/Core/Src/uart2_dma_tx/uart2_dma_tx.c.obj
LOAD CMakeFiles/DSB1.elf.dir/Core/Src/usart.c.obj
LOAD CMakeFiles/DSB1.elf.dir/Core/Startup/startup_stm32f103rctx.s.obj
LOAD CMakeFiles/DSB1.elf.dir/Drivers/STM32F1xx_HAL_Driver/Src/stm32f1xx_hal.c.obj
LOAD CMakeFiles/DSB1.elf.dir/Drivers/STM32F1xx_HAL_Driver/Src/stm32f1xx_hal_cortex.c.obj
LOAD CMakeFiles/DSB1.elf.dir/Drivers/STM32F1xx_HAL_Driver/Src/stm32f1xx_hal_dma.c.obj
LOAD CMakeFiles/DSB1.elf.dir/Drivers/STM32F1xx_HAL_Driver/Src/stm32f1xx_hal_exti.c.obj
LOAD CMakeFiles/DSB1.elf.dir/Drivers/STM32F1xx_HAL_Driver/Src/stm32f1xx_hal_flash.c.obj
LOAD CMakeFiles/DSB1.elf.dir/Drivers/STM32F1xx_HAL_Driver/Src/stm32f1xx_hal_flash_ex.c.obj
LOAD CMakeFiles/DSB1.elf.dir/Drivers/STM32F1xx_HAL_Driver/Src/stm32f1xx_hal_gpio.c.obj
LOAD CMakeFiles/DSB1.elf.dir/Drivers/STM32F1xx_HAL_Driver/Src/stm32f1xx_hal_gpio_ex.c.obj
LOAD CMakeFiles/DSB1.elf.dir/Drivers/STM32F1xx_HAL_Driver/Src/stm32f1xx_hal_pwr.c.obj
LOAD CMakeFiles/DSB1.elf.dir/Drivers/STM32F1xx_HAL_Driver/Src/stm32f1xx_hal_rcc.c.obj
LOAD CMakeFiles/DSB1.elf.dir/Drivers/STM32F1xx_HAL_Driver/Src/stm32f1xx_hal_rcc_ex.c.obj
LOAD CMakeFiles/DSB1.elf.dir/Drivers/STM32F1xx_HAL_Driver/Src/stm32f1xx_hal_tim.c.obj
LOAD CMakeFiles/DSB1.elf.dir/Drivers/STM32F1xx_HAL_Driver/Src/stm32f1xx_hal_tim_ex.c.obj
LOAD CMakeFiles/DSB1.elf.dir/Drivers/STM32F1xx_HAL_Driver/Src/stm32f1xx_hal_uart.c.obj
START GROUP
LOAD e:/gcc-arm-none-eabi-10.3-2021.10/bin/../lib/gcc/arm-none-eabi/10.3.1/thumb/v7-m/nofp\libgcc.a
LOAD e:/gcc-arm-none-eabi-10.3-2021.10/bin/../lib/gcc/arm-none-eabi/10.3.1/../../../../arm-none-eabi/lib/thumb/v7-m/nofp\libg.a
LOAD e:/gcc-arm-none-eabi-10.3-2021.10/bin/../lib/gcc/arm-none-eabi/10.3.1/../../../../arm-none-eabi/lib/thumb/v7-m/nofp\libc.a
END GROUP
LOAD e:/gcc-arm-none-eabi-10.3-2021.10/bin/../lib/gcc/arm-none-eabi/10.3.1/thumb/v7-m/nofp/crtend.o
LOAD e:/gcc-arm-none-eabi-10.3-2021.10/bin/../lib/gcc/arm-none-eabi/10.3.1/thumb/v7-m/nofp/crtn.o
                0x2000c000                _estack = (ORIGIN (RAM) + LENGTH (RAM))
                0x00000200                _Min_Heap_Size = 0x200
                0x00000400                _Min_Stack_Size = 0x400

.isr_vector     0x08000000      0x1e4
                0x08000000                . = ALIGN (0x4)
 *(.isr_vector)
 .isr_vector    0x08000000      0x1e4 CMakeFiles/DSB1.elf.dir/Core/Startup/startup_stm32f103rctx.s.obj
                0x08000000                g_pfnVectors
                0x080001e4                . = ALIGN (0x4)

.text           0x080001e4     0x33c8
                0x080001e4                . = ALIGN (0x4)
 *(.text)
 .text          0x080001e4       0x40 e:/gcc-arm-none-eabi-10.3-2021.10/bin/../lib/gcc/arm-none-eabi/10.3.1/thumb/v7-m/nofp/crtbegin.o
 *(.text*)
 .text.MX_DMA_Init
                0x08000224       0x34 CMakeFiles/DSB1.elf.dir/Core/Src/dma.c.obj
                0x08000224                MX_DMA_Init
 .text.MX_GPIO_Init
                0x08000258       0xc8 CMakeFiles/DSB1.elf.dir/Core/Src/gpio.c.obj
                0x08000258                MX_GPIO_Init
 .text.Error_Handler
                0x08000320        0x4 CMakeFiles/DSB1.elf.dir/Core/Src/main.c.obj
                0x08000320                Error_Handler
 .text.SystemClock_Config
                0x08000324       0x64 CMakeFiles/DSB1.elf.dir/Core/Src/main.c.obj
                0x08000324                SystemClock_Config
 .text.main     0x08000388       0x88 CMakeFiles/DSB1.elf.dir/Core/Src/main.c.obj
                0x08000388                main
 .text.Encoder_Read
                0x08000410        0xc CMakeFiles/DSB1.elf.dir/Core/Src/motor/ax_encoder.c.obj
 .text.Encoder_Init
                0x0800041c       0x34 CMakeFiles/DSB1.elf.dir/Core/Src/motor/ax_encoder.c.obj
                0x0800041c                Encoder_Init
 .text.GetEncoder_A
                0x08000450       0x1c CMakeFiles/DSB1.elf.dir/Core/Src/motor/ax_encoder.c.obj
                0x08000450                GetEncoder_A
 .text.GetEncoder_B
                0x0800046c       0x1c CMakeFiles/DSB1.elf.dir/Core/Src/motor/ax_encoder.c.obj
                0x0800046c                GetEncoder_B
 .text.GetEncoder_C
                0x08000488       0x1c CMakeFiles/DSB1.elf.dir/Core/Src/motor/ax_encoder.c.obj
                0x08000488                GetEncoder_C
 .text.GetEncoder_D
                0x080004a4       0x1c CMakeFiles/DSB1.elf.dir/Core/Src/motor/ax_encoder.c.obj
                0x080004a4                GetEncoder_D
 .text.GetEncoder_Position
                0x080004c0       0x24 CMakeFiles/DSB1.elf.dir/Core/Src/motor/ax_encoder.c.obj
                0x080004c0                GetEncoder_Position
 .text.Encoder_ResetAll
                0x080004e4       0x18 CMakeFiles/DSB1.elf.dir/Core/Src/motor/ax_encoder.c.obj
                0x080004e4                Encoder_ResetAll
 .text.Set_Single_Motor
                0x080004fc       0xbc CMakeFiles/DSB1.elf.dir/Core/Src/motor/ax_motor.c.obj
 .text.Motor_Init
                0x080005b8       0x2c CMakeFiles/DSB1.elf.dir/Core/Src/motor/ax_motor.c.obj
                0x080005b8                Motor_Init
 .text.Motor_OutPut
                0x080005e4       0x2a CMakeFiles/DSB1.elf.dir/Core/Src/motor/ax_motor.c.obj
                0x080005e4                Motor_OutPut
 *fill*         0x0800060e        0x2 
 .text.PID_Control
                0x08000610       0x8c CMakeFiles/DSB1.elf.dir/Core/Src/motor/motor_pid.c.obj
 .text.PID_Init
                0x0800069c       0x48 CMakeFiles/DSB1.elf.dir/Core/Src/motor/motor_pid.c.obj
                0x0800069c                PID_Init
 .text.Update_Motors
                0x080006e4       0x58 CMakeFiles/DSB1.elf.dir/Core/Src/motor/motor_pid.c.obj
                0x080006e4                Update_Motors
 .text.Motor_Speed_PID_Control
                0x0800073c       0x44 CMakeFiles/DSB1.elf.dir/Core/Src/motor/motor_pid.c.obj
                0x0800073c                Motor_Speed_PID_Control
 .text.parseFrame
                0x08000780       0x44 CMakeFiles/DSB1.elf.dir/Core/Src/motor_frame/uart2_motor_frame.c.obj
 .text.MotorFrame_UART2_Init
                0x080007c4       0x18 CMakeFiles/DSB1.elf.dir/Core/Src/motor_frame/uart2_motor_frame.c.obj
                0x080007c4                MotorFrame_UART2_Init
 .text.MotorFrame_UART2_RxCallback
                0x080007dc      0x104 CMakeFiles/DSB1.elf.dir/Core/Src/motor_frame/uart2_motor_frame.c.obj
                0x080007dc                MotorFrame_UART2_RxCallback
 .text.SpeedRamp_Update
                0x080008e0       0x7c CMakeFiles/DSB1.elf.dir/Core/Src/speed_ramp/speed_ramp.c.obj
                0x080008e0                SpeedRamp_Update
 .text.HAL_MspInit
                0x0800095c       0x44 CMakeFiles/DSB1.elf.dir/Core/Src/stm32f1xx_hal_msp.c.obj
                0x0800095c                HAL_MspInit
 .text.NMI_Handler
                0x080009a0        0x2 CMakeFiles/DSB1.elf.dir/Core/Src/stm32f1xx_it.c.obj
                0x080009a0                NMI_Handler
 .text.HardFault_Handler
                0x080009a2        0x2 CMakeFiles/DSB1.elf.dir/Core/Src/stm32f1xx_it.c.obj
                0x080009a2                HardFault_Handler
 .text.MemManage_Handler
                0x080009a4        0x2 CMakeFiles/DSB1.elf.dir/Core/Src/stm32f1xx_it.c.obj
                0x080009a4                MemManage_Handler
 .text.BusFault_Handler
                0x080009a6        0x2 CMakeFiles/DSB1.elf.dir/Core/Src/stm32f1xx_it.c.obj
                0x080009a6                BusFault_Handler
 .text.UsageFault_Handler
                0x080009a8        0x2 CMakeFiles/DSB1.elf.dir/Core/Src/stm32f1xx_it.c.obj
                0x080009a8                UsageFault_Handler
 .text.SVC_Handler
                0x080009aa        0x2 CMakeFiles/DSB1.elf.dir/Core/Src/stm32f1xx_it.c.obj
                0x080009aa                SVC_Handler
 .text.DebugMon_Handler
                0x080009ac        0x2 CMakeFiles/DSB1.elf.dir/Core/Src/stm32f1xx_it.c.obj
                0x080009ac                DebugMon_Handler
 .text.PendSV_Handler
                0x080009ae        0x2 CMakeFiles/DSB1.elf.dir/Core/Src/stm32f1xx_it.c.obj
                0x080009ae                PendSV_Handler
 .text.SysTick_Handler
                0x080009b0        0x8 CMakeFiles/DSB1.elf.dir/Core/Src/stm32f1xx_it.c.obj
                0x080009b0                SysTick_Handler
 .text.DMA1_Channel7_IRQHandler
                0x080009b8       0x10 CMakeFiles/DSB1.elf.dir/Core/Src/stm32f1xx_it.c.obj
                0x080009b8                DMA1_Channel7_IRQHandler
 .text.USART2_IRQHandler
                0x080009c8       0x10 CMakeFiles/DSB1.elf.dir/Core/Src/stm32f1xx_it.c.obj
                0x080009c8                USART2_IRQHandler
 .text.TIM8_UP_IRQHandler
                0x080009d8       0x14 CMakeFiles/DSB1.elf.dir/Core/Src/stm32f1xx_it.c.obj
                0x080009d8                TIM8_UP_IRQHandler
 .text.TIM6_IRQHandler
                0x080009ec       0x28 CMakeFiles/DSB1.elf.dir/Core/Src/stm32f1xx_it.c.obj
                0x080009ec                TIM6_IRQHandler
 .text.TIM7_IRQHandler
                0x08000a14       0x14 CMakeFiles/DSB1.elf.dir/Core/Src/stm32f1xx_it.c.obj
                0x08000a14                TIM7_IRQHandler
 .text.HAL_UART_RxCpltCallback
                0x08000a28       0x18 CMakeFiles/DSB1.elf.dir/Core/Src/stm32f1xx_it.c.obj
                0x08000a28                HAL_UART_RxCpltCallback
 .text.SystemInit
                0x08000a40        0x2 CMakeFiles/DSB1.elf.dir/Core/Src/system_stm32f1xx.c.obj
                0x08000a40                SystemInit
 *fill*         0x08000a42        0x2 
 .text.MX_TIM2_Init
                0x08000a44       0x64 CMakeFiles/DSB1.elf.dir/Core/Src/tim.c.obj
                0x08000a44                MX_TIM2_Init
 .text.MX_TIM3_Init
                0x08000aa8       0x64 CMakeFiles/DSB1.elf.dir/Core/Src/tim.c.obj
                0x08000aa8                MX_TIM3_Init
 .text.MX_TIM4_Init
                0x08000b0c       0x64 CMakeFiles/DSB1.elf.dir/Core/Src/tim.c.obj
                0x08000b0c                MX_TIM4_Init
 .text.MX_TIM5_Init
                0x08000b70       0x64 CMakeFiles/DSB1.elf.dir/Core/Src/tim.c.obj
                0x08000b70                MX_TIM5_Init
 .text.MX_TIM6_Init
                0x08000bd4       0x50 CMakeFiles/DSB1.elf.dir/Core/Src/tim.c.obj
                0x08000bd4                MX_TIM6_Init
 .text.MX_TIM7_Init
                0x08000c24       0x50 CMakeFiles/DSB1.elf.dir/Core/Src/tim.c.obj
                0x08000c24                MX_TIM7_Init
 .text.MX_TIM8_Init
                0x08000c74       0x74 CMakeFiles/DSB1.elf.dir/Core/Src/tim.c.obj
                0x08000c74                MX_TIM8_Init
 .text.HAL_TIM_PWM_MspInit
                0x08000ce8       0x2c CMakeFiles/DSB1.elf.dir/Core/Src/tim.c.obj
                0x08000ce8                HAL_TIM_PWM_MspInit
 .text.HAL_TIM_Encoder_MspInit
                0x08000d14      0x154 CMakeFiles/DSB1.elf.dir/Core/Src/tim.c.obj
                0x08000d14                HAL_TIM_Encoder_MspInit
 .text.HAL_TIM_Base_MspInit
                0x08000e68       0xa0 CMakeFiles/DSB1.elf.dir/Core/Src/tim.c.obj
                0x08000e68                HAL_TIM_Base_MspInit
 .text.HAL_TIM_MspPostInit
                0x08000f08       0x50 CMakeFiles/DSB1.elf.dir/Core/Src/tim.c.obj
                0x08000f08                HAL_TIM_MspPostInit
 .text.MX_TIM1_Init
                0x08000f58       0xf0 CMakeFiles/DSB1.elf.dir/Core/Src/tim.c.obj
                0x08000f58                MX_TIM1_Init
 .text.PreparePacket
                0x08001048       0x58 CMakeFiles/DSB1.elf.dir/Core/Src/uart2_dma_tx/uart2_dma_tx.c.obj
 .text.Uart2DmaSendPacket
                0x080010a0       0x30 CMakeFiles/DSB1.elf.dir/Core/Src/uart2_dma_tx/uart2_dma_tx.c.obj
                0x080010a0                Uart2DmaSendPacket
 .text.HAL_UART_TxCpltCallback
                0x080010d0       0x1c CMakeFiles/DSB1.elf.dir/Core/Src/uart2_dma_tx/uart2_dma_tx.c.obj
                0x080010d0                HAL_UART_TxCpltCallback
 .text.HAL_UART_ErrorCallback
                0x080010ec       0x1c CMakeFiles/DSB1.elf.dir/Core/Src/uart2_dma_tx/uart2_dma_tx.c.obj
                0x080010ec                HAL_UART_ErrorCallback
 .text.MX_USART2_UART_Init
                0x08001108       0x34 CMakeFiles/DSB1.elf.dir/Core/Src/usart.c.obj
                0x08001108                MX_USART2_UART_Init
 .text.HAL_UART_MspInit
                0x0800113c       0xbc CMakeFiles/DSB1.elf.dir/Core/Src/usart.c.obj
                0x0800113c                HAL_UART_MspInit
 .text.Reset_Handler
                0x080011f8       0x48 CMakeFiles/DSB1.elf.dir/Core/Startup/startup_stm32f103rctx.s.obj
                0x080011f8                Reset_Handler
 .text.Default_Handler
                0x08001240        0x2 CMakeFiles/DSB1.elf.dir/Core/Startup/startup_stm32f103rctx.s.obj
                0x08001240                RTC_Alarm_IRQHandler
                0x08001240                EXTI2_IRQHandler
                0x08001240                TIM8_TRG_COM_IRQHandler
                0x08001240                TIM8_CC_IRQHandler
                0x08001240                TIM1_CC_IRQHandler
                0x08001240                PVD_IRQHandler
                0x08001240                SDIO_IRQHandler
                0x08001240                EXTI3_IRQHandler
                0x08001240                EXTI0_IRQHandler
                0x08001240                I2C2_EV_IRQHandler
                0x08001240                ADC1_2_IRQHandler
                0x08001240                SPI1_IRQHandler
                0x08001240                TAMPER_IRQHandler
                0x08001240                DMA2_Channel2_IRQHandler
                0x08001240                DMA1_Channel4_IRQHandler
                0x08001240                USART3_IRQHandler
                0x08001240                RTC_IRQHandler
                0x08001240                CAN1_RX1_IRQHandler
                0x08001240                UART5_IRQHandler
                0x08001240                ADC3_IRQHandler
                0x08001240                TIM4_IRQHandler
                0x08001240                DMA2_Channel1_IRQHandler
                0x08001240                I2C1_EV_IRQHandler
                0x08001240                DMA1_Channel6_IRQHandler
                0x08001240                UART4_IRQHandler
                0x08001240                TIM3_IRQHandler
                0x08001240                RCC_IRQHandler
                0x08001240                TIM1_TRG_COM_IRQHandler
                0x08001240                DMA1_Channel1_IRQHandler
                0x08001240                Default_Handler
                0x08001240                EXTI15_10_IRQHandler
                0x08001240                TIM5_IRQHandler
                0x08001240                EXTI9_5_IRQHandler
                0x08001240                SPI2_IRQHandler
                0x08001240                DMA1_Channel5_IRQHandler
                0x08001240                EXTI4_IRQHandler
                0x08001240                USB_LP_CAN1_RX0_IRQHandler
                0x08001240                USB_HP_CAN1_TX_IRQHandler
                0x08001240                DMA1_Channel3_IRQHandler
                0x08001240                FSMC_IRQHandler
                0x08001240                TIM1_UP_IRQHandler
                0x08001240                WWDG_IRQHandler
                0x08001240                TIM2_IRQHandler
                0x08001240                TIM1_BRK_IRQHandler
                0x08001240                EXTI1_IRQHandler
                0x08001240                DMA2_Channel4_5_IRQHandler
                0x08001240                I2C2_ER_IRQHandler
                0x08001240                DMA1_Channel2_IRQHandler
                0x08001240                TIM8_BRK_IRQHandler
                0x08001240                CAN1_SCE_IRQHandler
                0x08001240                FLASH_IRQHandler
                0x08001240                USART1_IRQHandler
                0x08001240                SPI3_IRQHandler
                0x08001240                I2C1_ER_IRQHandler
                0x08001240                USBWakeUp_IRQHandler
                0x08001240                DMA2_Channel3_IRQHandler
 *fill*         0x08001242        0x2 
 .text.HAL_InitTick
                0x08001244       0x4c CMakeFiles/DSB1.elf.dir/Drivers/STM32F1xx_HAL_Driver/Src/stm32f1xx_hal.c.obj
                0x08001244                HAL_InitTick
 .text.HAL_Init
                0x08001290       0x24 CMakeFiles/DSB1.elf.dir/Drivers/STM32F1xx_HAL_Driver/Src/stm32f1xx_hal.c.obj
                0x08001290                HAL_Init
 .text.HAL_IncTick
                0x080012b4       0x18 CMakeFiles/DSB1.elf.dir/Drivers/STM32F1xx_HAL_Driver/Src/stm32f1xx_hal.c.obj
                0x080012b4                HAL_IncTick
 .text.HAL_GetTick
                0x080012cc        0xc CMakeFiles/DSB1.elf.dir/Drivers/STM32F1xx_HAL_Driver/Src/stm32f1xx_hal.c.obj
                0x080012cc                HAL_GetTick
 .text.HAL_Delay
                0x080012d8       0x28 CMakeFiles/DSB1.elf.dir/Drivers/STM32F1xx_HAL_Driver/Src/stm32f1xx_hal.c.obj
                0x080012d8                HAL_Delay
 .text.HAL_NVIC_SetPriorityGrouping
                0x08001300       0x24 CMakeFiles/DSB1.elf.dir/Drivers/STM32F1xx_HAL_Driver/Src/stm32f1xx_hal_cortex.c.obj
                0x08001300                HAL_NVIC_SetPriorityGrouping
 .text.HAL_NVIC_SetPriority
                0x08001324       0x70 CMakeFiles/DSB1.elf.dir/Drivers/STM32F1xx_HAL_Driver/Src/stm32f1xx_hal_cortex.c.obj
                0x08001324                HAL_NVIC_SetPriority
 .text.HAL_NVIC_EnableIRQ
                0x08001394       0x1c CMakeFiles/DSB1.elf.dir/Drivers/STM32F1xx_HAL_Driver/Src/stm32f1xx_hal_cortex.c.obj
                0x08001394                HAL_NVIC_EnableIRQ
 .text.HAL_SYSTICK_Config
                0x080013b0       0x28 CMakeFiles/DSB1.elf.dir/Drivers/STM32F1xx_HAL_Driver/Src/stm32f1xx_hal_cortex.c.obj
                0x080013b0                HAL_SYSTICK_Config
 .text.DMA_SetConfig
                0x080013d8       0x2c CMakeFiles/DSB1.elf.dir/Drivers/STM32F1xx_HAL_Driver/Src/stm32f1xx_hal_dma.c.obj
 .text.HAL_DMA_Init
                0x08001404       0x98 CMakeFiles/DSB1.elf.dir/Drivers/STM32F1xx_HAL_Driver/Src/stm32f1xx_hal_dma.c.obj
                0x08001404                HAL_DMA_Init
 .text.HAL_DMA_Start_IT
                0x0800149c       0x76 CMakeFiles/DSB1.elf.dir/Drivers/STM32F1xx_HAL_Driver/Src/stm32f1xx_hal_dma.c.obj
                0x0800149c                HAL_DMA_Start_IT
 .text.HAL_DMA_Abort
                0x08001512       0x46 CMakeFiles/DSB1.elf.dir/Drivers/STM32F1xx_HAL_Driver/Src/stm32f1xx_hal_dma.c.obj
                0x08001512                HAL_DMA_Abort
 .text.HAL_DMA_Abort_IT
                0x08001558      0x16c CMakeFiles/DSB1.elf.dir/Drivers/STM32F1xx_HAL_Driver/Src/stm32f1xx_hal_dma.c.obj
                0x08001558                HAL_DMA_Abort_IT
 .text.HAL_DMA_IRQHandler
                0x080016c4      0x2ec CMakeFiles/DSB1.elf.dir/Drivers/STM32F1xx_HAL_Driver/Src/stm32f1xx_hal_dma.c.obj
                0x080016c4                HAL_DMA_IRQHandler
 .text.HAL_GPIO_Init
                0x080019b0      0x240 CMakeFiles/DSB1.elf.dir/Drivers/STM32F1xx_HAL_Driver/Src/stm32f1xx_hal_gpio.c.obj
                0x080019b0                HAL_GPIO_Init
 .text.HAL_GPIO_WritePin
                0x08001bf0        0xc CMakeFiles/DSB1.elf.dir/Drivers/STM32F1xx_HAL_Driver/Src/stm32f1xx_hal_gpio.c.obj
                0x08001bf0                HAL_GPIO_WritePin
 .text.RCC_Delay
                0x08001bfc       0x2c CMakeFiles/DSB1.elf.dir/Drivers/STM32F1xx_HAL_Driver/Src/stm32f1xx_hal_rcc.c.obj
 .text.HAL_RCC_OscConfig
                0x08001c28      0x410 CMakeFiles/DSB1.elf.dir/Drivers/STM32F1xx_HAL_Driver/Src/stm32f1xx_hal_rcc.c.obj
                0x08001c28                HAL_RCC_OscConfig
 .text.HAL_RCC_GetSysClockFreq
                0x08002038       0x54 CMakeFiles/DSB1.elf.dir/Drivers/STM32F1xx_HAL_Driver/Src/stm32f1xx_hal_rcc.c.obj
                0x08002038                HAL_RCC_GetSysClockFreq
 .text.HAL_RCC_ClockConfig
                0x0800208c      0x16c CMakeFiles/DSB1.elf.dir/Drivers/STM32F1xx_HAL_Driver/Src/stm32f1xx_hal_rcc.c.obj
                0x0800208c                HAL_RCC_ClockConfig
 .text.HAL_RCC_GetHCLKFreq
                0x080021f8        0xc CMakeFiles/DSB1.elf.dir/Drivers/STM32F1xx_HAL_Driver/Src/stm32f1xx_hal_rcc.c.obj
                0x080021f8                HAL_RCC_GetHCLKFreq
 .text.HAL_RCC_GetPCLK1Freq
                0x08002204       0x20 CMakeFiles/DSB1.elf.dir/Drivers/STM32F1xx_HAL_Driver/Src/stm32f1xx_hal_rcc.c.obj
                0x08002204                HAL_RCC_GetPCLK1Freq
 .text.HAL_RCC_GetPCLK2Freq
                0x08002224       0x20 CMakeFiles/DSB1.elf.dir/Drivers/STM32F1xx_HAL_Driver/Src/stm32f1xx_hal_rcc.c.obj
                0x08002224                HAL_RCC_GetPCLK2Freq
 .text.TIM_OC1_SetConfig
                0x08002244       0x68 CMakeFiles/DSB1.elf.dir/Drivers/STM32F1xx_HAL_Driver/Src/stm32f1xx_hal_tim.c.obj
 .text.TIM_OC3_SetConfig
                0x080022ac       0x70 CMakeFiles/DSB1.elf.dir/Drivers/STM32F1xx_HAL_Driver/Src/stm32f1xx_hal_tim.c.obj
 .text.TIM_OC4_SetConfig
                0x0800231c       0x50 CMakeFiles/DSB1.elf.dir/Drivers/STM32F1xx_HAL_Driver/Src/stm32f1xx_hal_tim.c.obj
 .text.TIM_TI1_ConfigInputStage
                0x0800236c       0x24 CMakeFiles/DSB1.elf.dir/Drivers/STM32F1xx_HAL_Driver/Src/stm32f1xx_hal_tim.c.obj
 .text.TIM_TI2_ConfigInputStage
                0x08002390       0x26 CMakeFiles/DSB1.elf.dir/Drivers/STM32F1xx_HAL_Driver/Src/stm32f1xx_hal_tim.c.obj
 .text.TIM_ITRx_SetConfig
                0x080023b6       0x10 CMakeFiles/DSB1.elf.dir/Drivers/STM32F1xx_HAL_Driver/Src/stm32f1xx_hal_tim.c.obj
 *fill*         0x080023c6        0x2 
 .text.HAL_TIM_Base_Start_IT
                0x080023c8       0x78 CMakeFiles/DSB1.elf.dir/Drivers/STM32F1xx_HAL_Driver/Src/stm32f1xx_hal_tim.c.obj
                0x080023c8                HAL_TIM_Base_Start_IT
 .text.HAL_TIM_PeriodElapsedCallback
                0x08002440        0x2 CMakeFiles/DSB1.elf.dir/Drivers/STM32F1xx_HAL_Driver/Src/stm32f1xx_hal_tim.c.obj
                0x08002440                HAL_TIM_PeriodElapsedCallback
 .text.HAL_TIM_OC_DelayElapsedCallback
                0x08002442        0x2 CMakeFiles/DSB1.elf.dir/Drivers/STM32F1xx_HAL_Driver/Src/stm32f1xx_hal_tim.c.obj
                0x08002442                HAL_TIM_OC_DelayElapsedCallback
 .text.HAL_TIM_IC_CaptureCallback
                0x08002444        0x2 CMakeFiles/DSB1.elf.dir/Drivers/STM32F1xx_HAL_Driver/Src/stm32f1xx_hal_tim.c.obj
                0x08002444                HAL_TIM_IC_CaptureCallback
 .text.HAL_TIM_PWM_PulseFinishedCallback
                0x08002446        0x2 CMakeFiles/DSB1.elf.dir/Drivers/STM32F1xx_HAL_Driver/Src/stm32f1xx_hal_tim.c.obj
                0x08002446                HAL_TIM_PWM_PulseFinishedCallback
 .text.HAL_TIM_TriggerCallback
                0x08002448        0x2 CMakeFiles/DSB1.elf.dir/Drivers/STM32F1xx_HAL_Driver/Src/stm32f1xx_hal_tim.c.obj
                0x08002448                HAL_TIM_TriggerCallback
 .text.HAL_TIM_IRQHandler
                0x0800244a      0x15e CMakeFiles/DSB1.elf.dir/Drivers/STM32F1xx_HAL_Driver/Src/stm32f1xx_hal_tim.c.obj
                0x0800244a                HAL_TIM_IRQHandler
 .text.TIM_Base_SetConfig
                0x080025a8       0xa8 CMakeFiles/DSB1.elf.dir/Drivers/STM32F1xx_HAL_Driver/Src/stm32f1xx_hal_tim.c.obj
                0x080025a8                TIM_Base_SetConfig
 .text.HAL_TIM_Base_Init
                0x08002650       0x58 CMakeFiles/DSB1.elf.dir/Drivers/STM32F1xx_HAL_Driver/Src/stm32f1xx_hal_tim.c.obj
                0x08002650                HAL_TIM_Base_Init
 .text.HAL_TIM_PWM_Init
                0x080026a8       0x58 CMakeFiles/DSB1.elf.dir/Drivers/STM32F1xx_HAL_Driver/Src/stm32f1xx_hal_tim.c.obj
                0x080026a8                HAL_TIM_PWM_Init
 .text.HAL_TIM_Encoder_Init
                0x08002700       0xb8 CMakeFiles/DSB1.elf.dir/Drivers/STM32F1xx_HAL_Driver/Src/stm32f1xx_hal_tim.c.obj
                0x08002700                HAL_TIM_Encoder_Init
 .text.TIM_OC2_SetConfig
                0x080027b8       0x70 CMakeFiles/DSB1.elf.dir/Drivers/STM32F1xx_HAL_Driver/Src/stm32f1xx_hal_tim.c.obj
                0x080027b8                TIM_OC2_SetConfig
 .text.HAL_TIM_PWM_ConfigChannel
                0x08002828       0xdc CMakeFiles/DSB1.elf.dir/Drivers/STM32F1xx_HAL_Driver/Src/stm32f1xx_hal_tim.c.obj
                0x08002828                HAL_TIM_PWM_ConfigChannel
 .text.TIM_ETR_SetConfig
                0x08002904       0x18 CMakeFiles/DSB1.elf.dir/Drivers/STM32F1xx_HAL_Driver/Src/stm32f1xx_hal_tim.c.obj
                0x08002904                TIM_ETR_SetConfig
 .text.HAL_TIM_ConfigClockSource
                0x0800291c       0xfe CMakeFiles/DSB1.elf.dir/Drivers/STM32F1xx_HAL_Driver/Src/stm32f1xx_hal_tim.c.obj
                0x0800291c                HAL_TIM_ConfigClockSource
 .text.TIM_CCxChannelCmd
                0x08002a1a       0x1e CMakeFiles/DSB1.elf.dir/Drivers/STM32F1xx_HAL_Driver/Src/stm32f1xx_hal_tim.c.obj
                0x08002a1a                TIM_CCxChannelCmd
 .text.HAL_TIM_PWM_Start
                0x08002a38       0xf4 CMakeFiles/DSB1.elf.dir/Drivers/STM32F1xx_HAL_Driver/Src/stm32f1xx_hal_tim.c.obj
                0x08002a38                HAL_TIM_PWM_Start
 .text.HAL_TIM_Encoder_Start
                0x08002b2c       0xcc CMakeFiles/DSB1.elf.dir/Drivers/STM32F1xx_HAL_Driver/Src/stm32f1xx_hal_tim.c.obj
                0x08002b2c                HAL_TIM_Encoder_Start
 .text.HAL_TIMEx_MasterConfigSynchronization
                0x08002bf8       0x7c CMakeFiles/DSB1.elf.dir/Drivers/STM32F1xx_HAL_Driver/Src/stm32f1xx_hal_tim_ex.c.obj
                0x08002bf8                HAL_TIMEx_MasterConfigSynchronization
 .text.HAL_TIMEx_ConfigBreakDeadTime
                0x08002c74       0x52 CMakeFiles/DSB1.elf.dir/Drivers/STM32F1xx_HAL_Driver/Src/stm32f1xx_hal_tim_ex.c.obj
                0x08002c74                HAL_TIMEx_ConfigBreakDeadTime
 .text.HAL_TIMEx_CommutCallback
                0x08002cc6        0x2 CMakeFiles/DSB1.elf.dir/Drivers/STM32F1xx_HAL_Driver/Src/stm32f1xx_hal_tim_ex.c.obj
                0x08002cc6                HAL_TIMEx_CommutCallback
 .text.HAL_TIMEx_BreakCallback
                0x08002cc8        0x2 CMakeFiles/DSB1.elf.dir/Drivers/STM32F1xx_HAL_Driver/Src/stm32f1xx_hal_tim_ex.c.obj
                0x08002cc8                HAL_TIMEx_BreakCallback
 .text.UART_EndTxTransfer
                0x08002cca       0x20 CMakeFiles/DSB1.elf.dir/Drivers/STM32F1xx_HAL_Driver/Src/stm32f1xx_hal_uart.c.obj
 .text.UART_EndRxTransfer
                0x08002cea       0x5c CMakeFiles/DSB1.elf.dir/Drivers/STM32F1xx_HAL_Driver/Src/stm32f1xx_hal_uart.c.obj
 .text.UART_Transmit_IT
                0x08002d46       0x60 CMakeFiles/DSB1.elf.dir/Drivers/STM32F1xx_HAL_Driver/Src/stm32f1xx_hal_uart.c.obj
 *fill*         0x08002da6        0x2 
 .text.UART_SetConfig
                0x08002da8       0x94 CMakeFiles/DSB1.elf.dir/Drivers/STM32F1xx_HAL_Driver/Src/stm32f1xx_hal_uart.c.obj
 .text.HAL_UART_Init
                0x08002e3c       0x60 CMakeFiles/DSB1.elf.dir/Drivers/STM32F1xx_HAL_Driver/Src/stm32f1xx_hal_uart.c.obj
                0x08002e3c                HAL_UART_Init
 .text.HAL_UART_Transmit_DMA
                0x08002e9c       0x84 CMakeFiles/DSB1.elf.dir/Drivers/STM32F1xx_HAL_Driver/Src/stm32f1xx_hal_uart.c.obj
                0x08002e9c                HAL_UART_Transmit_DMA
 .text.UART_DMATransmitCplt
                0x08002f20       0x4c CMakeFiles/DSB1.elf.dir/Drivers/STM32F1xx_HAL_Driver/Src/stm32f1xx_hal_uart.c.obj
 .text.UART_EndTransmit_IT
                0x08002f6c       0x1a CMakeFiles/DSB1.elf.dir/Drivers/STM32F1xx_HAL_Driver/Src/stm32f1xx_hal_uart.c.obj
 .text.HAL_UART_TxHalfCpltCallback
                0x08002f86        0x2 CMakeFiles/DSB1.elf.dir/Drivers/STM32F1xx_HAL_Driver/Src/stm32f1xx_hal_uart.c.obj
                0x08002f86                HAL_UART_TxHalfCpltCallback
 .text.UART_DMATxHalfCplt
                0x08002f88        0xa CMakeFiles/DSB1.elf.dir/Drivers/STM32F1xx_HAL_Driver/Src/stm32f1xx_hal_uart.c.obj
 .text.UART_DMAError
                0x08002f92       0x58 CMakeFiles/DSB1.elf.dir/Drivers/STM32F1xx_HAL_Driver/Src/stm32f1xx_hal_uart.c.obj
 .text.UART_DMAAbortOnError
                0x08002fea       0x10 CMakeFiles/DSB1.elf.dir/Drivers/STM32F1xx_HAL_Driver/Src/stm32f1xx_hal_uart.c.obj
 .text.HAL_UARTEx_RxEventCallback
                0x08002ffa        0x2 CMakeFiles/DSB1.elf.dir/Drivers/STM32F1xx_HAL_Driver/Src/stm32f1xx_hal_uart.c.obj
                0x08002ffa                HAL_UARTEx_RxEventCallback
 .text.UART_Receive_IT
                0x08002ffc       0xe6 CMakeFiles/DSB1.elf.dir/Drivers/STM32F1xx_HAL_Driver/Src/stm32f1xx_hal_uart.c.obj
 *fill*         0x080030e2        0x2 
 .text.HAL_UART_IRQHandler
                0x080030e4      0x288 CMakeFiles/DSB1.elf.dir/Drivers/STM32F1xx_HAL_Driver/Src/stm32f1xx_hal_uart.c.obj
                0x080030e4                HAL_UART_IRQHandler
 .text.UART_Start_Receive_IT
                0x0800336c       0x36 CMakeFiles/DSB1.elf.dir/Drivers/STM32F1xx_HAL_Driver/Src/stm32f1xx_hal_uart.c.obj
                0x0800336c                UART_Start_Receive_IT
 .text.HAL_UART_Receive_IT
                0x080033a2       0x26 CMakeFiles/DSB1.elf.dir/Drivers/STM32F1xx_HAL_Driver/Src/stm32f1xx_hal_uart.c.obj
                0x080033a2                HAL_UART_Receive_IT
 .text.__libc_init_array
                0x080033c8       0x48 e:/gcc-arm-none-eabi-10.3-2021.10/bin/../lib/gcc/arm-none-eabi/10.3.1/../../../../arm-none-eabi/lib/thumb/v7-m/nofp\libg.a(lib_a-init.o)
                0x080033c8                __libc_init_array
 .text.memset   0x08003410       0xa4 e:/gcc-arm-none-eabi-10.3-2021.10/bin/../lib/gcc/arm-none-eabi/10.3.1/../../../../arm-none-eabi/lib/thumb/v7-m/nofp\libg.a(lib_a-memset.o)
                0x08003410                memset
 .text.startup.register_fini
                0x080034b4       0x14 e:/gcc-arm-none-eabi-10.3-2021.10/bin/../lib/gcc/arm-none-eabi/10.3.1/../../../../arm-none-eabi/lib/thumb/v7-m/nofp\libg.a(lib_a-__call_atexit.o)
 .text.atexit   0x080034c8        0xc e:/gcc-arm-none-eabi-10.3-2021.10/bin/../lib/gcc/arm-none-eabi/10.3.1/../../../../arm-none-eabi/lib/thumb/v7-m/nofp\libg.a(lib_a-atexit.o)
                0x080034c8                atexit
 .text.__libc_fini_array
                0x080034d4       0x2c e:/gcc-arm-none-eabi-10.3-2021.10/bin/../lib/gcc/arm-none-eabi/10.3.1/../../../../arm-none-eabi/lib/thumb/v7-m/nofp\libg.a(lib_a-fini.o)
                0x080034d4                __libc_fini_array
 .text.__retarget_lock_acquire_recursive
                0x08003500        0x4 e:/gcc-arm-none-eabi-10.3-2021.10/bin/../lib/gcc/arm-none-eabi/10.3.1/../../../../arm-none-eabi/lib/thumb/v7-m/nofp\libg.a(lib_a-lock.o)
                0x08003500                __retarget_lock_acquire_recursive
 .text.__retarget_lock_release_recursive
                0x08003504        0x4 e:/gcc-arm-none-eabi-10.3-2021.10/bin/../lib/gcc/arm-none-eabi/10.3.1/../../../../arm-none-eabi/lib/thumb/v7-m/nofp\libg.a(lib_a-lock.o)
                0x08003504                __retarget_lock_release_recursive
 .text.__register_exitproc
                0x08003508       0x8c e:/gcc-arm-none-eabi-10.3-2021.10/bin/../lib/gcc/arm-none-eabi/10.3.1/../../../../arm-none-eabi/lib/thumb/v7-m/nofp\libg.a(lib_a-__atexit.o)
                0x08003508                __register_exitproc
 *(.glue_7)
 .glue_7        0x08003594        0x0 linker stubs
 *(.glue_7t)
 .glue_7t       0x08003594        0x0 linker stubs
 *(.eh_frame)
 .eh_frame      0x08003594        0x0 e:/gcc-arm-none-eabi-10.3-2021.10/bin/../lib/gcc/arm-none-eabi/10.3.1/thumb/v7-m/nofp/crtbegin.o
 *(.init)
 .init          0x08003594        0x4 e:/gcc-arm-none-eabi-10.3-2021.10/bin/../lib/gcc/arm-none-eabi/10.3.1/thumb/v7-m/nofp/crti.o
                0x08003594                _init
 .init          0x08003598        0x8 e:/gcc-arm-none-eabi-10.3-2021.10/bin/../lib/gcc/arm-none-eabi/10.3.1/thumb/v7-m/nofp/crtn.o
 *(.fini)
 .fini          0x080035a0        0x4 e:/gcc-arm-none-eabi-10.3-2021.10/bin/../lib/gcc/arm-none-eabi/10.3.1/thumb/v7-m/nofp/crti.o
                0x080035a0                _fini
 .fini          0x080035a4        0x8 e:/gcc-arm-none-eabi-10.3-2021.10/bin/../lib/gcc/arm-none-eabi/10.3.1/thumb/v7-m/nofp/crtn.o
                0x080035ac                . = ALIGN (0x4)
                0x080035ac                _etext = .

.vfp11_veneer   0x080035ac        0x0
 .vfp11_veneer  0x080035ac        0x0 linker stubs

.v4_bx          0x080035ac        0x0
 .v4_bx         0x080035ac        0x0 linker stubs

.iplt           0x080035ac        0x0
 .iplt          0x080035ac        0x0 e:/gcc-arm-none-eabi-10.3-2021.10/bin/../lib/gcc/arm-none-eabi/10.3.1/thumb/v7-m/nofp/crtbegin.o

.rodata         0x080035ac       0x30
                0x080035ac                . = ALIGN (0x4)
 *(.rodata)
 *(.rodata*)
 .rodata.AHBPrescTable
                0x080035ac       0x10 CMakeFiles/DSB1.elf.dir/Core/Src/system_stm32f1xx.c.obj
                0x080035ac                AHBPrescTable
 .rodata.APBPrescTable
                0x080035bc        0x8 CMakeFiles/DSB1.elf.dir/Core/Src/system_stm32f1xx.c.obj
                0x080035bc                APBPrescTable
 .rodata.aPLLMULFactorTable.1
                0x080035c4       0x10 CMakeFiles/DSB1.elf.dir/Drivers/STM32F1xx_HAL_Driver/Src/stm32f1xx_hal_rcc.c.obj
 .rodata.aPredivFactorTable.0
                0x080035d4        0x2 CMakeFiles/DSB1.elf.dir/Drivers/STM32F1xx_HAL_Driver/Src/stm32f1xx_hal_rcc.c.obj
 *fill*         0x080035d6        0x2 
 .rodata._global_impure_ptr
                0x080035d8        0x4 e:/gcc-arm-none-eabi-10.3-2021.10/bin/../lib/gcc/arm-none-eabi/10.3.1/../../../../arm-none-eabi/lib/thumb/v7-m/nofp\libg.a(lib_a-impure.o)
                0x080035d8                _global_impure_ptr
                0x080035dc                . = ALIGN (0x4)

.rel.dyn        0x080035dc        0x0
 .rel.iplt      0x080035dc        0x0 e:/gcc-arm-none-eabi-10.3-2021.10/bin/../lib/gcc/arm-none-eabi/10.3.1/thumb/v7-m/nofp/crtbegin.o

.ARM.extab      0x080035dc        0x0
                0x080035dc                . = ALIGN (0x4)
 *(.ARM.extab* .gnu.linkonce.armextab.*)
                0x080035dc                . = ALIGN (0x4)

.ARM            0x080035dc        0x0
                0x080035dc                . = ALIGN (0x4)
                0x080035dc                __exidx_start = .
 *(.ARM.exidx*)
                0x080035dc                __exidx_end = .
                0x080035dc                . = ALIGN (0x4)

.preinit_array  0x080035dc        0x0
                0x080035dc                . = ALIGN (0x4)
                0x080035dc                PROVIDE (__preinit_array_start = .)
 *(.preinit_array*)
                0x080035dc                PROVIDE (__preinit_array_end = .)
                0x080035dc                . = ALIGN (0x4)

.init_array     0x080035dc        0x8
                0x080035dc                . = ALIGN (0x4)
                0x080035dc                PROVIDE (__init_array_start = .)
 *(SORT_BY_NAME(.init_array.*))
 .init_array.00000
                0x080035dc        0x4 e:/gcc-arm-none-eabi-10.3-2021.10/bin/../lib/gcc/arm-none-eabi/10.3.1/../../../../arm-none-eabi/lib/thumb/v7-m/nofp\libg.a(lib_a-__call_atexit.o)
 *(.init_array*)
 .init_array    0x080035e0        0x4 e:/gcc-arm-none-eabi-10.3-2021.10/bin/../lib/gcc/arm-none-eabi/10.3.1/thumb/v7-m/nofp/crtbegin.o
                0x080035e4                PROVIDE (__init_array_end = .)
                0x080035e4                . = ALIGN (0x4)

.fini_array     0x080035e4        0x4
                0x080035e4                . = ALIGN (0x4)
                0x080035e4                PROVIDE (__fini_array_start = .)
 *(SORT_BY_NAME(.fini_array.*))
 *(.fini_array*)
 .fini_array    0x080035e4        0x4 e:/gcc-arm-none-eabi-10.3-2021.10/bin/../lib/gcc/arm-none-eabi/10.3.1/thumb/v7-m/nofp/crtbegin.o
                0x080035e8                PROVIDE (__fini_array_end = .)
                0x080035e8                . = ALIGN (0x4)
                0x080035e8                _sidata = LOADADDR (.data)

.data           0x20000000      0x44c load address 0x080035e8
                0x20000000                . = ALIGN (0x4)
                0x20000000                _sdata = .
 *(.data)
 *(.data*)
 .data.s_position
                0x20000000       0x10 CMakeFiles/DSB1.elf.dir/Core/Src/motor/ax_encoder.c.obj
 .data.SystemCoreClock
                0x20000010        0x4 CMakeFiles/DSB1.elf.dir/Core/Src/system_stm32f1xx.c.obj
                0x20000010                SystemCoreClock
 .data.uwTickFreq
                0x20000014        0x1 CMakeFiles/DSB1.elf.dir/Drivers/STM32F1xx_HAL_Driver/Src/stm32f1xx_hal.c.obj
                0x20000014                uwTickFreq
 *fill*         0x20000015        0x3 
 .data.uwTickPrio
                0x20000018        0x4 CMakeFiles/DSB1.elf.dir/Drivers/STM32F1xx_HAL_Driver/Src/stm32f1xx_hal.c.obj
                0x20000018                uwTickPrio
 *fill*         0x2000001c        0x4 
 .data.impure_data
                0x20000020      0x428 e:/gcc-arm-none-eabi-10.3-2021.10/bin/../lib/gcc/arm-none-eabi/10.3.1/../../../../arm-none-eabi/lib/thumb/v7-m/nofp\libg.a(lib_a-impure.o)
 .data.__atexit_recursive_mutex
                0x20000448        0x4 e:/gcc-arm-none-eabi-10.3-2021.10/bin/../lib/gcc/arm-none-eabi/10.3.1/../../../../arm-none-eabi/lib/thumb/v7-m/nofp\libg.a(lib_a-__call_atexit.o)
                0x20000448                __atexit_recursive_mutex
 *(.RamFunc)
 *(.RamFunc*)
                0x2000044c                . = ALIGN (0x4)
                0x2000044c                _edata = .

.igot.plt       0x2000044c        0x0 load address 0x08003a34
 .igot.plt      0x2000044c        0x0 e:/gcc-arm-none-eabi-10.3-2021.10/bin/../lib/gcc/arm-none-eabi/10.3.1/thumb/v7-m/nofp/crtbegin.o
                0x2000044c                . = ALIGN (0x4)

.bss            0x2000044c      0x39c load address 0x08003a34
                0x2000044c                _sbss = .
                0x2000044c                __bss_start__ = _sbss
 *(.bss)
 .bss           0x2000044c       0x1c e:/gcc-arm-none-eabi-10.3-2021.10/bin/../lib/gcc/arm-none-eabi/10.3.1/thumb/v7-m/nofp/crtbegin.o
 *(.bss*)
 .bss.motor_states
                0x20000468       0x20 CMakeFiles/DSB1.elf.dir/Core/Src/motor/motor_pid.c.obj
 .bss.pwm_outputs
                0x20000488       0x10 CMakeFiles/DSB1.elf.dir/Core/Src/motor/motor_pid.c.obj
                0x20000488                pwm_outputs
 .bss.real_speeds
                0x20000498       0x10 CMakeFiles/DSB1.elf.dir/Core/Src/motor/motor_pid.c.obj
                0x20000498                real_speeds
 .bss.target_speeds
                0x200004a8       0x10 CMakeFiles/DSB1.elf.dir/Core/Src/motor/motor_pid.c.obj
                0x200004a8                target_speeds
 .bss.rxBuf     0x200004b8        0xb CMakeFiles/DSB1.elf.dir/Core/Src/motor_frame/uart2_motor_frame.c.obj
 .bss.rxByte    0x200004c3        0x1 CMakeFiles/DSB1.elf.dir/Core/Src/motor_frame/uart2_motor_frame.c.obj
 .bss.rxIndex   0x200004c4        0x1 CMakeFiles/DSB1.elf.dir/Core/Src/motor_frame/uart2_motor_frame.c.obj
 .bss.rxState   0x200004c5        0x1 CMakeFiles/DSB1.elf.dir/Core/Src/motor_frame/uart2_motor_frame.c.obj
 *fill*         0x200004c6        0x2 
 .bss.seqBuf    0x200004c8        0x3 CMakeFiles/DSB1.elf.dir/Core/Src/motor_frame/uart2_motor_frame.c.obj
 .bss.seqPos    0x200004cb        0x1 CMakeFiles/DSB1.elf.dir/Core/Src/motor_frame/uart2_motor_frame.c.obj
 .bss.trapezoidEnabled
                0x200004cc        0x1 CMakeFiles/DSB1.elf.dir/Core/Src/motor_frame/uart2_motor_frame.c.obj
                0x200004cc                trapezoidEnabled
 *fill*         0x200004cd        0x3 
 .bss.uart_angle_velocity
                0x200004d0        0x4 CMakeFiles/DSB1.elf.dir/Core/Src/motor_frame/uart2_motor_frame.c.obj
                0x200004d0                uart_angle_velocity
 .bss.uart_set_speed
                0x200004d4        0x4 CMakeFiles/DSB1.elf.dir/Core/Src/motor_frame/uart2_motor_frame.c.obj
                0x200004d4                uart_set_speed
 .bss.target_mrpm
                0x200004d8       0x10 CMakeFiles/DSB1.elf.dir/Core/Src/speed_ramp/speed_ramp.c.obj
 .bss.htim1     0x200004e8       0x48 CMakeFiles/DSB1.elf.dir/Core/Src/tim.c.obj
                0x200004e8                htim1
 .bss.htim2     0x20000530       0x48 CMakeFiles/DSB1.elf.dir/Core/Src/tim.c.obj
                0x20000530                htim2
 .bss.htim3     0x20000578       0x48 CMakeFiles/DSB1.elf.dir/Core/Src/tim.c.obj
                0x20000578                htim3
 .bss.htim4     0x200005c0       0x48 CMakeFiles/DSB1.elf.dir/Core/Src/tim.c.obj
                0x200005c0                htim4
 .bss.htim5     0x20000608       0x48 CMakeFiles/DSB1.elf.dir/Core/Src/tim.c.obj
                0x20000608                htim5
 .bss.htim6     0x20000650       0x48 CMakeFiles/DSB1.elf.dir/Core/Src/tim.c.obj
                0x20000650                htim6
 .bss.htim7     0x20000698       0x48 CMakeFiles/DSB1.elf.dir/Core/Src/tim.c.obj
                0x20000698                htim7
 .bss.htim8     0x200006e0       0x48 CMakeFiles/DSB1.elf.dir/Core/Src/tim.c.obj
                0x200006e0                htim8
 .bss.txBuf     0x20000728       0x2a CMakeFiles/DSB1.elf.dir/Core/Src/uart2_dma_tx/uart2_dma_tx.c.obj
 .bss.txBusy    0x20000752        0x1 CMakeFiles/DSB1.elf.dir/Core/Src/uart2_dma_tx/uart2_dma_tx.c.obj
 *fill*         0x20000753        0x1 
 .bss.hdma_usart2_tx
                0x20000754       0x44 CMakeFiles/DSB1.elf.dir/Core/Src/usart.c.obj
                0x20000754                hdma_usart2_tx
 .bss.huart2    0x20000798       0x48 CMakeFiles/DSB1.elf.dir/Core/Src/usart.c.obj
                0x20000798                huart2
 .bss.uwTick    0x200007e0        0x4 CMakeFiles/DSB1.elf.dir/Drivers/STM32F1xx_HAL_Driver/Src/stm32f1xx_hal.c.obj
                0x200007e0                uwTick
 .bss.__lock___atexit_recursive_mutex
                0x200007e4        0x1 e:/gcc-arm-none-eabi-10.3-2021.10/bin/../lib/gcc/arm-none-eabi/10.3.1/../../../../arm-none-eabi/lib/thumb/v7-m/nofp\libg.a(lib_a-lock.o)
                0x200007e4                __lock___atexit_recursive_mutex
 *(COMMON)
                0x200007e8                . = ALIGN (0x4)
 *fill*         0x200007e5        0x3 
                0x200007e8                _ebss = .
                0x200007e8                __bss_end__ = _ebss

._user_heap_stack
                0x200007e8      0x600 load address 0x08003a34
                0x200007e8                . = ALIGN (0x8)
                [!provide]                PROVIDE (end = .)
                0x200007e8                PROVIDE (_end = .)
                0x200009e8                . = (. + _Min_Heap_Size)
 *fill*         0x200007e8      0x200 
                0x20000de8                . = (. + _Min_Stack_Size)
 *fill*         0x200009e8      0x400 
                0x20000de8                . = ALIGN (0x8)

/DISCARD/
 libc.a(*)
 libm.a(*)
 libgcc.a(*)

.ARM.attributes
                0x00000000       0x29
 *(.ARM.attributes)
 .ARM.attributes
                0x00000000       0x1d e:/gcc-arm-none-eabi-10.3-2021.10/bin/../lib/gcc/arm-none-eabi/10.3.1/thumb/v7-m/nofp/crti.o
 .ARM.attributes
                0x0000001d       0x2d e:/gcc-arm-none-eabi-10.3-2021.10/bin/../lib/gcc/arm-none-eabi/10.3.1/thumb/v7-m/nofp/crtbegin.o
 .ARM.attributes
                0x0000004a       0x2d CMakeFiles/DSB1.elf.dir/Core/Src/dma.c.obj
 .ARM.attributes
                0x00000077       0x2d CMakeFiles/DSB1.elf.dir/Core/Src/gpio.c.obj
 .ARM.attributes
                0x000000a4       0x2d CMakeFiles/DSB1.elf.dir/Core/Src/main.c.obj
 .ARM.attributes
                0x000000d1       0x2d CMakeFiles/DSB1.elf.dir/Core/Src/motor/ax_encoder.c.obj
 .ARM.attributes
                0x000000fe       0x2d CMakeFiles/DSB1.elf.dir/Core/Src/motor/ax_motor.c.obj
 .ARM.attributes
                0x0000012b       0x2d CMakeFiles/DSB1.elf.dir/Core/Src/motor/motor_pid.c.obj
 .ARM.attributes
                0x00000158       0x2d CMakeFiles/DSB1.elf.dir/Core/Src/motor_frame/uart2_motor_frame.c.obj
 .ARM.attributes
                0x00000185       0x2d CMakeFiles/DSB1.elf.dir/Core/Src/speed_ramp/speed_ramp.c.obj
 .ARM.attributes
                0x000001b2       0x2d CMakeFiles/DSB1.elf.dir/Core/Src/stm32f1xx_hal_msp.c.obj
 .ARM.attributes
                0x000001df       0x2d CMakeFiles/DSB1.elf.dir/Core/Src/stm32f1xx_it.c.obj
 .ARM.attributes
                0x0000020c       0x2d CMakeFiles/DSB1.elf.dir/Core/Src/system_stm32f1xx.c.obj
 .ARM.attributes
                0x00000239       0x2d CMakeFiles/DSB1.elf.dir/Core/Src/tim.c.obj
 .ARM.attributes
                0x00000266       0x2d CMakeFiles/DSB1.elf.dir/Core/Src/uart2_dma_tx/uart2_dma_tx.c.obj
 .ARM.attributes
                0x00000293       0x2d CMakeFiles/DSB1.elf.dir/Core/Src/usart.c.obj
 .ARM.attributes
                0x000002c0       0x21 CMakeFiles/DSB1.elf.dir/Core/Startup/startup_stm32f103rctx.s.obj
 .ARM.attributes
                0x000002e1       0x2d CMakeFiles/DSB1.elf.dir/Drivers/STM32F1xx_HAL_Driver/Src/stm32f1xx_hal.c.obj
 .ARM.attributes
                0x0000030e       0x2d CMakeFiles/DSB1.elf.dir/Drivers/STM32F1xx_HAL_Driver/Src/stm32f1xx_hal_cortex.c.obj
 .ARM.attributes
                0x0000033b       0x2d CMakeFiles/DSB1.elf.dir/Drivers/STM32F1xx_HAL_Driver/Src/stm32f1xx_hal_dma.c.obj
 .ARM.attributes
                0x00000368       0x2d CMakeFiles/DSB1.elf.dir/Drivers/STM32F1xx_HAL_Driver/Src/stm32f1xx_hal_gpio.c.obj
 .ARM.attributes
                0x00000395       0x2d CMakeFiles/DSB1.elf.dir/Drivers/STM32F1xx_HAL_Driver/Src/stm32f1xx_hal_rcc.c.obj
 .ARM.attributes
                0x000003c2       0x2d CMakeFiles/DSB1.elf.dir/Drivers/STM32F1xx_HAL_Driver/Src/stm32f1xx_hal_tim.c.obj
 .ARM.attributes
                0x000003ef       0x2d CMakeFiles/DSB1.elf.dir/Drivers/STM32F1xx_HAL_Driver/Src/stm32f1xx_hal_tim_ex.c.obj
 .ARM.attributes
                0x0000041c       0x2d CMakeFiles/DSB1.elf.dir/Drivers/STM32F1xx_HAL_Driver/Src/stm32f1xx_hal_uart.c.obj
 .ARM.attributes
                0x00000449       0x2d e:/gcc-arm-none-eabi-10.3-2021.10/bin/../lib/gcc/arm-none-eabi/10.3.1/../../../../arm-none-eabi/lib/thumb/v7-m/nofp\libg.a(lib_a-impure.o)
 .ARM.attributes
                0x00000476       0x2d e:/gcc-arm-none-eabi-10.3-2021.10/bin/../lib/gcc/arm-none-eabi/10.3.1/../../../../arm-none-eabi/lib/thumb/v7-m/nofp\libg.a(lib_a-init.o)
 .ARM.attributes
                0x000004a3       0x2d e:/gcc-arm-none-eabi-10.3-2021.10/bin/../lib/gcc/arm-none-eabi/10.3.1/../../../../arm-none-eabi/lib/thumb/v7-m/nofp\libg.a(lib_a-memset.o)
 .ARM.attributes
                0x000004d0       0x2d e:/gcc-arm-none-eabi-10.3-2021.10/bin/../lib/gcc/arm-none-eabi/10.3.1/../../../../arm-none-eabi/lib/thumb/v7-m/nofp\libg.a(lib_a-__call_atexit.o)
 .ARM.attributes
                0x000004fd       0x2d e:/gcc-arm-none-eabi-10.3-2021.10/bin/../lib/gcc/arm-none-eabi/10.3.1/../../../../arm-none-eabi/lib/thumb/v7-m/nofp\libg.a(lib_a-atexit.o)
 .ARM.attributes
                0x0000052a       0x2d e:/gcc-arm-none-eabi-10.3-2021.10/bin/../lib/gcc/arm-none-eabi/10.3.1/../../../../arm-none-eabi/lib/thumb/v7-m/nofp\libg.a(lib_a-fini.o)
 .ARM.attributes
                0x00000557       0x2d e:/gcc-arm-none-eabi-10.3-2021.10/bin/../lib/gcc/arm-none-eabi/10.3.1/../../../../arm-none-eabi/lib/thumb/v7-m/nofp\libg.a(lib_a-lock.o)
 .ARM.attributes
                0x00000584       0x2d e:/gcc-arm-none-eabi-10.3-2021.10/bin/../lib/gcc/arm-none-eabi/10.3.1/../../../../arm-none-eabi/lib/thumb/v7-m/nofp\libg.a(lib_a-__atexit.o)
 .ARM.attributes
                0x000005b1       0x1d e:/gcc-arm-none-eabi-10.3-2021.10/bin/../lib/gcc/arm-none-eabi/10.3.1/thumb/v7-m/nofp/crtn.o
OUTPUT(DSB1.elf elf32-littlearm)
LOAD linker stubs
LOAD e:/gcc-arm-none-eabi-10.3-2021.10/bin/../lib/gcc/arm-none-eabi/10.3.1/../../../../arm-none-eabi/lib/thumb/v7-m/nofp\libc.a
LOAD e:/gcc-arm-none-eabi-10.3-2021.10/bin/../lib/gcc/arm-none-eabi/10.3.1/../../../../arm-none-eabi/lib/thumb/v7-m/nofp\libm.a
LOAD e:/gcc-arm-none-eabi-10.3-2021.10/bin/../lib/gcc/arm-none-eabi/10.3.1/thumb/v7-m/nofp\libgcc.a

.debug_info     0x00000000    0x13a60
 .debug_info    0x00000000      0x35a CMakeFiles/DSB1.elf.dir/Core/Src/dma.c.obj
 .debug_info    0x0000035a      0x367 CMakeFiles/DSB1.elf.dir/Core/Src/gpio.c.obj
 .debug_info    0x000006c1      0xb4a CMakeFiles/DSB1.elf.dir/Core/Src/main.c.obj
 .debug_info    0x0000120b      0x8b9 CMakeFiles/DSB1.elf.dir/Core/Src/motor/ax_encoder.c.obj
 .debug_info    0x00001ac4      0x95a CMakeFiles/DSB1.elf.dir/Core/Src/motor/ax_motor.c.obj
 .debug_info    0x0000241e      0x9e7 CMakeFiles/DSB1.elf.dir/Core/Src/motor/motor_pid.c.obj
 .debug_info    0x00002e05      0x821 CMakeFiles/DSB1.elf.dir/Core/Src/motor_frame/uart2_motor_frame.c.obj
 .debug_info    0x00003626      0x1bb CMakeFiles/DSB1.elf.dir/Core/Src/speed_ramp/speed_ramp.c.obj
 .debug_info    0x000037e1      0x211 CMakeFiles/DSB1.elf.dir/Core/Src/stm32f1xx_hal_msp.c.obj
 .debug_info    0x000039f2      0xb05 CMakeFiles/DSB1.elf.dir/Core/Src/stm32f1xx_it.c.obj
 .debug_info    0x000044f7      0x248 CMakeFiles/DSB1.elf.dir/Core/Src/system_stm32f1xx.c.obj
 .debug_info    0x0000473f     0x17f7 CMakeFiles/DSB1.elf.dir/Core/Src/tim.c.obj
 .debug_info    0x00005f36      0x801 CMakeFiles/DSB1.elf.dir/Core/Src/uart2_dma_tx/uart2_dma_tx.c.obj
 .debug_info    0x00006737      0xac8 CMakeFiles/DSB1.elf.dir/Core/Src/usart.c.obj
 .debug_info    0x000071ff       0x22 CMakeFiles/DSB1.elf.dir/Core/Startup/startup_stm32f103rctx.s.obj
 .debug_info    0x00007221      0x80e CMakeFiles/DSB1.elf.dir/Drivers/STM32F1xx_HAL_Driver/Src/stm32f1xx_hal.c.obj
 .debug_info    0x00007a2f      0xdf0 CMakeFiles/DSB1.elf.dir/Drivers/STM32F1xx_HAL_Driver/Src/stm32f1xx_hal_cortex.c.obj
 .debug_info    0x0000881f      0x84b CMakeFiles/DSB1.elf.dir/Drivers/STM32F1xx_HAL_Driver/Src/stm32f1xx_hal_dma.c.obj
 .debug_info    0x0000906a      0x66f CMakeFiles/DSB1.elf.dir/Drivers/STM32F1xx_HAL_Driver/Src/stm32f1xx_hal_gpio.c.obj
 .debug_info    0x000096d9      0xa3b CMakeFiles/DSB1.elf.dir/Drivers/STM32F1xx_HAL_Driver/Src/stm32f1xx_hal_rcc.c.obj
 .debug_info    0x0000a114     0x3d7c CMakeFiles/DSB1.elf.dir/Drivers/STM32F1xx_HAL_Driver/Src/stm32f1xx_hal_tim.c.obj
 .debug_info    0x0000de90     0x1abb CMakeFiles/DSB1.elf.dir/Drivers/STM32F1xx_HAL_Driver/Src/stm32f1xx_hal_tim_ex.c.obj
 .debug_info    0x0000f94b     0x4115 CMakeFiles/DSB1.elf.dir/Drivers/STM32F1xx_HAL_Driver/Src/stm32f1xx_hal_uart.c.obj

.debug_abbrev   0x00000000     0x2b08
 .debug_abbrev  0x00000000      0x114 CMakeFiles/DSB1.elf.dir/Core/Src/dma.c.obj
 .debug_abbrev  0x00000114      0x13c CMakeFiles/DSB1.elf.dir/Core/Src/gpio.c.obj
 .debug_abbrev  0x00000250      0x21d CMakeFiles/DSB1.elf.dir/Core/Src/main.c.obj
 .debug_abbrev  0x0000046d      0x213 CMakeFiles/DSB1.elf.dir/Core/Src/motor/ax_encoder.c.obj
 .debug_abbrev  0x00000680      0x1cd CMakeFiles/DSB1.elf.dir/Core/Src/motor/ax_motor.c.obj
 .debug_abbrev  0x0000084d      0x258 CMakeFiles/DSB1.elf.dir/Core/Src/motor/motor_pid.c.obj
 .debug_abbrev  0x00000aa5      0x252 CMakeFiles/DSB1.elf.dir/Core/Src/motor_frame/uart2_motor_frame.c.obj
 .debug_abbrev  0x00000cf7       0xbf CMakeFiles/DSB1.elf.dir/Core/Src/speed_ramp/speed_ramp.c.obj
 .debug_abbrev  0x00000db6       0xe5 CMakeFiles/DSB1.elf.dir/Core/Src/stm32f1xx_hal_msp.c.obj
 .debug_abbrev  0x00000e9b      0x1cc CMakeFiles/DSB1.elf.dir/Core/Src/stm32f1xx_it.c.obj
 .debug_abbrev  0x00001067      0x13e CMakeFiles/DSB1.elf.dir/Core/Src/system_stm32f1xx.c.obj
 .debug_abbrev  0x000011a5      0x25b CMakeFiles/DSB1.elf.dir/Core/Src/tim.c.obj
 .debug_abbrev  0x00001400      0x1f0 CMakeFiles/DSB1.elf.dir/Core/Src/uart2_dma_tx/uart2_dma_tx.c.obj
 .debug_abbrev  0x000015f0      0x1e4 CMakeFiles/DSB1.elf.dir/Core/Src/usart.c.obj
 .debug_abbrev  0x000017d4       0x12 CMakeFiles/DSB1.elf.dir/Core/Startup/startup_stm32f103rctx.s.obj
 .debug_abbrev  0x000017e6      0x1f4 CMakeFiles/DSB1.elf.dir/Drivers/STM32F1xx_HAL_Driver/Src/stm32f1xx_hal.c.obj
 .debug_abbrev  0x000019da      0x341 CMakeFiles/DSB1.elf.dir/Drivers/STM32F1xx_HAL_Driver/Src/stm32f1xx_hal_cortex.c.obj
 .debug_abbrev  0x00001d1b      0x223 CMakeFiles/DSB1.elf.dir/Drivers/STM32F1xx_HAL_Driver/Src/stm32f1xx_hal_dma.c.obj
 .debug_abbrev  0x00001f3e      0x1e6 CMakeFiles/DSB1.elf.dir/Drivers/STM32F1xx_HAL_Driver/Src/stm32f1xx_hal_gpio.c.obj
 .debug_abbrev  0x00002124      0x27a CMakeFiles/DSB1.elf.dir/Drivers/STM32F1xx_HAL_Driver/Src/stm32f1xx_hal_rcc.c.obj
 .debug_abbrev  0x0000239e      0x245 CMakeFiles/DSB1.elf.dir/Drivers/STM32F1xx_HAL_Driver/Src/stm32f1xx_hal_tim.c.obj
 .debug_abbrev  0x000025e3      0x248 CMakeFiles/DSB1.elf.dir/Drivers/STM32F1xx_HAL_Driver/Src/stm32f1xx_hal_tim_ex.c.obj
 .debug_abbrev  0x0000282b      0x2dd CMakeFiles/DSB1.elf.dir/Drivers/STM32F1xx_HAL_Driver/Src/stm32f1xx_hal_uart.c.obj

.debug_aranges  0x00000000      0xd90
 .debug_aranges
                0x00000000       0x20 CMakeFiles/DSB1.elf.dir/Core/Src/dma.c.obj
 .debug_aranges
                0x00000020       0x20 CMakeFiles/DSB1.elf.dir/Core/Src/gpio.c.obj
 .debug_aranges
                0x00000040       0x30 CMakeFiles/DSB1.elf.dir/Core/Src/main.c.obj
 .debug_aranges
                0x00000070       0x58 CMakeFiles/DSB1.elf.dir/Core/Src/motor/ax_encoder.c.obj
 .debug_aranges
                0x000000c8       0x30 CMakeFiles/DSB1.elf.dir/Core/Src/motor/ax_motor.c.obj
 .debug_aranges
                0x000000f8       0x38 CMakeFiles/DSB1.elf.dir/Core/Src/motor/motor_pid.c.obj
 .debug_aranges
                0x00000130       0x30 CMakeFiles/DSB1.elf.dir/Core/Src/motor_frame/uart2_motor_frame.c.obj
 .debug_aranges
                0x00000160       0x20 CMakeFiles/DSB1.elf.dir/Core/Src/speed_ramp/speed_ramp.c.obj
 .debug_aranges
                0x00000180       0x20 CMakeFiles/DSB1.elf.dir/Core/Src/stm32f1xx_hal_msp.c.obj
 .debug_aranges
                0x000001a0       0x90 CMakeFiles/DSB1.elf.dir/Core/Src/stm32f1xx_it.c.obj
 .debug_aranges
                0x00000230       0x28 CMakeFiles/DSB1.elf.dir/Core/Src/system_stm32f1xx.c.obj
 .debug_aranges
                0x00000258       0x90 CMakeFiles/DSB1.elf.dir/Core/Src/tim.c.obj
 .debug_aranges
                0x000002e8       0x38 CMakeFiles/DSB1.elf.dir/Core/Src/uart2_dma_tx/uart2_dma_tx.c.obj
 .debug_aranges
                0x00000320       0x30 CMakeFiles/DSB1.elf.dir/Core/Src/usart.c.obj
 .debug_aranges
                0x00000350       0x28 CMakeFiles/DSB1.elf.dir/Core/Startup/startup_stm32f103rctx.s.obj
 .debug_aranges
                0x00000378       0xe0 CMakeFiles/DSB1.elf.dir/Drivers/STM32F1xx_HAL_Driver/Src/stm32f1xx_hal.c.obj
 .debug_aranges
                0x00000458       0x90 CMakeFiles/DSB1.elf.dir/Drivers/STM32F1xx_HAL_Driver/Src/stm32f1xx_hal_cortex.c.obj
 .debug_aranges
                0x000004e8       0x80 CMakeFiles/DSB1.elf.dir/Drivers/STM32F1xx_HAL_Driver/Src/stm32f1xx_hal_dma.c.obj
 .debug_aranges
                0x00000568       0x58 CMakeFiles/DSB1.elf.dir/Drivers/STM32F1xx_HAL_Driver/Src/stm32f1xx_hal_gpio.c.obj
 .debug_aranges
                0x000005c0       0x90 CMakeFiles/DSB1.elf.dir/Drivers/STM32F1xx_HAL_Driver/Src/stm32f1xx_hal_rcc.c.obj
 .debug_aranges
                0x00000650      0x3d0 CMakeFiles/DSB1.elf.dir/Drivers/STM32F1xx_HAL_Driver/Src/stm32f1xx_hal_tim.c.obj
 .debug_aranges
                0x00000a20      0x168 CMakeFiles/DSB1.elf.dir/Drivers/STM32F1xx_HAL_Driver/Src/stm32f1xx_hal_tim_ex.c.obj
 .debug_aranges
                0x00000b88      0x208 CMakeFiles/DSB1.elf.dir/Drivers/STM32F1xx_HAL_Driver/Src/stm32f1xx_hal_uart.c.obj

.debug_ranges   0x00000000      0xd08
 .debug_ranges  0x00000000       0x10 CMakeFiles/DSB1.elf.dir/Core/Src/dma.c.obj
 .debug_ranges  0x00000010       0x10 CMakeFiles/DSB1.elf.dir/Core/Src/gpio.c.obj
 .debug_ranges  0x00000020       0x20 CMakeFiles/DSB1.elf.dir/Core/Src/main.c.obj
 .debug_ranges  0x00000040       0x48 CMakeFiles/DSB1.elf.dir/Core/Src/motor/ax_encoder.c.obj
 .debug_ranges  0x00000088       0x20 CMakeFiles/DSB1.elf.dir/Core/Src/motor/ax_motor.c.obj
 .debug_ranges  0x000000a8       0x28 CMakeFiles/DSB1.elf.dir/Core/Src/motor/motor_pid.c.obj
 .debug_ranges  0x000000d0       0x20 CMakeFiles/DSB1.elf.dir/Core/Src/motor_frame/uart2_motor_frame.c.obj
 .debug_ranges  0x000000f0       0x58 CMakeFiles/DSB1.elf.dir/Core/Src/speed_ramp/speed_ramp.c.obj
 .debug_ranges  0x00000148       0x10 CMakeFiles/DSB1.elf.dir/Core/Src/stm32f1xx_hal_msp.c.obj
 .debug_ranges  0x00000158       0x80 CMakeFiles/DSB1.elf.dir/Core/Src/stm32f1xx_it.c.obj
 .debug_ranges  0x000001d8       0x18 CMakeFiles/DSB1.elf.dir/Core/Src/system_stm32f1xx.c.obj
 .debug_ranges  0x000001f0       0x80 CMakeFiles/DSB1.elf.dir/Core/Src/tim.c.obj
 .debug_ranges  0x00000270       0x28 CMakeFiles/DSB1.elf.dir/Core/Src/uart2_dma_tx/uart2_dma_tx.c.obj
 .debug_ranges  0x00000298       0x20 CMakeFiles/DSB1.elf.dir/Core/Src/usart.c.obj
 .debug_ranges  0x000002b8       0x20 CMakeFiles/DSB1.elf.dir/Core/Startup/startup_stm32f103rctx.s.obj
 .debug_ranges  0x000002d8       0xd0 CMakeFiles/DSB1.elf.dir/Drivers/STM32F1xx_HAL_Driver/Src/stm32f1xx_hal.c.obj
 .debug_ranges  0x000003a8       0xe0 CMakeFiles/DSB1.elf.dir/Drivers/STM32F1xx_HAL_Driver/Src/stm32f1xx_hal_cortex.c.obj
 .debug_ranges  0x00000488       0x70 CMakeFiles/DSB1.elf.dir/Drivers/STM32F1xx_HAL_Driver/Src/stm32f1xx_hal_dma.c.obj
 .debug_ranges  0x000004f8       0x48 CMakeFiles/DSB1.elf.dir/Drivers/STM32F1xx_HAL_Driver/Src/stm32f1xx_hal_gpio.c.obj
 .debug_ranges  0x00000540       0xa0 CMakeFiles/DSB1.elf.dir/Drivers/STM32F1xx_HAL_Driver/Src/stm32f1xx_hal_rcc.c.obj
 .debug_ranges  0x000005e0      0x3c0 CMakeFiles/DSB1.elf.dir/Drivers/STM32F1xx_HAL_Driver/Src/stm32f1xx_hal_tim.c.obj
 .debug_ranges  0x000009a0      0x158 CMakeFiles/DSB1.elf.dir/Drivers/STM32F1xx_HAL_Driver/Src/stm32f1xx_hal_tim_ex.c.obj
 .debug_ranges  0x00000af8      0x210 CMakeFiles/DSB1.elf.dir/Drivers/STM32F1xx_HAL_Driver/Src/stm32f1xx_hal_uart.c.obj

.debug_line     0x00000000    0x10555
 .debug_line    0x00000000      0x191 CMakeFiles/DSB1.elf.dir/Core/Src/dma.c.obj
 .debug_line    0x00000191      0x205 CMakeFiles/DSB1.elf.dir/Core/Src/gpio.c.obj
 .debug_line    0x00000396      0x424 CMakeFiles/DSB1.elf.dir/Core/Src/main.c.obj
 .debug_line    0x000007ba      0x339 CMakeFiles/DSB1.elf.dir/Core/Src/motor/ax_encoder.c.obj
 .debug_line    0x00000af3      0x2fa CMakeFiles/DSB1.elf.dir/Core/Src/motor/ax_motor.c.obj
 .debug_line    0x00000ded      0x3e1 CMakeFiles/DSB1.elf.dir/Core/Src/motor/motor_pid.c.obj
 .debug_line    0x000011ce      0x3f9 CMakeFiles/DSB1.elf.dir/Core/Src/motor_frame/uart2_motor_frame.c.obj
 .debug_line    0x000015c7      0x23e CMakeFiles/DSB1.elf.dir/Core/Src/speed_ramp/speed_ramp.c.obj
 .debug_line    0x00001805      0x15e CMakeFiles/DSB1.elf.dir/Core/Src/stm32f1xx_hal_msp.c.obj
 .debug_line    0x00001963      0x4a4 CMakeFiles/DSB1.elf.dir/Core/Src/stm32f1xx_it.c.obj
 .debug_line    0x00001e07      0x228 CMakeFiles/DSB1.elf.dir/Core/Src/system_stm32f1xx.c.obj
 .debug_line    0x0000202f      0xa2f CMakeFiles/DSB1.elf.dir/Core/Src/tim.c.obj
 .debug_line    0x00002a5e      0x3cb CMakeFiles/DSB1.elf.dir/Core/Src/uart2_dma_tx/uart2_dma_tx.c.obj
 .debug_line    0x00002e29      0x365 CMakeFiles/DSB1.elf.dir/Core/Src/usart.c.obj
 .debug_line    0x0000318e       0x94 CMakeFiles/DSB1.elf.dir/Core/Startup/startup_stm32f103rctx.s.obj
 .debug_line    0x00003222      0x530 CMakeFiles/DSB1.elf.dir/Drivers/STM32F1xx_HAL_Driver/Src/stm32f1xx_hal.c.obj
 .debug_line    0x00003752      0x62b CMakeFiles/DSB1.elf.dir/Drivers/STM32F1xx_HAL_Driver/Src/stm32f1xx_hal_cortex.c.obj
 .debug_line    0x00003d7d      0xce4 CMakeFiles/DSB1.elf.dir/Drivers/STM32F1xx_HAL_Driver/Src/stm32f1xx_hal_dma.c.obj
 .debug_line    0x00004a61      0x5e7 CMakeFiles/DSB1.elf.dir/Drivers/STM32F1xx_HAL_Driver/Src/stm32f1xx_hal_gpio.c.obj
 .debug_line    0x00005048      0xc10 CMakeFiles/DSB1.elf.dir/Drivers/STM32F1xx_HAL_Driver/Src/stm32f1xx_hal_rcc.c.obj
 .debug_line    0x00005c58     0x4a41 CMakeFiles/DSB1.elf.dir/Drivers/STM32F1xx_HAL_Driver/Src/stm32f1xx_hal_tim.c.obj
 .debug_line    0x0000a699     0x1c23 CMakeFiles/DSB1.elf.dir/Drivers/STM32F1xx_HAL_Driver/Src/stm32f1xx_hal_tim_ex.c.obj
 .debug_line    0x0000c2bc     0x4299 CMakeFiles/DSB1.elf.dir/Drivers/STM32F1xx_HAL_Driver/Src/stm32f1xx_hal_uart.c.obj

.debug_str      0x00000000     0x3e64
 .debug_str     0x00000000      0x59f CMakeFiles/DSB1.elf.dir/Core/Src/dma.c.obj
                                0x5dc (size before relaxing)
 .debug_str     0x0000059f       0xb7 CMakeFiles/DSB1.elf.dir/Core/Src/gpio.c.obj
                                0x295 (size before relaxing)
 .debug_str     0x00000656      0x705 CMakeFiles/DSB1.elf.dir/Core/Src/main.c.obj
                                0x988 (size before relaxing)
 .debug_str     0x00000d5b      0x133 CMakeFiles/DSB1.elf.dir/Core/Src/motor/ax_encoder.c.obj
                                0x7a3 (size before relaxing)
 .debug_str     0x00000e8e      0x11b CMakeFiles/DSB1.elf.dir/Core/Src/motor/ax_motor.c.obj
                                0x7cb (size before relaxing)
 .debug_str     0x00000fa9      0x101 CMakeFiles/DSB1.elf.dir/Core/Src/motor/motor_pid.c.obj
                                0x811 (size before relaxing)
 .debug_str     0x000010aa      0x2f0 CMakeFiles/DSB1.elf.dir/Core/Src/motor_frame/uart2_motor_frame.c.obj
                                0x6fa (size before relaxing)
 .debug_str     0x0000139a       0x60 CMakeFiles/DSB1.elf.dir/Core/Src/speed_ramp/speed_ramp.c.obj
                                0x244 (size before relaxing)
 .debug_str     0x000013fa       0x67 CMakeFiles/DSB1.elf.dir/Core/Src/stm32f1xx_hal_msp.c.obj
                                0x237 (size before relaxing)
 .debug_str     0x00001461      0x19c CMakeFiles/DSB1.elf.dir/Core/Src/stm32f1xx_it.c.obj
                                0xa67 (size before relaxing)
 .debug_str     0x000015fd       0x8b CMakeFiles/DSB1.elf.dir/Core/Src/system_stm32f1xx.c.obj
                                0x26c (size before relaxing)
 .debug_str     0x00001688      0x3ea CMakeFiles/DSB1.elf.dir/Core/Src/tim.c.obj
                                0xfdb (size before relaxing)
 .debug_str     0x00001a72       0x95 CMakeFiles/DSB1.elf.dir/Core/Src/uart2_dma_tx/uart2_dma_tx.c.obj
                                0x6d8 (size before relaxing)
 .debug_str     0x00001b07       0x7a CMakeFiles/DSB1.elf.dir/Core/Src/usart.c.obj
                                0xaf8 (size before relaxing)
 .debug_str     0x00001b81       0x43 CMakeFiles/DSB1.elf.dir/Core/Startup/startup_stm32f103rctx.s.obj
                                 0x65 (size before relaxing)
 .debug_str     0x00001bc4      0x311 CMakeFiles/DSB1.elf.dir/Drivers/STM32F1xx_HAL_Driver/Src/stm32f1xx_hal.c.obj
                                0x920 (size before relaxing)
 .debug_str     0x00001ed5      0x3a1 CMakeFiles/DSB1.elf.dir/Drivers/STM32F1xx_HAL_Driver/Src/stm32f1xx_hal_cortex.c.obj
                                0x9cf (size before relaxing)
 .debug_str     0x00002276      0x21d CMakeFiles/DSB1.elf.dir/Drivers/STM32F1xx_HAL_Driver/Src/stm32f1xx_hal_dma.c.obj
                                0x615 (size before relaxing)
 .debug_str     0x00002493      0x114 CMakeFiles/DSB1.elf.dir/Drivers/STM32F1xx_HAL_Driver/Src/stm32f1xx_hal_gpio.c.obj
                                0x418 (size before relaxing)
 .debug_str     0x000025a7      0x201 CMakeFiles/DSB1.elf.dir/Drivers/STM32F1xx_HAL_Driver/Src/stm32f1xx_hal_rcc.c.obj
                                0x643 (size before relaxing)
 .debug_str     0x000027a8      0xc9e CMakeFiles/DSB1.elf.dir/Drivers/STM32F1xx_HAL_Driver/Src/stm32f1xx_hal_tim.c.obj
                               0x1667 (size before relaxing)
 .debug_str     0x00003446      0x47f CMakeFiles/DSB1.elf.dir/Drivers/STM32F1xx_HAL_Driver/Src/stm32f1xx_hal_tim_ex.c.obj
                                0xe58 (size before relaxing)
 .debug_str     0x000038c5      0x59f CMakeFiles/DSB1.elf.dir/Drivers/STM32F1xx_HAL_Driver/Src/stm32f1xx_hal_uart.c.obj
                                0xd0c (size before relaxing)

.comment        0x00000000       0x49
 .comment       0x00000000       0x49 CMakeFiles/DSB1.elf.dir/Core/Src/dma.c.obj
                                 0x4a (size before relaxing)
 .comment       0x00000049       0x4a CMakeFiles/DSB1.elf.dir/Core/Src/gpio.c.obj
 .comment       0x00000049       0x4a CMakeFiles/DSB1.elf.dir/Core/Src/main.c.obj
 .comment       0x00000049       0x4a CMakeFiles/DSB1.elf.dir/Core/Src/motor/ax_encoder.c.obj
 .comment       0x00000049       0x4a CMakeFiles/DSB1.elf.dir/Core/Src/motor/ax_motor.c.obj
 .comment       0x00000049       0x4a CMakeFiles/DSB1.elf.dir/Core/Src/motor/motor_pid.c.obj
 .comment       0x00000049       0x4a CMakeFiles/DSB1.elf.dir/Core/Src/motor_frame/uart2_motor_frame.c.obj
 .comment       0x00000049       0x4a CMakeFiles/DSB1.elf.dir/Core/Src/speed_ramp/speed_ramp.c.obj
 .comment       0x00000049       0x4a CMakeFiles/DSB1.elf.dir/Core/Src/stm32f1xx_hal_msp.c.obj
 .comment       0x00000049       0x4a CMakeFiles/DSB1.elf.dir/Core/Src/stm32f1xx_it.c.obj
 .comment       0x00000049       0x4a CMakeFiles/DSB1.elf.dir/Core/Src/system_stm32f1xx.c.obj
 .comment       0x00000049       0x4a CMakeFiles/DSB1.elf.dir/Core/Src/tim.c.obj
 .comment       0x00000049       0x4a CMakeFiles/DSB1.elf.dir/Core/Src/uart2_dma_tx/uart2_dma_tx.c.obj
 .comment       0x00000049       0x4a CMakeFiles/DSB1.elf.dir/Core/Src/usart.c.obj
 .comment       0x00000049       0x4a CMakeFiles/DSB1.elf.dir/Drivers/STM32F1xx_HAL_Driver/Src/stm32f1xx_hal.c.obj
 .comment       0x00000049       0x4a CMakeFiles/DSB1.elf.dir/Drivers/STM32F1xx_HAL_Driver/Src/stm32f1xx_hal_cortex.c.obj
 .comment       0x00000049       0x4a CMakeFiles/DSB1.elf.dir/Drivers/STM32F1xx_HAL_Driver/Src/stm32f1xx_hal_dma.c.obj
 .comment       0x00000049       0x4a CMakeFiles/DSB1.elf.dir/Drivers/STM32F1xx_HAL_Driver/Src/stm32f1xx_hal_gpio.c.obj
 .comment       0x00000049       0x4a CMakeFiles/DSB1.elf.dir/Drivers/STM32F1xx_HAL_Driver/Src/stm32f1xx_hal_rcc.c.obj
 .comment       0x00000049       0x4a CMakeFiles/DSB1.elf.dir/Drivers/STM32F1xx_HAL_Driver/Src/stm32f1xx_hal_tim.c.obj
 .comment       0x00000049       0x4a CMakeFiles/DSB1.elf.dir/Drivers/STM32F1xx_HAL_Driver/Src/stm32f1xx_hal_tim_ex.c.obj
 .comment       0x00000049       0x4a CMakeFiles/DSB1.elf.dir/Drivers/STM32F1xx_HAL_Driver/Src/stm32f1xx_hal_uart.c.obj

.debug_frame    0x00000000     0x245c
 .debug_frame   0x00000000       0x2c CMakeFiles/DSB1.elf.dir/Core/Src/dma.c.obj
 .debug_frame   0x0000002c       0x38 CMakeFiles/DSB1.elf.dir/Core/Src/gpio.c.obj
 .debug_frame   0x00000064       0x58 CMakeFiles/DSB1.elf.dir/Core/Src/main.c.obj
 .debug_frame   0x000000bc       0xb8 CMakeFiles/DSB1.elf.dir/Core/Src/motor/ax_encoder.c.obj
 .debug_frame   0x00000174       0x64 CMakeFiles/DSB1.elf.dir/Core/Src/motor/ax_motor.c.obj
 .debug_frame   0x000001d8       0x74 CMakeFiles/DSB1.elf.dir/Core/Src/motor/motor_pid.c.obj
 .debug_frame   0x0000024c       0x54 CMakeFiles/DSB1.elf.dir/Core/Src/motor_frame/uart2_motor_frame.c.obj
 .debug_frame   0x000002a0       0x2c CMakeFiles/DSB1.elf.dir/Core/Src/speed_ramp/speed_ramp.c.obj
 .debug_frame   0x000002cc       0x28 CMakeFiles/DSB1.elf.dir/Core/Src/stm32f1xx_hal_msp.c.obj
 .debug_frame   0x000002f4      0x138 CMakeFiles/DSB1.elf.dir/Core/Src/stm32f1xx_it.c.obj
 .debug_frame   0x0000042c       0x30 CMakeFiles/DSB1.elf.dir/Core/Src/system_stm32f1xx.c.obj
 .debug_frame   0x0000045c      0x1cc CMakeFiles/DSB1.elf.dir/Core/Src/tim.c.obj
 .debug_frame   0x00000628       0x64 CMakeFiles/DSB1.elf.dir/Core/Src/uart2_dma_tx/uart2_dma_tx.c.obj
 .debug_frame   0x0000068c       0x64 CMakeFiles/DSB1.elf.dir/Core/Src/usart.c.obj
 .debug_frame   0x000006f0      0x1cc CMakeFiles/DSB1.elf.dir/Drivers/STM32F1xx_HAL_Driver/Src/stm32f1xx_hal.c.obj
 .debug_frame   0x000008bc      0x118 CMakeFiles/DSB1.elf.dir/Drivers/STM32F1xx_HAL_Driver/Src/stm32f1xx_hal_cortex.c.obj
 .debug_frame   0x000009d4      0x140 CMakeFiles/DSB1.elf.dir/Drivers/STM32F1xx_HAL_Driver/Src/stm32f1xx_hal_dma.c.obj
 .debug_frame   0x00000b14       0xe4 CMakeFiles/DSB1.elf.dir/Drivers/STM32F1xx_HAL_Driver/Src/stm32f1xx_hal_gpio.c.obj
 .debug_frame   0x00000bf8      0x184 CMakeFiles/DSB1.elf.dir/Drivers/STM32F1xx_HAL_Driver/Src/stm32f1xx_hal_rcc.c.obj
 .debug_frame   0x00000d7c      0xb08 CMakeFiles/DSB1.elf.dir/Drivers/STM32F1xx_HAL_Driver/Src/stm32f1xx_hal_tim.c.obj
 .debug_frame   0x00001884      0x40c CMakeFiles/DSB1.elf.dir/Drivers/STM32F1xx_HAL_Driver/Src/stm32f1xx_hal_tim_ex.c.obj
 .debug_frame   0x00001c90      0x5e0 CMakeFiles/DSB1.elf.dir/Drivers/STM32F1xx_HAL_Driver/Src/stm32f1xx_hal_uart.c.obj
 .debug_frame   0x00002270       0x2c e:/gcc-arm-none-eabi-10.3-2021.10/bin/../lib/gcc/arm-none-eabi/10.3.1/../../../../arm-none-eabi/lib/thumb/v7-m/nofp\libg.a(lib_a-init.o)
 .debug_frame   0x0000229c       0x2c e:/gcc-arm-none-eabi-10.3-2021.10/bin/../lib/gcc/arm-none-eabi/10.3.1/../../../../arm-none-eabi/lib/thumb/v7-m/nofp\libg.a(lib_a-memset.o)
 .debug_frame   0x000022c8       0x5c e:/gcc-arm-none-eabi-10.3-2021.10/bin/../lib/gcc/arm-none-eabi/10.3.1/../../../../arm-none-eabi/lib/thumb/v7-m/nofp\libg.a(lib_a-__call_atexit.o)
 .debug_frame   0x00002324       0x20 e:/gcc-arm-none-eabi-10.3-2021.10/bin/../lib/gcc/arm-none-eabi/10.3.1/../../../../arm-none-eabi/lib/thumb/v7-m/nofp\libg.a(lib_a-atexit.o)
 .debug_frame   0x00002344       0x34 e:/gcc-arm-none-eabi-10.3-2021.10/bin/../lib/gcc/arm-none-eabi/10.3.1/../../../../arm-none-eabi/lib/thumb/v7-m/nofp\libg.a(lib_a-fini.o)
 .debug_frame   0x00002378       0xb0 e:/gcc-arm-none-eabi-10.3-2021.10/bin/../lib/gcc/arm-none-eabi/10.3.1/../../../../arm-none-eabi/lib/thumb/v7-m/nofp\libg.a(lib_a-lock.o)
 .debug_frame   0x00002428       0x34 e:/gcc-arm-none-eabi-10.3-2021.10/bin/../lib/gcc/arm-none-eabi/10.3.1/../../../../arm-none-eabi/lib/thumb/v7-m/nofp\libg.a(lib_a-__atexit.o)

.debug_loc      0x00000000     0xdc44
 .debug_loc     0x00000000       0xf3 CMakeFiles/DSB1.elf.dir/Core/Src/motor/ax_encoder.c.obj
 .debug_loc     0x000000f3      0x302 CMakeFiles/DSB1.elf.dir/Core/Src/motor/ax_motor.c.obj
 .debug_loc     0x000003f5      0x29c CMakeFiles/DSB1.elf.dir/Core/Src/motor/motor_pid.c.obj
 .debug_loc     0x00000691       0x68 CMakeFiles/DSB1.elf.dir/Core/Src/motor_frame/uart2_motor_frame.c.obj
 .debug_loc     0x000006f9       0xdc CMakeFiles/DSB1.elf.dir/Core/Src/speed_ramp/speed_ramp.c.obj
 .debug_loc     0x000007d5       0x15 CMakeFiles/DSB1.elf.dir/Core/Src/stm32f1xx_hal_msp.c.obj
 .debug_loc     0x000007ea       0x42 CMakeFiles/DSB1.elf.dir/Core/Src/stm32f1xx_it.c.obj
 .debug_loc     0x0000082c       0xff CMakeFiles/DSB1.elf.dir/Core/Src/system_stm32f1xx.c.obj
 .debug_loc     0x0000092b      0x2a1 CMakeFiles/DSB1.elf.dir/Core/Src/tim.c.obj
 .debug_loc     0x00000bcc      0x12e CMakeFiles/DSB1.elf.dir/Core/Src/uart2_dma_tx/uart2_dma_tx.c.obj
 .debug_loc     0x00000cfa       0x71 CMakeFiles/DSB1.elf.dir/Core/Src/usart.c.obj
 .debug_loc     0x00000d6b      0x141 CMakeFiles/DSB1.elf.dir/Drivers/STM32F1xx_HAL_Driver/Src/stm32f1xx_hal.c.obj
 .debug_loc     0x00000eac      0x71f CMakeFiles/DSB1.elf.dir/Drivers/STM32F1xx_HAL_Driver/Src/stm32f1xx_hal_cortex.c.obj
 .debug_loc     0x000015cb      0x7ce CMakeFiles/DSB1.elf.dir/Drivers/STM32F1xx_HAL_Driver/Src/stm32f1xx_hal_dma.c.obj
 .debug_loc     0x00001d99      0x47d CMakeFiles/DSB1.elf.dir/Drivers/STM32F1xx_HAL_Driver/Src/stm32f1xx_hal_gpio.c.obj
 .debug_loc     0x00002216      0x618 CMakeFiles/DSB1.elf.dir/Drivers/STM32F1xx_HAL_Driver/Src/stm32f1xx_hal_rcc.c.obj
 .debug_loc     0x0000282e     0x50ae CMakeFiles/DSB1.elf.dir/Drivers/STM32F1xx_HAL_Driver/Src/stm32f1xx_hal_tim.c.obj
 .debug_loc     0x000078dc     0x1cad CMakeFiles/DSB1.elf.dir/Drivers/STM32F1xx_HAL_Driver/Src/stm32f1xx_hal_tim_ex.c.obj
 .debug_loc     0x00009589     0x46bb CMakeFiles/DSB1.elf.dir/Drivers/STM32F1xx_HAL_Driver/Src/stm32f1xx_hal_uart.c.obj
